<html>
<body>
<pre>
<h1>µVision Build Log</h1>
<h2>Tool Versions:</h2>
IDE-Version: µVision V5.17.0.0
Copyright (C) 2015 ARM Ltd and ARM Germany GmbH. All rights reserved.
License Information: home home, home, LIC=TIVNB-2Y5LT-CX0U6-DJQ04-S64JA-9NQD9
 
Tool Versions:
Toolchain:       MDK-ARM Standard  Version: 5.17
Toolchain Path:  C:\Keil_v5\ARM\ARMCC\Bin
C Compiler:      Armcc.exe V5.06 update 1 (build 61)
Assembler:       Armasm.exe V5.06 update 1 (build 61)
Linker/Locator:  ArmLink.exe V5.06 update 1 (build 61)
Library Manager: ArmAr.exe V5.06 update 1 (build 61)
Hex Converter:   FromElf.exe V5.06 update 1 (build 61)
CPU DLL:         SARMCM3.DLL V5.17
Dialog DLL:      DARMCM1.DLL V1.12.0.0
Target DLL:      STLink\ST-LINKIII-KEIL_SWO.dll V2.0.18.0
Dialog DLL:      TARMCM1.DLL V1.9.0.0
 
<h2>Project:</h2>
D:\02_Keil5_17_Project\01_KeilProjects_NEW8000\In Work\NEW8000_SB\NEW8000SBV1_SWv001\new8000sbV1_sw001.uvprojx
Project File Date:  10/09/2020

<h2>Output:</h2>
*** Using Compiler 'V5.06 update 1 (build 61)', folder: 'C:\Keil_v5\ARM\ARMCC\Bin'
Rebuild target 'Target 1'
assembling startup_stm32f070x6.s...
compiling system_stm32f0xx.c...
compiling adc_ST.c...
compiling crc16.c...
compiling gpio_ST.c...
compiling sys_ST.c...
compiling sys_tick_ST.c...
compiling uart_ST.c...
compiling dma_ST.c...
compiling Blink.c...
compiling Siren.c...
compiling Rs485.c...
compiling SB_SirenBoard.c...
compiling FsmMessage.c...
compiling main.c...
compiling Scheduler.c...
compiling SwTimers.c...
linking...
Program Size: Code=5052 RO-data=224 RW-data=548 ZI-data=3684  
FromELF: creating hex file...
".\OutFiles\new8000sbV1_sw001.axf" - 0 Error(s), 0 Warning(s).

<h2>Collection of Component include folders:</h2>
  D:\02_Keil5_17_Project\01_KeilProjects_NEW8000\In Work\NEW8000_SB\NEW8000SBV1_SWv001\RTE
  C:\Keil_v5\ARM\PACK\Keil\STM32F0xx_DFP\2.0.0\Drivers\CMSIS\Device\ST\STM32F0xx\Include

<h2>Collection of Component Files used:</h2>
Build Time Elapsed:  00:00:04
</pre>
</body>
</html>
