<html>
<body>
<pre>
<h1>µVision Build Log</h1>
<h2>Tool Versions:</h2>
IDE-Version: µVision V5.17.0.0
Copyright (C) 2015 ARM Ltd and ARM Germany GmbH. All rights reserved.
License Information: qwerty Zverdv, Russia, LIC=----
 
Tool Versions:
Toolchain:       MDK-Lite  Version: 5.17
Toolchain Path:  C:\Keil_v5\ARM\ARMCC\Bin
C Compiler:      Armcc.exe V5.06 update 1 (build 61)
Assembler:       Armasm.exe V5.06 update 1 (build 61)
Linker/Locator:  ArmLink.exe V5.06 update 1 (build 61)
Library Manager: ArmAr.exe V5.06 update 1 (build 61)
Hex Converter:   FromElf.exe V5.06 update 1 (build 61)
CPU DLL:         SARMCM3.DLL V5.17
Dialog DLL:      DARMSTM.DLL V1.65.0.0
Target DLL:      STLink\ST-LINKIII-KEIL_SWO.dll V2.0.18.0
Dialog DLL:      TARMSTM.DLL V1.64.0.0
 
<h2>Project:</h2>
D:\02_ROXTON\01_Work_home\02_Keil5_17_Project\01_KeilProjects_NEW8000\NEW8000_FP\STM32F103_NEW8000FPV2_SWv002\STM32F103_NEW8000FPV2_SWv002.uvproj
Project File Date:  04/07/2020

<h2>Output:</h2>
*** Using Compiler 'V5.06 update 1 (build 61)', folder: 'C:\Keil_v5\ARM\ARMCC\Bin'
Rebuild target 'New8000FPV2_SWv002'
assembling startup_stm32f10x_md.s...
compiling ascii_lm6063.c...
compiling core_cm3.c...
compiling ascii_st7565p.c...
compiling system_stm32f10x.c...
compiling main.c...
compiling adc_ST.c...
compiling ascii_wg12864.c...
compiling LogoRoxton.c...
compiling crc16.c...
compiling gpio_ST.c...
compiling lcd_3_Wire.c...
compiling LM6063D.c...
compiling lcd12864.c...
compiling symtable.c...
compiling sm1628.c...
compiling rtc_ST.c...
compiling spi_ST.c...
compiling sys_tick_ST.c...
compiling sys_ST.c...
compiling timers_ST.c...
compiling Buttons.c...
compiling uart_ST.c...
compiling Led.c...
compiling LineCheck.c...
compiling Relay.c...
compiling Rtc.c...
compiling MenuLcd12864.c...
compiling RTOS.c...
linking...
Program Size: Code=16438 RO-data=3774 RW-data=532 ZI-data=3332  
FromELF: creating hex file...
".\OutFile\STM32F103_NEW8000FPV2_SWv002.axf" - 0 Error(s), 0 Warning(s).
Build Time Elapsed:  00:00:02
</pre>
</body>
</html>
