<html>
<body>
<pre>
<h1>µVision Build Log</h1>
<h2>Tool Versions:</h2>
IDE-Version: µVision V5.17.0.0
Copyright (C) 2015 ARM Ltd and ARM Germany GmbH. All rights reserved.
License Information: home home, home, LIC=TIVNB-2Y5LT-CX0U6-DJQ04-S64JA-9NQD9
 
Tool Versions:
Toolchain:       MDK-ARM Standard  Version: 5.17
Toolchain Path:  C:\Keil_v5\ARM\ARMCC\Bin
C Compiler:      Armcc.exe V5.06 update 1 (build 61)
Assembler:       Armasm.exe V5.06 update 1 (build 61)
Linker/Locator:  ArmLink.exe V5.06 update 1 (build 61)
Library Manager: ArmAr.exe V5.06 update 1 (build 61)
Hex Converter:   FromElf.exe V5.06 update 1 (build 61)
CPU DLL:         SARMCM3.DLL V5.17
Dialog DLL:      DARMSTM.DLL V1.65.0.0
Target DLL:      STLink\ST-LINKIII-KEIL_SWO.dll V2.0.18.0
Dialog DLL:      TARMSTM.DLL V1.64.0.0
 
<h2>Project:</h2>
D:\05_NEW8000\09_NEW8000_Soft\New8000\In Work\NEW8000_MB\NEW8000MBV2_SWv003_\NEW8000MBV2_SWv003_.uvproj
Project File Date:  10/23/2020

<h2>Output:</h2>
*** Using Compiler 'V5.06 update 1 (build 61)', folder: 'C:\Keil_v5\ARM\ARMCC\Bin'
Rebuild target 'NEW8000MBV2_SWv003_'
assembling startup_stm32f10x_md.s...
compiling adc_ST.c...
compiling core_cm3.c...
compiling crc16.c...
compiling dma_ST.c...
compiling gpio_ST.c...
compiling lcd_3_Wire.c...
compiling rtc_ST.c...
compiling spi_ST.c...
compiling sys_ST.c...
compiling sys_tick_ST.c...
compiling timers_ST.c...
compiling uart_ST.c...
compiling Amplifier.c...
compiling AnalogSwitch.c...
compiling Blink.c...
compiling Buttons.c...
compiling Config.c...
compiling EepM95128.c...
compiling Jq6500.c...
compiling Faults.c...
compiling LineCheck.c...
compiling PojLine.c...
compiling Logging.c...
compiling PowerAndCharge.c...
compiling Time.c...
compiling Rs485.c...
compiling Relay.c...
compiling Scheduler.c...
compiling FsmMessage.c...
compiling Zummer.c...
compiling SwTimers.c...
compiling FP_FacePanel.c...
compiling main.c...
compiling MB_MotherBoard.c...
compiling SB_SirenBoard.c...
linking...
Program Size: Code=15284 RO-data=312 RW-data=704 ZI-data=3392  
FromELF: creating hex file...
".\Objects\NEW8000MBV2_SWv003_.axf" - 0 Error(s), 0 Warning(s).
Build Time Elapsed:  00:00:07
</pre>
</body>
</html>
