<html>
<body>
<pre>
<h1>µVision Build Log</h1>
<h2>Tool Versions:</h2>
IDE-Version: µVision V5.17.0.0
Copyright (C) 2015 ARM Ltd and ARM Germany GmbH. All rights reserved.
License Information: home home, home, LIC=D0D7S-LKAPC-X7HRZ-J5CJM-N10VZ-DZPWC
 
Tool Versions:
Toolchain:       MDK-ARM Standard  Version: 5.17
Toolchain Path:  C:\Keil_v5\ARM\ARMCC\Bin
C Compiler:      Armcc.exe V5.06 update 1 (build 61)
Assembler:       Armasm.exe V5.06 update 1 (build 61)
Linker/Locator:  ArmLink.exe V5.06 update 1 (build 61)
Library Manager: ArmAr.exe V5.06 update 1 (build 61)
Hex Converter:   FromElf.exe V5.06 update 1 (build 61)
CPU DLL:         SARMCM3.DLL V5.17
Dialog DLL:      DARMSTM.DLL V1.65.0.0
Target DLL:      STLink\ST-LINKIII-KEIL_SWO.dll V2.0.18.0
Dialog DLL:      TARMSTM.DLL V1.64.0.0
 
<h2>Project:</h2>
D:\02_Keil5_17_Project\01_KeilProjects_NEW8000\In Work\NEW8000_MB\NEW8000MBV2_SWv002\STM32F103_NEW8000MBV2_SWv002.uvprojx
Project File Date:  07/23/2020

<h2>Output:</h2>
*** Using Compiler 'V5.06 update 1 (build 61)', folder: 'C:\Keil_v5\ARM\ARMCC\Bin'
Rebuild target 'stm32f103_new8000MBv2_sw002'
assembling startup_stm32f10x_md.s...
compiling system_stm32f10x.c...
compiling main.c...
compiling adc_ST.c...
compiling crc16.c...
compiling gpio_ST.c...
compiling lcd_3_Wire.c...
compiling rtc_ST.c...
compiling spi_ST.c...
compiling sys_ST.c...
compiling sys_tick_ST.c...
compiling timers_ST.c...
compiling dma_ST.c...
compiling uart_ST.c...
compiling RTOS.c...
compiling Amplifier.c...
compiling Buttons.c...
compiling Eep.c...
compiling Jq6500.c...
compiling LineCheck.c...
compiling PowerAndCharge.c...
compiling Relay.c...
compiling Rs485.c...
compiling Logging.c...
compiling Blink.c...
compiling Time.c...
compiling PojLine.c...
compiling Faults.c...
compiling VirtMachine.c...
compiling MB_MotherBoard.c...
compiling Config.c...
compiling FP_FacePanel.c...
compiling SB_SirenBoard.c...
compiling FsmMessage.c...
compiling SwTimers.c...
linking...
Program Size: Code=14654 RO-data=310 RW-data=692 ZI-data=13892  
FromELF: creating hex file...
".\OutFiles\STM32F103_NEW8000MBV2_SWv002.axf" - 0 Error(s), 0 Warning(s).

<h2>Collection of Component include folders:</h2>
  D:\02_Keil5_17_Project\01_KeilProjects_NEW8000\In Work\NEW8000_MB\NEW8000MBV2_SWv002\RTE
  C:\Keil_v5\ARM\PACK\Keil\STM32F1xx_DFP\2.3.0\Device\Include

<h2>Collection of Component Files used:</h2>
Build Time Elapsed:  00:00:08
</pre>
</body>
</html>
