Component: ARM Compiler 5.06 update 1 (build 61) Tool: armlink [4d35a8]

==============================================================================

Section Cross References

    system_stm32f10x.o(.text) refers to system_stm32f10x.o(.data) for SystemCoreClock
    startup_stm32f10x_md.o(STACK) refers (Special) to heapauxi.o(.text) for __use_two_region_memory
    startup_stm32f10x_md.o(HEAP) refers (Special) to heapauxi.o(.text) for __use_two_region_memory
    startup_stm32f10x_md.o(RESET) refers (Special) to heapauxi.o(.text) for __use_two_region_memory
    startup_stm32f10x_md.o(RESET) refers to startup_stm32f10x_md.o(STACK) for __initial_sp
    startup_stm32f10x_md.o(RESET) refers to startup_stm32f10x_md.o(.text) for Reset_Handler
    startup_stm32f10x_md.o(RESET) refers to sys_st.o(.text) for NMI_Handler
    startup_stm32f10x_md.o(RESET) refers to main.o(.text) for SysTick_Handler
    startup_stm32f10x_md.o(RESET) refers to rtc_st.o(.text) for RTC_IRQHandler
    startup_stm32f10x_md.o(RESET) refers to uart_st.o(.text) for DMA1_Channel4_IRQHandler
    startup_stm32f10x_md.o(RESET) refers to spi_st.o(.text) for SPI2_IRQHandler
    startup_stm32f10x_md.o(.text) refers (Special) to heapauxi.o(.text) for __use_two_region_memory
    startup_stm32f10x_md.o(.text) refers to __main.o(!!!main) for __main
    startup_stm32f10x_md.o(.text) refers to startup_stm32f10x_md.o(HEAP) for Heap_Mem
    startup_stm32f10x_md.o(.text) refers to startup_stm32f10x_md.o(STACK) for Stack_Mem
    main.o(.text) refers to relay.o(.text) for ZoneSet
    main.o(.text) refers to amplifier.o(.text) for AmpControl
    main.o(.text) refers to jq6500.o(.text) for VoiceMessage
    main.o(.text) refers to rtos.o(.text) for RTOS_SetTimerTask
    main.o(.text) refers to buttons.o(.text) for ButClrToggleState
    main.o(.text) refers to main.o(.bss) for ParamForFlashUNION
    main.o(.text) refers to main.o(.data) for Blink250mSReg
    main.o(.text) refers to rs485.o(.text) for RS485RxGetBufPtr
    main.o(.text) refers to sb_sirenboard.o(.text) for SirenSaveStatus
    main.o(.text) refers to timers_st.o(.text) for ZummerBeep
    main.o(.text) refers to sys_st.o(.text) for Stm32FlashWriteBuf
    main.o(.text) refers to rtc_st.o(.text) for SetCounterRTC
    main.o(.text) refers to linecheck.o(.text) for LcSaveRef
    main.o(.text) refers to powerandcharge.o(.text) for PowerGetStatus
    main.o(.text) refers to adc_st.o(.text) for MeasFlagGet
    main.o(.text) refers to gpio_st.o(.text) for GpioInit
    main.o(.text) refers to spi_st.o(.text) for Spi2Init
    main.o(.text) refers to sys_tick_st.o(.text) for SysTickInit
    adc_st.o(.text) refers to adc_st.o(.data) for MeasFlagReg
    adc_st.o(.text) refers to adc_st.o(.bss) for PojLineAvrMeasSTR
    crc16.o(.text) refers to crc16.o(.data) for Crc16Table
    gpio_st.o(.text) refers to gpio_st.o(.data) for mScount
    timers_st.o(.text) refers to buttons.o(.text) for ButClrToggleState
    timers_st.o(.text) refers to timers_st.o(.data) for FaultState
    uart_st.o(.text) refers to rs485.o(.text) for RS485RxPacket
    uart_st.o(.text) refers to uart_st.o(.data) for U1WorkReg
    rtos.o(.text) refers to sys_tick_st.o(.text) for SysTickInit
    rtos.o(.text) refers to rtos.o(.bss) for TaskQueue
    rtos.o(.text) refers to rtos.o(.data) for RtosTickCount
    amplifier.o(.text) refers to gpio_st.o(.text) for GpioGetState
    amplifier.o(.text) refers to amplifier.o(.data) for AmpStatReg
    buttons.o(.text) refers to buttons.o(.data) for ButStateSTR2
    eep.o(.text) refers to spi_st.o(.text) for Spi2SendData
    eep.o(.text) refers to eep.o(.data) for EepHeaderUNION
    jq6500.o(.text) refers to uart_st.o(.text) for Uart1Init
    jq6500.o(.text) refers to jq6500.o(.data) for state
    jq6500.o(.text) refers to jq6500.o(.constdata) for JqCmdChipResetArray
    linecheck.o(.text) refers to adc_st.o(.text) for LcGetValue
    linecheck.o(.text) refers to linecheck.o(.bss) for LcStateUNION
    linecheck.o(.text) refers to linecheck.o(.data) for LcFlagRef
    powerandcharge.o(.text) refers to adc_st.o(.text) for BatLevel
    powerandcharge.o(.text) refers to powerandcharge.o(.data) for mScount
    relay.o(.text) refers to spi_st.o(.text) for Spi2SendData
    relay.o(.text) refers to relay.o(.data) for StpicSostReg
    rs485.o(.text) refers to uart_st.o(.text) for Uart3Init
    rs485.o(.text) refers to crc16.o(.text) for Get_Crc16
    rs485.o(.text) refers to linecheck.o(.text) for LcGetStatus
    rs485.o(.text) refers to relay.o(.text) for ZoneGetStatus
    rs485.o(.text) refers to adc_st.o(.text) for PojLineGetStatus
    rs485.o(.text) refers to powerandcharge.o(.text) for PowerBatGetStatus
    rs485.o(.text) refers to amplifier.o(.text) for AmpGetStat
    rs485.o(.text) refers to rtc_st.o(.text) for GetCounterRTC
    rs485.o(.text) refers to dflt_clz.o(x$fpl$dfltu) for __aeabi_ui2d
    rs485.o(.text) refers to dmul.o(x$fpl$dmul) for __aeabi_dmul
    rs485.o(.text) refers to dfixu.o(x$fpl$dfixu) for __aeabi_d2uiz
    rs485.o(.text) refers to sb_sirenboard.o(.text) for SirenGetStatus
    rs485.o(.text) refers to rs485.o(.data) for RS485ProtocolTimeOut
    rs485.o(.text) refers to rs485.o(.bss) for RS485RxBufUNION
    sb_sirenboard.o(.text) refers to crc16.o(.text) for Get_Crc16
    sb_sirenboard.o(.text) refers to sb_sirenboard.o(.data) for SirenStatusSTR
    sb_sirenboard.o(.text) refers to sb_sirenboard.o(.bss) for SirenCmdSTR
    __main.o(!!!main) refers to __rtentry.o(.ARM.Collect$$rtentry$$00000000) for __rt_entry
    dfixu.o(x$fpl$dfixu) refers (Special) to usenofp.o(x$fpl$usenofp) for __I$use$fp
    dfixu.o(x$fpl$dfixu) refers to dnaninf.o(x$fpl$dnaninf) for __fpl_dnaninf
    dfixu.o(x$fpl$dfixur) refers (Special) to usenofp.o(x$fpl$usenofp) for __I$use$fp
    dfixu.o(x$fpl$dfixur) refers to dnaninf.o(x$fpl$dnaninf) for __fpl_dnaninf
    dflt_clz.o(x$fpl$dfltu) refers (Special) to usenofp.o(x$fpl$usenofp) for __I$use$fp
    dflt_clz.o(x$fpl$dflt) refers (Special) to usenofp.o(x$fpl$usenofp) for __I$use$fp
    dflt_clz.o(x$fpl$dfltn) refers (Special) to usenofp.o(x$fpl$usenofp) for __I$use$fp
    dmul.o(x$fpl$dmul) refers (Special) to usenofp.o(x$fpl$usenofp) for __I$use$fp
    dmul.o(x$fpl$dmul) refers to dretinf.o(x$fpl$dretinf) for __fpl_dretinf
    dmul.o(x$fpl$dmul) refers to dnaninf.o(x$fpl$dnaninf) for __fpl_dnaninf
    __rtentry.o(.ARM.Collect$$rtentry$$00000000) refers (Special) to __rtentry2.o(.ARM.Collect$$rtentry$$0000000A) for __rt_entry_li
    __rtentry.o(.ARM.Collect$$rtentry$$00000000) refers (Special) to __rtentry2.o(.ARM.Collect$$rtentry$$0000000D) for __rt_entry_main
    __rtentry.o(.ARM.Collect$$rtentry$$00000000) refers (Special) to __rtentry2.o(.ARM.Collect$$rtentry$$0000000C) for __rt_entry_postli_1
    __rtentry.o(.ARM.Collect$$rtentry$$00000000) refers (Special) to __rtentry2.o(.ARM.Collect$$rtentry$$00000009) for __rt_entry_postsh_1
    __rtentry.o(.ARM.Collect$$rtentry$$00000000) refers (Special) to __rtentry2.o(.ARM.Collect$$rtentry$$00000002) for __rt_entry_presh_1
    __rtentry.o(.ARM.Collect$$rtentry$$00000000) refers (Special) to __rtentry4.o(.ARM.Collect$$rtentry$$00000004) for __rt_entry_sh
    dnaninf.o(x$fpl$dnaninf) refers (Special) to usenofp.o(x$fpl$usenofp) for __I$use$fp
    dretinf.o(x$fpl$dretinf) refers (Special) to usenofp.o(x$fpl$usenofp) for __I$use$fp
    __rtentry2.o(.ARM.Collect$$rtentry$$00000008) refers to boardinit2.o(.text) for _platform_post_stackheap_init
    __rtentry2.o(.ARM.Collect$$rtentry$$0000000A) refers to libinit.o(.ARM.Collect$$libinit$$00000000) for __rt_lib_init
    __rtentry2.o(.ARM.Collect$$rtentry$$0000000B) refers to boardinit3.o(.text) for _platform_post_lib_init
    __rtentry2.o(.ARM.Collect$$rtentry$$0000000D) refers to main.o(.text) for main
    __rtentry2.o(.ARM.Collect$$rtentry$$0000000D) refers to exit.o(.text) for exit
    __rtentry2.o(.ARM.exidx) refers to __rtentry2.o(.ARM.Collect$$rtentry$$00000001) for .ARM.Collect$$rtentry$$00000001
    __rtentry2.o(.ARM.exidx) refers to __rtentry2.o(.ARM.Collect$$rtentry$$00000008) for .ARM.Collect$$rtentry$$00000008
    __rtentry2.o(.ARM.exidx) refers to __rtentry2.o(.ARM.Collect$$rtentry$$0000000A) for .ARM.Collect$$rtentry$$0000000A
    __rtentry2.o(.ARM.exidx) refers to __rtentry2.o(.ARM.Collect$$rtentry$$0000000B) for .ARM.Collect$$rtentry$$0000000B
    __rtentry2.o(.ARM.exidx) refers to __rtentry2.o(.ARM.Collect$$rtentry$$0000000D) for .ARM.Collect$$rtentry$$0000000D
    __rtentry4.o(.ARM.Collect$$rtentry$$00000004) refers to sys_stackheap_outer.o(.text) for __user_setup_stackheap
    __rtentry4.o(.ARM.exidx) refers to __rtentry4.o(.ARM.Collect$$rtentry$$00000004) for .ARM.Collect$$rtentry$$00000004
    sys_stackheap_outer.o(.text) refers to libspace.o(.text) for __user_perproc_libspace
    sys_stackheap_outer.o(.text) refers to startup_stm32f10x_md.o(.text) for __user_initial_stackheap
    exit.o(.text) refers to rtexit.o(.ARM.Collect$$rtexit$$00000000) for __rt_exit
    libinit.o(.ARM.Collect$$libinit$$00000000) refers (Special) to libinit2.o(.ARM.Collect$$libinit$$0000002E) for __rt_lib_init_alloca_1
    libinit.o(.ARM.Collect$$libinit$$00000000) refers (Special) to libinit2.o(.ARM.Collect$$libinit$$0000002C) for __rt_lib_init_argv_1
    libinit.o(.ARM.Collect$$libinit$$00000000) refers (Special) to libinit2.o(.ARM.Collect$$libinit$$0000001B) for __rt_lib_init_atexit_1
    libinit.o(.ARM.Collect$$libinit$$00000000) refers (Special) to libinit2.o(.ARM.Collect$$libinit$$00000021) for __rt_lib_init_clock_1
    libinit.o(.ARM.Collect$$libinit$$00000000) refers (Special) to libinit2.o(.ARM.Collect$$libinit$$00000032) for __rt_lib_init_cpp_1
    libinit.o(.ARM.Collect$$libinit$$00000000) refers (Special) to libinit2.o(.ARM.Collect$$libinit$$00000030) for __rt_lib_init_exceptions_1
    libinit.o(.ARM.Collect$$libinit$$00000000) refers (Special) to libinit2.o(.ARM.Collect$$libinit$$00000002) for __rt_lib_init_fp_1
    libinit.o(.ARM.Collect$$libinit$$00000000) refers (Special) to libinit2.o(.ARM.Collect$$libinit$$0000001F) for __rt_lib_init_fp_trap_1
    libinit.o(.ARM.Collect$$libinit$$00000000) refers (Special) to libinit2.o(.ARM.Collect$$libinit$$00000023) for __rt_lib_init_getenv_1
    libinit.o(.ARM.Collect$$libinit$$00000000) refers (Special) to libinit2.o(.ARM.Collect$$libinit$$0000000A) for __rt_lib_init_heap_1
    libinit.o(.ARM.Collect$$libinit$$00000000) refers (Special) to libinit2.o(.ARM.Collect$$libinit$$00000011) for __rt_lib_init_lc_collate_1
    libinit.o(.ARM.Collect$$libinit$$00000000) refers (Special) to libinit2.o(.ARM.Collect$$libinit$$00000013) for __rt_lib_init_lc_ctype_1
    libinit.o(.ARM.Collect$$libinit$$00000000) refers (Special) to libinit2.o(.ARM.Collect$$libinit$$00000015) for __rt_lib_init_lc_monetary_1
    libinit.o(.ARM.Collect$$libinit$$00000000) refers (Special) to libinit2.o(.ARM.Collect$$libinit$$00000017) for __rt_lib_init_lc_numeric_1
    libinit.o(.ARM.Collect$$libinit$$00000000) refers (Special) to libinit2.o(.ARM.Collect$$libinit$$00000019) for __rt_lib_init_lc_time_1
    libinit.o(.ARM.Collect$$libinit$$00000000) refers (Special) to libinit2.o(.ARM.Collect$$libinit$$00000004) for __rt_lib_init_preinit_1
    libinit.o(.ARM.Collect$$libinit$$00000000) refers (Special) to libinit2.o(.ARM.Collect$$libinit$$0000000E) for __rt_lib_init_rand_1
    libinit.o(.ARM.Collect$$libinit$$00000000) refers (Special) to libinit2.o(.ARM.Collect$$libinit$$00000033) for __rt_lib_init_return
    libinit.o(.ARM.Collect$$libinit$$00000000) refers (Special) to libinit2.o(.ARM.Collect$$libinit$$0000001D) for __rt_lib_init_signal_1
    libinit.o(.ARM.Collect$$libinit$$00000000) refers (Special) to libinit2.o(.ARM.Collect$$libinit$$00000025) for __rt_lib_init_stdio_1
    libinit.o(.ARM.Collect$$libinit$$00000000) refers (Special) to libinit2.o(.ARM.Collect$$libinit$$0000000C) for __rt_lib_init_user_alloc_1
    libspace.o(.text) refers to libspace.o(.bss) for __libspace_start
    rtexit.o(.ARM.Collect$$rtexit$$00000000) refers (Special) to rtexit2.o(.ARM.Collect$$rtexit$$00000004) for __rt_exit_exit
    rtexit.o(.ARM.Collect$$rtexit$$00000000) refers (Special) to rtexit2.o(.ARM.Collect$$rtexit$$00000003) for __rt_exit_ls
    rtexit.o(.ARM.Collect$$rtexit$$00000000) refers (Special) to rtexit2.o(.ARM.Collect$$rtexit$$00000002) for __rt_exit_prels_1
    rtexit.o(.ARM.exidx) refers (Special) to rtexit2.o(.ARM.Collect$$rtexit$$00000004) for __rt_exit_exit
    rtexit.o(.ARM.exidx) refers (Special) to rtexit2.o(.ARM.Collect$$rtexit$$00000003) for __rt_exit_ls
    rtexit.o(.ARM.exidx) refers (Special) to rtexit2.o(.ARM.Collect$$rtexit$$00000002) for __rt_exit_prels_1
    rtexit.o(.ARM.exidx) refers to rtexit.o(.ARM.Collect$$rtexit$$00000000) for .ARM.Collect$$rtexit$$00000000
    libinit2.o(.ARM.Collect$$libinit$$00000010) refers to libinit2.o(.ARM.Collect$$libinit$$0000000F) for .ARM.Collect$$libinit$$0000000F
    libinit2.o(.ARM.Collect$$libinit$$00000012) refers to libinit2.o(.ARM.Collect$$libinit$$0000000F) for .ARM.Collect$$libinit$$0000000F
    libinit2.o(.ARM.Collect$$libinit$$00000014) refers to libinit2.o(.ARM.Collect$$libinit$$0000000F) for .ARM.Collect$$libinit$$0000000F
    libinit2.o(.ARM.Collect$$libinit$$00000016) refers to libinit2.o(.ARM.Collect$$libinit$$0000000F) for .ARM.Collect$$libinit$$0000000F
    libinit2.o(.ARM.Collect$$libinit$$00000018) refers to libinit2.o(.ARM.Collect$$libinit$$0000000F) for .ARM.Collect$$libinit$$0000000F
    libinit2.o(.ARM.Collect$$libinit$$00000026) refers to argv_veneer.o(.emb_text) for __ARM_argv_veneer
    libinit2.o(.ARM.Collect$$libinit$$00000027) refers to argv_veneer.o(.emb_text) for __ARM_argv_veneer
    rtexit2.o(.ARM.Collect$$rtexit$$00000003) refers to libshutdown.o(.ARM.Collect$$libshutdown$$00000000) for __rt_lib_shutdown
    rtexit2.o(.ARM.Collect$$rtexit$$00000004) refers to sys_exit.o(.text) for _sys_exit
    rtexit2.o(.ARM.exidx) refers to rtexit2.o(.ARM.Collect$$rtexit$$00000001) for .ARM.Collect$$rtexit$$00000001
    rtexit2.o(.ARM.exidx) refers to rtexit2.o(.ARM.Collect$$rtexit$$00000003) for .ARM.Collect$$rtexit$$00000003
    rtexit2.o(.ARM.exidx) refers to rtexit2.o(.ARM.Collect$$rtexit$$00000004) for .ARM.Collect$$rtexit$$00000004
    argv_veneer.o(.emb_text) refers to no_argv.o(.text) for __ARM_get_argv
    sys_exit.o(.text) refers (Special) to use_no_semi.o(.text) for __I$use$semihosting
    sys_exit.o(.text) refers (Special) to indicate_semi.o(.text) for __semihosting_library_function
    _get_argv_nomalloc.o(.text) refers (Special) to hrguard.o(.text) for __heap_region$guard
    _get_argv_nomalloc.o(.text) refers to defsig_rtmem_outer.o(.text) for __rt_SIGRTMEM
    _get_argv_nomalloc.o(.text) refers to sys_command.o(.text) for _sys_command_string
    libshutdown.o(.ARM.Collect$$libshutdown$$00000000) refers (Special) to libshutdown2.o(.ARM.Collect$$libshutdown$$00000002) for __rt_lib_shutdown_cpp_1
    libshutdown.o(.ARM.Collect$$libshutdown$$00000000) refers (Special) to libshutdown2.o(.ARM.Collect$$libshutdown$$00000007) for __rt_lib_shutdown_fp_trap_1
    libshutdown.o(.ARM.Collect$$libshutdown$$00000000) refers (Special) to libshutdown2.o(.ARM.Collect$$libshutdown$$0000000F) for __rt_lib_shutdown_heap_1
    libshutdown.o(.ARM.Collect$$libshutdown$$00000000) refers (Special) to libshutdown2.o(.ARM.Collect$$libshutdown$$00000010) for __rt_lib_shutdown_return
    libshutdown.o(.ARM.Collect$$libshutdown$$00000000) refers (Special) to libshutdown2.o(.ARM.Collect$$libshutdown$$0000000A) for __rt_lib_shutdown_signal_1
    libshutdown.o(.ARM.Collect$$libshutdown$$00000000) refers (Special) to libshutdown2.o(.ARM.Collect$$libshutdown$$00000004) for __rt_lib_shutdown_stdio_1
    libshutdown.o(.ARM.Collect$$libshutdown$$00000000) refers (Special) to libshutdown2.o(.ARM.Collect$$libshutdown$$0000000C) for __rt_lib_shutdown_user_alloc_1
    sys_command.o(.text) refers (Special) to use_no_semi.o(.text) for __I$use$semihosting
    sys_command.o(.text) refers (Special) to indicate_semi.o(.text) for __semihosting_library_function
    defsig_rtmem_outer.o(.text) refers to defsig_rtmem_inner.o(.text) for __rt_SIGRTMEM_inner
    defsig_rtmem_outer.o(.text) refers to defsig_exit.o(.text) for __sig_exit
    defsig_rtmem_formal.o(.text) refers to rt_raise.o(.text) for __rt_raise
    rt_raise.o(.text) refers to __raise.o(.text) for __raise
    rt_raise.o(.text) refers to sys_exit.o(.text) for _sys_exit
    defsig_exit.o(.text) refers to sys_exit.o(.text) for _sys_exit
    defsig_rtmem_inner.o(.text) refers to defsig_general.o(.text) for __default_signal_display
    __raise.o(.text) refers to defsig.o(CL$$defsig) for __default_signal_handler
    defsig_general.o(.text) refers to sys_wrch.o(.text) for _ttywrch
    sys_wrch.o(.text) refers (Special) to use_no_semi.o(.text) for __I$use$semihosting
    sys_wrch.o(.text) refers (Special) to indicate_semi.o(.text) for __semihosting_library_function
    defsig.o(CL$$defsig) refers to defsig_rtmem_inner.o(.text) for __rt_SIGRTMEM_inner
    defsig_abrt_inner.o(.text) refers to defsig_general.o(.text) for __default_signal_display
    defsig_fpe_inner.o(.text) refers to defsig_general.o(.text) for __default_signal_display
    defsig_rtred_inner.o(.text) refers to defsig_general.o(.text) for __default_signal_display
    defsig_stak_inner.o(.text) refers to defsig_general.o(.text) for __default_signal_display
    defsig_pvfn_inner.o(.text) refers to defsig_general.o(.text) for __default_signal_display
    defsig_cppl_inner.o(.text) refers to defsig_general.o(.text) for __default_signal_display
    defsig_segv_inner.o(.text) refers to defsig_general.o(.text) for __default_signal_display
    defsig_other.o(.text) refers to defsig_general.o(.text) for __default_signal_display


==============================================================================

Removing Unused input sections from the image.

    Removing system_stm32f10x.o(.text), (480 bytes).
    Removing system_stm32f10x.o(.data), (20 bytes).
    Removing lcd_3_wire.o(.text), (944 bytes).
    Removing eep.o(.text), (580 bytes).
    Removing eep.o(.bss), (12 bytes).
    Removing eep.o(.data), (6 bytes).
    Removing rtc.o(.text), (76 bytes).

7 unused section(s) (total 2118 bytes) removed from the image.

==============================================================================

Image Symbol Table

    Local Symbols

    Symbol Name                              Value     Ov Type        Size  Object(Section)

    ../clib/angel/boardlib.s                 0x00000000   Number         0  boardinit3.o ABSOLUTE
    ../clib/angel/boardlib.s                 0x00000000   Number         0  boardinit1.o ABSOLUTE
    ../clib/angel/boardlib.s                 0x00000000   Number         0  boardinit2.o ABSOLUTE
    ../clib/angel/boardlib.s                 0x00000000   Number         0  boardshut.o ABSOLUTE
    ../clib/angel/dczerorl.s                 0x00000000   Number         0  __dczerorl.o ABSOLUTE
    ../clib/angel/handlers.s                 0x00000000   Number         0  __scatter_zi.o ABSOLUTE
    ../clib/angel/kernel.s                   0x00000000   Number         0  __rtentry.o ABSOLUTE
    ../clib/angel/kernel.s                   0x00000000   Number         0  __rtentry4.o ABSOLUTE
    ../clib/angel/kernel.s                   0x00000000   Number         0  __rtentry2.o ABSOLUTE
    ../clib/angel/kernel.s                   0x00000000   Number         0  rtexit.o ABSOLUTE
    ../clib/angel/kernel.s                   0x00000000   Number         0  rtexit2.o ABSOLUTE
    ../clib/angel/rt.s                       0x00000000   Number         0  rt_raise.o ABSOLUTE
    ../clib/angel/scatter.s                  0x00000000   Number         0  __scatter.o ABSOLUTE
    ../clib/angel/startup.s                  0x00000000   Number         0  __main.o ABSOLUTE
    ../clib/angel/sys.s                      0x00000000   Number         0  use_no_semi.o ABSOLUTE
    ../clib/angel/sys.s                      0x00000000   Number         0  indicate_semi.o ABSOLUTE
    ../clib/angel/sys.s                      0x00000000   Number         0  sys_stackheap_outer.o ABSOLUTE
    ../clib/angel/sys.s                      0x00000000   Number         0  libspace.o ABSOLUTE
    ../clib/angel/sysapp.c                   0x00000000   Number         0  sys_wrch.o ABSOLUTE
    ../clib/angel/sysapp.c                   0x00000000   Number         0  sys_command.o ABSOLUTE
    ../clib/angel/sysapp.c                   0x00000000   Number         0  sys_exit.o ABSOLUTE
    ../clib/armsys.c                         0x00000000   Number         0  no_argv.o ABSOLUTE
    ../clib/armsys.c                         0x00000000   Number         0  _get_argv_nomalloc.o ABSOLUTE
    ../clib/armsys.c                         0x00000000   Number         0  argv_veneer.o ABSOLUTE
    ../clib/armsys.c                         0x00000000   Number         0  argv_veneer.o ABSOLUTE
    ../clib/heapalloc.c                      0x00000000   Number         0  hrguard.o ABSOLUTE
    ../clib/heapaux.c                        0x00000000   Number         0  heapauxi.o ABSOLUTE
    ../clib/libinit.s                        0x00000000   Number         0  libshutdown.o ABSOLUTE
    ../clib/libinit.s                        0x00000000   Number         0  libshutdown2.o ABSOLUTE
    ../clib/libinit.s                        0x00000000   Number         0  libinit.o ABSOLUTE
    ../clib/libinit.s                        0x00000000   Number         0  libinit2.o ABSOLUTE
    ../clib/signal.c                         0x00000000   Number         0  defsig_rtmem_outer.o ABSOLUTE
    ../clib/signal.c                         0x00000000   Number         0  defsig_stak_inner.o ABSOLUTE
    ../clib/signal.c                         0x00000000   Number         0  defsig_other.o ABSOLUTE
    ../clib/signal.c                         0x00000000   Number         0  defsig_segv_inner.o ABSOLUTE
    ../clib/signal.c                         0x00000000   Number         0  defsig_cppl_inner.o ABSOLUTE
    ../clib/signal.c                         0x00000000   Number         0  defsig_pvfn_inner.o ABSOLUTE
    ../clib/signal.c                         0x00000000   Number         0  defsig_rtred_inner.o ABSOLUTE
    ../clib/signal.c                         0x00000000   Number         0  defsig_fpe_inner.o ABSOLUTE
    ../clib/signal.c                         0x00000000   Number         0  defsig_abrt_inner.o ABSOLUTE
    ../clib/signal.c                         0x00000000   Number         0  defsig_general.o ABSOLUTE
    ../clib/signal.c                         0x00000000   Number         0  __raise.o ABSOLUTE
    ../clib/signal.c                         0x00000000   Number         0  defsig_exit.o ABSOLUTE
    ../clib/signal.c                         0x00000000   Number         0  defsig_rtmem_inner.o ABSOLUTE
    ../clib/signal.c                         0x00000000   Number         0  defsig_rtmem_formal.o ABSOLUTE
    ../clib/signal.s                         0x00000000   Number         0  defsig.o ABSOLUTE
    ../clib/stdlib.c                         0x00000000   Number         0  exit.o ABSOLUTE
    ../fplib/dfixu.s                         0x00000000   Number         0  dfixu.o ABSOLUTE
    ../fplib/dflt.s                          0x00000000   Number         0  dflt_clz.o ABSOLUTE
    ../fplib/dmul.s                          0x00000000   Number         0  dmul.o ABSOLUTE
    ../fplib/dnaninf.s                       0x00000000   Number         0  dnaninf.o ABSOLUTE
    ../fplib/dretinf.s                       0x00000000   Number         0  dretinf.o ABSOLUTE
    ../fplib/fpinit.s                        0x00000000   Number         0  fpinit.o ABSOLUTE
    ../fplib/usenofp.s                       0x00000000   Number         0  usenofp.o ABSOLUTE
    CMSIS_STM32F1xx\CM3\DeviceSupport\ST\STM32F10x\system_stm32f10x.c 0x00000000   Number         0  system_stm32f10x.o ABSOLUTE
    Main\main.c                              0x00000000   Number         0  main.o ABSOLUTE
    MyLib\Application_Layer\Amplifier.c      0x00000000   Number         0  amplifier.o ABSOLUTE
    MyLib\Application_Layer\Buttons.c        0x00000000   Number         0  buttons.o ABSOLUTE
    MyLib\Application_Layer\Eep.c            0x00000000   Number         0  eep.o ABSOLUTE
    MyLib\Application_Layer\Jq6500.c         0x00000000   Number         0  jq6500.o ABSOLUTE
    MyLib\Application_Layer\LineCheck.c      0x00000000   Number         0  linecheck.o ABSOLUTE
    MyLib\Application_Layer\PowerAndCharge.c 0x00000000   Number         0  powerandcharge.o ABSOLUTE
    MyLib\Application_Layer\Relay.c          0x00000000   Number         0  relay.o ABSOLUTE
    MyLib\Application_Layer\Rs485.c          0x00000000   Number         0  rs485.o ABSOLUTE
    MyLib\Application_Layer\Rtc.c            0x00000000   Number         0  rtc.o ABSOLUTE
    MyLib\Application_Layer\SB_SirenBoard.c  0x00000000   Number         0  sb_sirenboard.o ABSOLUTE
    MyLib\Application_Layer\VirtMachine.c    0x00000000   Number         0  virtmachine.o ABSOLUTE
    MyLib\OS\RTOS.c                          0x00000000   Number         0  rtos.o ABSOLUTE
    MyLib\adc_ST.c                           0x00000000   Number         0  adc_st.o ABSOLUTE
    MyLib\crc16.c                            0x00000000   Number         0  crc16.o ABSOLUTE
    MyLib\gpio_ST.c                          0x00000000   Number         0  gpio_st.o ABSOLUTE
    MyLib\lcd_3_Wire.c                       0x00000000   Number         0  lcd_3_wire.o ABSOLUTE
    MyLib\rtc_ST.c                           0x00000000   Number         0  rtc_st.o ABSOLUTE
    MyLib\spi_ST.c                           0x00000000   Number         0  spi_st.o ABSOLUTE
    MyLib\sys_ST.c                           0x00000000   Number         0  sys_st.o ABSOLUTE
    MyLib\sys_tick_ST.c                      0x00000000   Number         0  sys_tick_st.o ABSOLUTE
    MyLib\timers_ST.c                        0x00000000   Number         0  timers_st.o ABSOLUTE
    MyLib\uart_ST.c                          0x00000000   Number         0  uart_st.o ABSOLUTE
    StartUp\startup_stm32f10x_md.s           0x00000000   Number         0  startup_stm32f10x_md.o ABSOLUTE
    dc.s                                     0x00000000   Number         0  dc.o ABSOLUTE
    RESET                                    0x08000000   Section      236  startup_stm32f10x_md.o(RESET)
    !!!main                                  0x080000ec   Section        8  __main.o(!!!main)
    !!!scatter                               0x080000f4   Section       52  __scatter.o(!!!scatter)
    !!dczerorl                               0x08000128   Section       58  __dczerorl.o(!!dczerorl)
    !!handler_zi                             0x08000164   Section       28  __scatter_zi.o(!!handler_zi)
    .ARM.Collect$$libinit$$00000000          0x08000180   Section        2  libinit.o(.ARM.Collect$$libinit$$00000000)
    .ARM.Collect$$libinit$$00000002          0x08000182   Section        0  libinit2.o(.ARM.Collect$$libinit$$00000002)
    .ARM.Collect$$libinit$$00000004          0x08000182   Section        0  libinit2.o(.ARM.Collect$$libinit$$00000004)
    .ARM.Collect$$libinit$$0000000A          0x08000182   Section        0  libinit2.o(.ARM.Collect$$libinit$$0000000A)
    .ARM.Collect$$libinit$$0000000C          0x08000182   Section        0  libinit2.o(.ARM.Collect$$libinit$$0000000C)
    .ARM.Collect$$libinit$$0000000E          0x08000182   Section        0  libinit2.o(.ARM.Collect$$libinit$$0000000E)
    .ARM.Collect$$libinit$$00000011          0x08000182   Section        0  libinit2.o(.ARM.Collect$$libinit$$00000011)
    .ARM.Collect$$libinit$$00000013          0x08000182   Section        0  libinit2.o(.ARM.Collect$$libinit$$00000013)
    .ARM.Collect$$libinit$$00000015          0x08000182   Section        0  libinit2.o(.ARM.Collect$$libinit$$00000015)
    .ARM.Collect$$libinit$$00000017          0x08000182   Section        0  libinit2.o(.ARM.Collect$$libinit$$00000017)
    .ARM.Collect$$libinit$$00000019          0x08000182   Section        0  libinit2.o(.ARM.Collect$$libinit$$00000019)
    .ARM.Collect$$libinit$$0000001B          0x08000182   Section        0  libinit2.o(.ARM.Collect$$libinit$$0000001B)
    .ARM.Collect$$libinit$$0000001D          0x08000182   Section        0  libinit2.o(.ARM.Collect$$libinit$$0000001D)
    .ARM.Collect$$libinit$$0000001F          0x08000182   Section        0  libinit2.o(.ARM.Collect$$libinit$$0000001F)
    .ARM.Collect$$libinit$$00000021          0x08000182   Section        0  libinit2.o(.ARM.Collect$$libinit$$00000021)
    .ARM.Collect$$libinit$$00000023          0x08000182   Section        0  libinit2.o(.ARM.Collect$$libinit$$00000023)
    .ARM.Collect$$libinit$$00000025          0x08000182   Section        0  libinit2.o(.ARM.Collect$$libinit$$00000025)
    .ARM.Collect$$libinit$$0000002C          0x08000182   Section        0  libinit2.o(.ARM.Collect$$libinit$$0000002C)
    .ARM.Collect$$libinit$$0000002E          0x08000182   Section        0  libinit2.o(.ARM.Collect$$libinit$$0000002E)
    .ARM.Collect$$libinit$$00000030          0x08000182   Section        0  libinit2.o(.ARM.Collect$$libinit$$00000030)
    .ARM.Collect$$libinit$$00000032          0x08000182   Section        0  libinit2.o(.ARM.Collect$$libinit$$00000032)
    .ARM.Collect$$libinit$$00000033          0x08000182   Section        2  libinit2.o(.ARM.Collect$$libinit$$00000033)
    .ARM.Collect$$libshutdown$$00000000      0x08000184   Section        2  libshutdown.o(.ARM.Collect$$libshutdown$$00000000)
    .ARM.Collect$$libshutdown$$00000002      0x08000186   Section        0  libshutdown2.o(.ARM.Collect$$libshutdown$$00000002)
    .ARM.Collect$$libshutdown$$00000004      0x08000186   Section        0  libshutdown2.o(.ARM.Collect$$libshutdown$$00000004)
    .ARM.Collect$$libshutdown$$00000007      0x08000186   Section        0  libshutdown2.o(.ARM.Collect$$libshutdown$$00000007)
    .ARM.Collect$$libshutdown$$0000000A      0x08000186   Section        0  libshutdown2.o(.ARM.Collect$$libshutdown$$0000000A)
    .ARM.Collect$$libshutdown$$0000000C      0x08000186   Section        0  libshutdown2.o(.ARM.Collect$$libshutdown$$0000000C)
    .ARM.Collect$$libshutdown$$0000000F      0x08000186   Section        0  libshutdown2.o(.ARM.Collect$$libshutdown$$0000000F)
    .ARM.Collect$$libshutdown$$00000010      0x08000186   Section        2  libshutdown2.o(.ARM.Collect$$libshutdown$$00000010)
    .ARM.Collect$$rtentry$$00000000          0x08000188   Section        0  __rtentry.o(.ARM.Collect$$rtentry$$00000000)
    .ARM.Collect$$rtentry$$00000002          0x08000188   Section        0  __rtentry2.o(.ARM.Collect$$rtentry$$00000002)
    .ARM.Collect$$rtentry$$00000004          0x08000188   Section        6  __rtentry4.o(.ARM.Collect$$rtentry$$00000004)
    .ARM.Collect$$rtentry$$00000009          0x0800018e   Section        0  __rtentry2.o(.ARM.Collect$$rtentry$$00000009)
    .ARM.Collect$$rtentry$$0000000A          0x0800018e   Section        4  __rtentry2.o(.ARM.Collect$$rtentry$$0000000A)
    .ARM.Collect$$rtentry$$0000000C          0x08000192   Section        0  __rtentry2.o(.ARM.Collect$$rtentry$$0000000C)
    .ARM.Collect$$rtentry$$0000000D          0x08000192   Section        8  __rtentry2.o(.ARM.Collect$$rtentry$$0000000D)
    .ARM.Collect$$rtexit$$00000000           0x0800019a   Section        2  rtexit.o(.ARM.Collect$$rtexit$$00000000)
    .ARM.Collect$$rtexit$$00000002           0x0800019c   Section        0  rtexit2.o(.ARM.Collect$$rtexit$$00000002)
    .ARM.Collect$$rtexit$$00000003           0x0800019c   Section        4  rtexit2.o(.ARM.Collect$$rtexit$$00000003)
    .ARM.Collect$$rtexit$$00000004           0x080001a0   Section        6  rtexit2.o(.ARM.Collect$$rtexit$$00000004)
    .text                                    0x080001a8   Section       56  startup_stm32f10x_md.o(.text)
    .text                                    0x080001e0   Section        0  main.o(.text)
    .text                                    0x08001084   Section        0  adc_st.o(.text)
    .text                                    0x0800146c   Section        0  crc16.o(.text)
    .text                                    0x080014a8   Section        0  gpio_st.o(.text)
    .text                                    0x0800174c   Section        0  rtc_st.o(.text)
    .text                                    0x080018a8   Section        0  spi_st.o(.text)
    .text                                    0x080019ac   Section        0  sys_st.o(.text)
    .text                                    0x08001c68   Section        0  sys_tick_st.o(.text)
    .text                                    0x08001c7c   Section        0  timers_st.o(.text)
    .text                                    0x08001e54   Section        0  uart_st.o(.text)
    NVIC_EnableIRQ                           0x08002275   Thumb Code    22  uart_st.o(.text)
    .text                                    0x0800228c   Section        0  rtos.o(.text)
    .text                                    0x08002418   Section        0  amplifier.o(.text)
    .text                                    0x08002490   Section        0  buttons.o(.text)
    .text                                    0x08002598   Section        0  jq6500.o(.text)
    .text                                    0x0800274c   Section        0  linecheck.o(.text)
    .text                                    0x08002b64   Section        0  powerandcharge.o(.text)
    .text                                    0x08002c30   Section        0  relay.o(.text)
    .text                                    0x08002cdc   Section        0  rs485.o(.text)
    .text                                    0x08003164   Section        0  sb_sirenboard.o(.text)
    .text                                    0x080031e4   Section        0  heapauxi.o(.text)
    .text                                    0x080031ea   Section       74  sys_stackheap_outer.o(.text)
    .text                                    0x08003234   Section        0  exit.o(.text)
    .text                                    0x08003248   Section        8  libspace.o(.text)
    .text                                    0x08003250   Section        0  sys_exit.o(.text)
    .text                                    0x0800325c   Section        2  use_no_semi.o(.text)
    .text                                    0x0800325e   Section        0  indicate_semi.o(.text)
    x$fpl$dfixu                              0x08003260   Section       90  dfixu.o(x$fpl$dfixu)
    x$fpl$dfltu                              0x080032ba   Section       38  dflt_clz.o(x$fpl$dfltu)
    x$fpl$dmul                               0x080032e0   Section      340  dmul.o(x$fpl$dmul)
    x$fpl$dnaninf                            0x08003434   Section      156  dnaninf.o(x$fpl$dnaninf)
    x$fpl$dretinf                            0x080034d0   Section       12  dretinf.o(x$fpl$dretinf)
    .constdata                               0x080034dc   Section       41  jq6500.o(.constdata)
    x$fpl$usenofp                            0x080034dc   Section        0  usenofp.o(x$fpl$usenofp)
    .data                                    0x20000000   Section       38  main.o(.data)
    Blink250mSReg                            0x20000014   Data           2  main.o(.data)
    FlagRegTemp                              0x20000020   Data           2  main.o(.data)
    mScountForZumTEST                        0x20000022   Data           2  main.o(.data)
    mScountForBlink                          0x20000024   Data           2  main.o(.data)
    .data                                    0x20000028   Section       33  adc_st.o(.data)
    LcAvrMeas                                0x20000032   Data           2  adc_st.o(.data)
    MeasFlagReg                              0x20000034   Data           2  adc_st.o(.data)
    MeasTemp                                 0x20000038   Data           4  adc_st.o(.data)
    MeasCount                                0x2000003c   Data           1  adc_st.o(.data)
    Channel                                  0x2000003d   Data           1  adc_st.o(.data)
    LcMeasTemp                               0x20000040   Data           4  adc_st.o(.data)
    LcMeasCount                              0x20000044   Data           2  adc_st.o(.data)
    mSCount                                  0x20000046   Data           2  adc_st.o(.data)
    MeasIndex                                0x20000048   Data           1  adc_st.o(.data)
    .data                                    0x2000004a   Section      512  crc16.o(.data)
    .data                                    0x2000024a   Section       26  gpio_st.o(.data)
    mScount                                  0x20000250   Data           1  gpio_st.o(.data)
    cycle                                    0x20000251   Data           1  gpio_st.o(.data)
    GpioAIDRtemp                             0x20000252   Data           6  gpio_st.o(.data)
    GpioBIDRtemp                             0x20000258   Data           6  gpio_st.o(.data)
    GpioCIDRtemp                             0x2000025e   Data           6  gpio_st.o(.data)
    .data                                    0x20000264   Section       12  timers_st.o(.data)
    ZemmerReg                                0x20000264   Data           1  timers_st.o(.data)
    IntervalBeep                             0x20000266   Data           2  timers_st.o(.data)
    NumberBeep                               0x20000268   Data           1  timers_st.o(.data)
    FaultState                               0x2000026a   Data           2  timers_st.o(.data)
    mScount                                  0x2000026c   Data           2  timers_st.o(.data)
    State                                    0x2000026e   Data           2  timers_st.o(.data)
    .data                                    0x20000270   Section       16  uart_st.o(.data)
    .data                                    0x20000280   Section        4  rtos.o(.data)
    .data                                    0x20000284   Section        1  amplifier.o(.data)
    AmpStatReg                               0x20000284   Data           1  amplifier.o(.data)
    .data                                    0x20000285   Section       12  buttons.o(.data)
    ButControl                               0x2000028f   Data           1  buttons.o(.data)
    ButPreset                                0x20000290   Data           1  buttons.o(.data)
    .data                                    0x20000291   Section       18  jq6500.o(.data)
    state                                    0x2000029c   Data           1  jq6500.o(.data)
    JqRxCounterByte                          0x2000029d   Data           1  jq6500.o(.data)
    JqRxBuf                                  0x2000029e   Data           5  jq6500.o(.data)
    .data                                    0x200002a4   Section        8  linecheck.o(.data)
    BlinkReg                                 0x200002a4   Data           1  linecheck.o(.data)
    LcFlagRef                                0x200002a6   Data           2  linecheck.o(.data)
    TempState                                0x200002a8   Data           4  linecheck.o(.data)
    .data                                    0x200002ac   Section        4  powerandcharge.o(.data)
    PowerACStatReg                           0x200002ac   Data           1  powerandcharge.o(.data)
    mScount                                  0x200002ae   Data           2  powerandcharge.o(.data)
    .data                                    0x200002b0   Section        8  relay.o(.data)
    StpicSostReg                             0x200002b0   Data           2  relay.o(.data)
    ZoneStatArray                            0x200002b2   Data           6  relay.o(.data)
    .data                                    0x200002b8   Section       12  rs485.o(.data)
    Address                                  0x200002be   Data           1  rs485.o(.data)
    Group                                    0x200002bf   Data           1  rs485.o(.data)
    Priority                                 0x200002c0   Data           1  rs485.o(.data)
    step                                     0x200002c1   Data           1  rs485.o(.data)
    mScount                                  0x200002c2   Data           2  rs485.o(.data)
    .data                                    0x200002c4   Section        8  sb_sirenboard.o(.data)
    .bss                                     0x200002cc   Section      268  main.o(.bss)
    TaskQueue                                0x200002cc   Data          84  main.o(.bss)
    MainTimer                                0x20000320   Data         168  main.o(.bss)
    .bss                                     0x200003d8   Section       26  adc_st.o(.bss)
    .bss                                     0x200003f4   Section      252  rtos.o(.bss)
    TaskQueue                                0x200003f4   Data          84  rtos.o(.bss)
    MainTimer                                0x20000448   Data         168  rtos.o(.bss)
    .bss                                     0x200004f0   Section       24  linecheck.o(.bss)
    .bss                                     0x20000508   Section      178  rs485.o(.bss)
    .bss                                     0x200005ba   Section       19  sb_sirenboard.o(.bss)
    .bss                                     0x200005d0   Section       96  libspace.o(.bss)
    HEAP                                     0x20000630   Section      512  startup_stm32f10x_md.o(HEAP)
    Heap_Mem                                 0x20000630   Data         512  startup_stm32f10x_md.o(HEAP)
    STACK                                    0x20000830   Section     1024  startup_stm32f10x_md.o(STACK)
    Stack_Mem                                0x20000830   Data        1024  startup_stm32f10x_md.o(STACK)
    __initial_sp                             0x20000c30   Data           0  startup_stm32f10x_md.o(STACK)

    Global Symbols

    Symbol Name                              Value     Ov Type        Size  Object(Section)

    BuildAttributes$$THM_ISAv4$P$D$K$B$S$PE$A:L22UL41UL21$X:L11$S22US41US21$IEEE1$IW$USESV6$~STKCKD$USESV7$~SHL$OSPACE$ROPI$EBA8$UX$STANDARDLIB$REQ8$PRES8$EABIv2 0x00000000   Number         0  anon$$obj.o ABSOLUTE
    __ARM_use_no_argv                        0x00000000   Number         0  main.o ABSOLUTE
    __ARM_exceptions_init                     - Undefined Weak Reference
    __alloca_initialize                       - Undefined Weak Reference
    __arm_preinit_                            - Undefined Weak Reference
    __cpp_initialize__aeabi_                  - Undefined Weak Reference
    __cxa_finalize                            - Undefined Weak Reference
    __rt_locale                               - Undefined Weak Reference
    __sigvec_lookup                           - Undefined Weak Reference
    _atexit_init                              - Undefined Weak Reference
    _call_atexit_fns                          - Undefined Weak Reference
    _clock_init                               - Undefined Weak Reference
    _fp_trap_init                             - Undefined Weak Reference
    _fp_trap_shutdown                         - Undefined Weak Reference
    _get_lc_collate                           - Undefined Weak Reference
    _get_lc_ctype                             - Undefined Weak Reference
    _get_lc_monetary                          - Undefined Weak Reference
    _get_lc_numeric                           - Undefined Weak Reference
    _get_lc_time                              - Undefined Weak Reference
    _getenv_init                              - Undefined Weak Reference
    _handle_redirection                       - Undefined Weak Reference
    _init_alloc                               - Undefined Weak Reference
    _init_user_alloc                          - Undefined Weak Reference
    _initio                                   - Undefined Weak Reference
    _rand_init                                - Undefined Weak Reference
    _signal_finish                            - Undefined Weak Reference
    _signal_init                              - Undefined Weak Reference
    _terminate_alloc                          - Undefined Weak Reference
    _terminate_user_alloc                     - Undefined Weak Reference
    _terminateio                              - Undefined Weak Reference
    __Vectors_Size                           0x000000ec   Number         0  startup_stm32f10x_md.o ABSOLUTE
    __Vectors                                0x08000000   Data           4  startup_stm32f10x_md.o(RESET)
    __Vectors_End                            0x080000ec   Data           0  startup_stm32f10x_md.o(RESET)
    __main                                   0x080000ed   Thumb Code     8  __main.o(!!!main)
    __scatterload                            0x080000f5   Thumb Code     0  __scatter.o(!!!scatter)
    __scatterload_rt2                        0x080000f5   Thumb Code    44  __scatter.o(!!!scatter)
    __scatterload_rt2_thumb_only             0x080000f5   Thumb Code     0  __scatter.o(!!!scatter)
    __scatterload_null                       0x08000103   Thumb Code     0  __scatter.o(!!!scatter)
    __decompress                             0x08000129   Thumb Code    58  __dczerorl.o(!!dczerorl)
    __decompress0                            0x08000129   Thumb Code     0  __dczerorl.o(!!dczerorl)
    __scatterload_zeroinit                   0x08000165   Thumb Code    28  __scatter_zi.o(!!handler_zi)
    __rt_lib_init                            0x08000181   Thumb Code     0  libinit.o(.ARM.Collect$$libinit$$00000000)
    __rt_lib_init_alloca_1                   0x08000183   Thumb Code     0  libinit2.o(.ARM.Collect$$libinit$$0000002E)
    __rt_lib_init_argv_1                     0x08000183   Thumb Code     0  libinit2.o(.ARM.Collect$$libinit$$0000002C)
    __rt_lib_init_atexit_1                   0x08000183   Thumb Code     0  libinit2.o(.ARM.Collect$$libinit$$0000001B)
    __rt_lib_init_clock_1                    0x08000183   Thumb Code     0  libinit2.o(.ARM.Collect$$libinit$$00000021)
    __rt_lib_init_cpp_1                      0x08000183   Thumb Code     0  libinit2.o(.ARM.Collect$$libinit$$00000032)
    __rt_lib_init_exceptions_1               0x08000183   Thumb Code     0  libinit2.o(.ARM.Collect$$libinit$$00000030)
    __rt_lib_init_fp_1                       0x08000183   Thumb Code     0  libinit2.o(.ARM.Collect$$libinit$$00000002)
    __rt_lib_init_fp_trap_1                  0x08000183   Thumb Code     0  libinit2.o(.ARM.Collect$$libinit$$0000001F)
    __rt_lib_init_getenv_1                   0x08000183   Thumb Code     0  libinit2.o(.ARM.Collect$$libinit$$00000023)
    __rt_lib_init_heap_1                     0x08000183   Thumb Code     0  libinit2.o(.ARM.Collect$$libinit$$0000000A)
    __rt_lib_init_lc_collate_1               0x08000183   Thumb Code     0  libinit2.o(.ARM.Collect$$libinit$$00000011)
    __rt_lib_init_lc_ctype_1                 0x08000183   Thumb Code     0  libinit2.o(.ARM.Collect$$libinit$$00000013)
    __rt_lib_init_lc_monetary_1              0x08000183   Thumb Code     0  libinit2.o(.ARM.Collect$$libinit$$00000015)
    __rt_lib_init_lc_numeric_1               0x08000183   Thumb Code     0  libinit2.o(.ARM.Collect$$libinit$$00000017)
    __rt_lib_init_lc_time_1                  0x08000183   Thumb Code     0  libinit2.o(.ARM.Collect$$libinit$$00000019)
    __rt_lib_init_preinit_1                  0x08000183   Thumb Code     0  libinit2.o(.ARM.Collect$$libinit$$00000004)
    __rt_lib_init_rand_1                     0x08000183   Thumb Code     0  libinit2.o(.ARM.Collect$$libinit$$0000000E)
    __rt_lib_init_return                     0x08000183   Thumb Code     0  libinit2.o(.ARM.Collect$$libinit$$00000033)
    __rt_lib_init_signal_1                   0x08000183   Thumb Code     0  libinit2.o(.ARM.Collect$$libinit$$0000001D)
    __rt_lib_init_stdio_1                    0x08000183   Thumb Code     0  libinit2.o(.ARM.Collect$$libinit$$00000025)
    __rt_lib_init_user_alloc_1               0x08000183   Thumb Code     0  libinit2.o(.ARM.Collect$$libinit$$0000000C)
    __rt_lib_shutdown                        0x08000185   Thumb Code     0  libshutdown.o(.ARM.Collect$$libshutdown$$00000000)
    __rt_lib_shutdown_cpp_1                  0x08000187   Thumb Code     0  libshutdown2.o(.ARM.Collect$$libshutdown$$00000002)
    __rt_lib_shutdown_fp_trap_1              0x08000187   Thumb Code     0  libshutdown2.o(.ARM.Collect$$libshutdown$$00000007)
    __rt_lib_shutdown_heap_1                 0x08000187   Thumb Code     0  libshutdown2.o(.ARM.Collect$$libshutdown$$0000000F)
    __rt_lib_shutdown_return                 0x08000187   Thumb Code     0  libshutdown2.o(.ARM.Collect$$libshutdown$$00000010)
    __rt_lib_shutdown_signal_1               0x08000187   Thumb Code     0  libshutdown2.o(.ARM.Collect$$libshutdown$$0000000A)
    __rt_lib_shutdown_stdio_1                0x08000187   Thumb Code     0  libshutdown2.o(.ARM.Collect$$libshutdown$$00000004)
    __rt_lib_shutdown_user_alloc_1           0x08000187   Thumb Code     0  libshutdown2.o(.ARM.Collect$$libshutdown$$0000000C)
    __rt_entry                               0x08000189   Thumb Code     0  __rtentry.o(.ARM.Collect$$rtentry$$00000000)
    __rt_entry_presh_1                       0x08000189   Thumb Code     0  __rtentry2.o(.ARM.Collect$$rtentry$$00000002)
    __rt_entry_sh                            0x08000189   Thumb Code     0  __rtentry4.o(.ARM.Collect$$rtentry$$00000004)
    __rt_entry_li                            0x0800018f   Thumb Code     0  __rtentry2.o(.ARM.Collect$$rtentry$$0000000A)
    __rt_entry_postsh_1                      0x0800018f   Thumb Code     0  __rtentry2.o(.ARM.Collect$$rtentry$$00000009)
    __rt_entry_main                          0x08000193   Thumb Code     0  __rtentry2.o(.ARM.Collect$$rtentry$$0000000D)
    __rt_entry_postli_1                      0x08000193   Thumb Code     0  __rtentry2.o(.ARM.Collect$$rtentry$$0000000C)
    __rt_exit                                0x0800019b   Thumb Code     0  rtexit.o(.ARM.Collect$$rtexit$$00000000)
    __rt_exit_ls                             0x0800019d   Thumb Code     0  rtexit2.o(.ARM.Collect$$rtexit$$00000003)
    __rt_exit_prels_1                        0x0800019d   Thumb Code     0  rtexit2.o(.ARM.Collect$$rtexit$$00000002)
    __rt_exit_exit                           0x080001a1   Thumb Code     0  rtexit2.o(.ARM.Collect$$rtexit$$00000004)
    Reset_Handler                            0x080001a9   Thumb Code     4  startup_stm32f10x_md.o(.text)
    DebugMon_Handler                         0x080001b9   Thumb Code     2  startup_stm32f10x_md.o(.text)
    PendSV_Handler                           0x080001bb   Thumb Code     2  startup_stm32f10x_md.o(.text)
    ADC1_2_IRQHandler                        0x080001bf   Thumb Code     0  startup_stm32f10x_md.o(.text)
    CAN1_RX1_IRQHandler                      0x080001bf   Thumb Code     0  startup_stm32f10x_md.o(.text)
    CAN1_SCE_IRQHandler                      0x080001bf   Thumb Code     0  startup_stm32f10x_md.o(.text)
    DMA1_Channel1_IRQHandler                 0x080001bf   Thumb Code     0  startup_stm32f10x_md.o(.text)
    DMA1_Channel2_IRQHandler                 0x080001bf   Thumb Code     0  startup_stm32f10x_md.o(.text)
    DMA1_Channel3_IRQHandler                 0x080001bf   Thumb Code     0  startup_stm32f10x_md.o(.text)
    DMA1_Channel6_IRQHandler                 0x080001bf   Thumb Code     0  startup_stm32f10x_md.o(.text)
    DMA1_Channel7_IRQHandler                 0x080001bf   Thumb Code     0  startup_stm32f10x_md.o(.text)
    EXTI0_IRQHandler                         0x080001bf   Thumb Code     0  startup_stm32f10x_md.o(.text)
    EXTI15_10_IRQHandler                     0x080001bf   Thumb Code     0  startup_stm32f10x_md.o(.text)
    EXTI1_IRQHandler                         0x080001bf   Thumb Code     0  startup_stm32f10x_md.o(.text)
    EXTI2_IRQHandler                         0x080001bf   Thumb Code     0  startup_stm32f10x_md.o(.text)
    EXTI3_IRQHandler                         0x080001bf   Thumb Code     0  startup_stm32f10x_md.o(.text)
    EXTI4_IRQHandler                         0x080001bf   Thumb Code     0  startup_stm32f10x_md.o(.text)
    EXTI9_5_IRQHandler                       0x080001bf   Thumb Code     0  startup_stm32f10x_md.o(.text)
    FLASH_IRQHandler                         0x080001bf   Thumb Code     0  startup_stm32f10x_md.o(.text)
    I2C1_ER_IRQHandler                       0x080001bf   Thumb Code     0  startup_stm32f10x_md.o(.text)
    I2C1_EV_IRQHandler                       0x080001bf   Thumb Code     0  startup_stm32f10x_md.o(.text)
    I2C2_ER_IRQHandler                       0x080001bf   Thumb Code     0  startup_stm32f10x_md.o(.text)
    I2C2_EV_IRQHandler                       0x080001bf   Thumb Code     0  startup_stm32f10x_md.o(.text)
    PVD_IRQHandler                           0x080001bf   Thumb Code     0  startup_stm32f10x_md.o(.text)
    RCC_IRQHandler                           0x080001bf   Thumb Code     0  startup_stm32f10x_md.o(.text)
    RTCAlarm_IRQHandler                      0x080001bf   Thumb Code     0  startup_stm32f10x_md.o(.text)
    SPI1_IRQHandler                          0x080001bf   Thumb Code     0  startup_stm32f10x_md.o(.text)
    TAMPER_IRQHandler                        0x080001bf   Thumb Code     0  startup_stm32f10x_md.o(.text)
    TIM1_BRK_IRQHandler                      0x080001bf   Thumb Code     0  startup_stm32f10x_md.o(.text)
    TIM1_CC_IRQHandler                       0x080001bf   Thumb Code     0  startup_stm32f10x_md.o(.text)
    TIM1_TRG_COM_IRQHandler                  0x080001bf   Thumb Code     0  startup_stm32f10x_md.o(.text)
    TIM1_UP_IRQHandler                       0x080001bf   Thumb Code     0  startup_stm32f10x_md.o(.text)
    TIM2_IRQHandler                          0x080001bf   Thumb Code     0  startup_stm32f10x_md.o(.text)
    TIM3_IRQHandler                          0x080001bf   Thumb Code     0  startup_stm32f10x_md.o(.text)
    TIM4_IRQHandler                          0x080001bf   Thumb Code     0  startup_stm32f10x_md.o(.text)
    USART2_IRQHandler                        0x080001bf   Thumb Code     0  startup_stm32f10x_md.o(.text)
    USBWakeUp_IRQHandler                     0x080001bf   Thumb Code     0  startup_stm32f10x_md.o(.text)
    USB_HP_CAN1_TX_IRQHandler                0x080001bf   Thumb Code     0  startup_stm32f10x_md.o(.text)
    USB_LP_CAN1_RX0_IRQHandler               0x080001bf   Thumb Code     0  startup_stm32f10x_md.o(.text)
    WWDG_IRQHandler                          0x080001bf   Thumb Code     0  startup_stm32f10x_md.o(.text)
    __user_initial_stackheap                 0x080001c1   Thumb Code     0  startup_stm32f10x_md.o(.text)
    SetParamForFlash                         0x080001e1   Thumb Code     4  main.o(.text)
    GetAddrParamForFlash                     0x080001e5   Thumb Code     4  main.o(.text)
    Delay_mSec                               0x080001e9   Thumb Code    30  main.o(.text)
    SetMuxPrior                              0x08000207   Thumb Code   138  main.o(.text)
    Task_BlinkReg                            0x08000291   Thumb Code    16  main.o(.text)
    Task_UnitPojLineControl                  0x080002a1   Thumb Code   180  main.o(.text)
    Task_UnitConfig                          0x08000355   Thumb Code    66  main.o(.text)
    Task_UnitControl                         0x08000397   Thumb Code   540  main.o(.text)
    Task_UnitLock                            0x080005b3   Thumb Code   518  main.o(.text)
    Task_GetKeyState                         0x080007b9   Thumb Code   254  main.o(.text)
    Task_RS485ParsingCmdSB                   0x080008b7   Thumb Code    40  main.o(.text)
    Task_RS485ParsingCmdFP                   0x080008df   Thumb Code   382  main.o(.text)
    Task_RS485                               0x08000a5d   Thumb Code    70  main.o(.text)
    Task_CheckFault                          0x08000aa3   Thumb Code   644  main.o(.text)
    Task_Begin                               0x08000d27   Thumb Code    68  main.o(.text)
    Task_RS485NoConnect                      0x08000d6b   Thumb Code    14  main.o(.text)
    main                                     0x08000d79   Thumb Code   608  main.o(.text)
    SysTick_Handler                          0x08000fd9   Thumb Code   150  main.o(.text)
    AdcInit                                  0x08001085   Thumb Code   170  adc_st.o(.text)
    AdcGetMeas                               0x0800112f   Thumb Code    68  adc_st.o(.text)
    PojLineStatus                            0x08001173   Thumb Code    54  adc_st.o(.text)
    PojLineMeasLoop                          0x080011a9   Thumb Code   160  adc_st.o(.text)
    MeasFlagGet                              0x08001249   Thumb Code    22  adc_st.o(.text)
    MeasFlagSet                              0x0800125f   Thumb Code    16  adc_st.o(.text)
    MeasFlagClr                              0x0800126f   Thumb Code    16  adc_st.o(.text)
    PojLineGetStatus                         0x0800127f   Thumb Code    12  adc_st.o(.text)
    PojLineGetMeas                           0x0800128b   Thumb Code    10  adc_st.o(.text)
    BatLevel                                 0x08001295   Thumb Code    22  adc_st.o(.text)
    LcGetAvrMeas                             0x080012ab   Thumb Code    64  adc_st.o(.text)
    LcMeasLoop                               0x080012eb   Thumb Code   306  adc_st.o(.text)
    LcGetValue                               0x0800141d   Thumb Code    10  adc_st.o(.text)
    Get_Crc16                                0x0800146d   Thumb Code    56  crc16.o(.text)
    GpioInit                                 0x080014a9   Thumb Code   368  gpio_st.o(.text)
    GpioCheck                                0x08001619   Thumb Code   208  gpio_st.o(.text)
    GpioGetState                             0x080016e9   Thumb Code    28  gpio_st.o(.text)
    RtcInit                                  0x0800174d   Thumb Code   210  rtc_st.o(.text)
    GetCounterRTC                            0x0800181f   Thumb Code    18  rtc_st.o(.text)
    SetCounterRTC                            0x08001831   Thumb Code    38  rtc_st.o(.text)
    RTC_IRQHandler                           0x08001857   Thumb Code    68  rtc_st.o(.text)
    Spi2Init                                 0x080018a9   Thumb Code   138  spi_st.o(.text)
    Spi2GetStatus                            0x08001933   Thumb Code    12  spi_st.o(.text)
    Spi2SendData                             0x0800193f   Thumb Code    48  spi_st.o(.text)
    SPI2_IRQHandler                          0x0800196f   Thumb Code    44  spi_st.o(.text)
    InitRCC                                  0x080019ad   Thumb Code   194  sys_st.o(.text)
    SysInit                                  0x08001a6f   Thumb Code    70  sys_st.o(.text)
    Stm32FlashLock                           0x08001ab5   Thumb Code    14  sys_st.o(.text)
    Stm32FlashUnlock                         0x08001ac3   Thumb Code    12  sys_st.o(.text)
    Stm32FlashEraseAll                       0x08001acf   Thumb Code    68  sys_st.o(.text)
    Stm32FlashErasePage                      0x08001b13   Thumb Code    86  sys_st.o(.text)
    Stm32FlashWritePage                      0x08001b69   Thumb Code   102  sys_st.o(.text)
    Stm32FlashRead                           0x08001bcf   Thumb Code     6  sys_st.o(.text)
    Stm32FlashWriteBuf                       0x08001bd5   Thumb Code    36  sys_st.o(.text)
    NMI_Handler                              0x08001bf9   Thumb Code     2  sys_st.o(.text)
    HardFault_Handler                        0x08001bfb   Thumb Code    50  sys_st.o(.text)
    MemManage_Handler                        0x08001c2d   Thumb Code     8  sys_st.o(.text)
    BusFault_Handler                         0x08001c35   Thumb Code     8  sys_st.o(.text)
    UsageFault_Handler                       0x08001c3d   Thumb Code     2  sys_st.o(.text)
    SVC_Handler                              0x08001c3f   Thumb Code     2  sys_st.o(.text)
    SysTickInit                              0x08001c69   Thumb Code    16  sys_tick_st.o(.text)
    Tim1Init                                 0x08001c7d   Thumb Code   128  timers_st.o(.text)
    Zummer                                   0x08001cfd   Thumb Code    40  timers_st.o(.text)
    DisactivSound                            0x08001d25   Thumb Code    74  timers_st.o(.text)
    ZummerLoop                               0x08001d6f   Thumb Code   138  timers_st.o(.text)
    ZummerBeep                               0x08001df9   Thumb Code    30  timers_st.o(.text)
    ZummerBeepOff                            0x08001e17   Thumb Code    24  timers_st.o(.text)
    TIM1_Handler                             0x08001e2f   Thumb Code     2  timers_st.o(.text)
    Uart1Init                                0x08001e55   Thumb Code   100  uart_st.o(.text)
    Uart3Init                                0x08001eb9   Thumb Code   142  uart_st.o(.text)
    Uart1StarTx                              0x08001f47   Thumb Code    46  uart_st.o(.text)
    Uart3StarTx                              0x08001f75   Thumb Code    46  uart_st.o(.text)
    USART1_IRQHandler                        0x08001fa3   Thumb Code   138  uart_st.o(.text)
    USART3_IRQHandler                        0x0800202d   Thumb Code   182  uart_st.o(.text)
    DMA1Ch4InitForTX                         0x080020e3   Thumb Code    92  uart_st.o(.text)
    DMA1Ch4StartTX                           0x0800213f   Thumb Code    28  uart_st.o(.text)
    DMA1Ch5InitForRX                         0x0800215b   Thumb Code    92  uart_st.o(.text)
    GetStateDMAChannel4                      0x080021b7   Thumb Code    18  uart_st.o(.text)
    StartDMA1Ch5ForRX                        0x080021c9   Thumb Code    28  uart_st.o(.text)
    DMA1_Channel4_IRQHandler                 0x080021e5   Thumb Code    62  uart_st.o(.text)
    DMA1_Channel5_IRQHandler                 0x08002223   Thumb Code    82  uart_st.o(.text)
    Idle                                     0x0800228d   Thumb Code     2  rtos.o(.text)
    RTOS_TaskManager                         0x0800228f   Thumb Code    62  rtos.o(.text)
    RTOS_SetTask                             0x080022cd   Thumb Code    56  rtos.o(.text)
    RTOS_TimerService                        0x08002305   Thumb Code    98  rtos.o(.text)
    RTOS_GetTickCount                        0x08002367   Thumb Code     6  rtos.o(.text)
    RTOS_SetTimerTask                        0x0800236d   Thumb Code    96  rtos.o(.text)
    RTOS_Init                                0x080023cd   Thumb Code    56  rtos.o(.text)
    RTOS_Run                                 0x08002405   Thumb Code     8  rtos.o(.text)
    AmpInit                                  0x08002419   Thumb Code    36  amplifier.o(.text)
    AmpControl                               0x0800243d   Thumb Code    66  amplifier.o(.text)
    AmpGetStat                               0x0800247f   Thumb Code     6  amplifier.o(.text)
    ButSaveState                             0x08002491   Thumb Code    12  buttons.o(.text)
    ButGet                                   0x0800249d   Thumb Code     4  buttons.o(.text)
    ButToggle                                0x080024a1   Thumb Code    70  buttons.o(.text)
    ButFPControl                             0x080024e7   Thumb Code     6  buttons.o(.text)
    ButFPPreset                              0x080024ed   Thumb Code     6  buttons.o(.text)
    ButGetInstantState                       0x080024f3   Thumb Code    26  buttons.o(.text)
    ButGetState                              0x0800250d   Thumb Code    18  buttons.o(.text)
    ButGetToggleState                        0x0800251f   Thumb Code    72  buttons.o(.text)
    ButClrToggleState                        0x08002567   Thumb Code    32  buttons.o(.text)
    JQTxCmd                                  0x08002599   Thumb Code   174  jq6500.o(.text)
    JQReset                                  0x08002647   Thumb Code    44  jq6500.o(.text)
    JQInit                                   0x08002673   Thumb Code    12  jq6500.o(.text)
    JQRxResp                                 0x0800267f   Thumb Code    76  jq6500.o(.text)
    VoiceMessage                             0x080026cb   Thumb Code    66  jq6500.o(.text)
    LcInit                                   0x0800274d   Thumb Code    18  linecheck.o(.text)
    LcSetDeviation                           0x0800275f   Thumb Code    10  linecheck.o(.text)
    LcGetDeviation                           0x08002769   Thumb Code     6  linecheck.o(.text)
    LcSteadyStateLoop                        0x0800276f   Thumb Code   804  linecheck.o(.text)
    LcGetMeas                                0x08002a93   Thumb Code    10  linecheck.o(.text)
    LcGetStatus                              0x08002a9d   Thumb Code   104  linecheck.o(.text)
    LcSaveRef                                0x08002b05   Thumb Code    56  linecheck.o(.text)
    LcGetDefStatus                           0x08002b3d   Thumb Code    36  linecheck.o(.text)
    PowerAndChargeInit                       0x08002b65   Thumb Code    36  powerandcharge.o(.text)
    PowerGetACStatus                         0x08002b89   Thumb Code    54  powerandcharge.o(.text)
    PowerGetStatus                           0x08002bbf   Thumb Code     6  powerandcharge.o(.text)
    PowerBatGetStatus                        0x08002bc5   Thumb Code    90  powerandcharge.o(.text)
    RelayOrLedLoop                           0x08002c31   Thumb Code    26  relay.o(.text)
    RelayOrLedOn                             0x08002c4b   Thumb Code    16  relay.o(.text)
    RelayOrLedOff                            0x08002c5b   Thumb Code    16  relay.o(.text)
    RelayOrLedToggle                         0x08002c6b   Thumb Code    16  relay.o(.text)
    ZoneSet                                  0x08002c7b   Thumb Code    72  relay.o(.text)
    ZoneGetStatus                            0x08002cc3   Thumb Code    14  relay.o(.text)
    RS485Init                                0x08002cdd   Thumb Code    42  rs485.o(.text)
    RS485DE                                  0x08002d07   Thumb Code    22  rs485.o(.text)
    RS485TimeOutInc                          0x08002d1d   Thumb Code    48  rs485.o(.text)
    RS485FlagGet                             0x08002d4d   Thumb Code    22  rs485.o(.text)
    RS485FlagSet                             0x08002d63   Thumb Code    16  rs485.o(.text)
    RS485FlagClr                             0x08002d73   Thumb Code    16  rs485.o(.text)
    RS485RxClrBuf                            0x08002d83   Thumb Code    46  rs485.o(.text)
    RS485RxPacket                            0x08002db1   Thumb Code   332  rs485.o(.text)
    RS485RxGetDataFromBuf                    0x08002efd   Thumb Code     8  rs485.o(.text)
    RS485RxGetBufPtr                         0x08002f05   Thumb Code     4  rs485.o(.text)
    RS48RxGetTimeUTC                         0x08002f09   Thumb Code    28  rs485.o(.text)
    RS485TxStatusMB                          0x08002f25   Thumb Code   290  rs485.o(.text)
    RS485MasterLoop                          0x08003047   Thumb Code   104  rs485.o(.text)
    RS485TxRequestIP                         0x080030af   Thumb Code    78  rs485.o(.text)
    RS485TxRequestZE                         0x080030fd   Thumb Code    22  rs485.o(.text)
    SetAddress                               0x08003113   Thumb Code     6  rs485.o(.text)
    GetAddress                               0x08003119   Thumb Code     6  rs485.o(.text)
    SetGroup                                 0x0800311f   Thumb Code     6  rs485.o(.text)
    GetGroup                                 0x08003125   Thumb Code     6  rs485.o(.text)
    SetPriority                              0x0800312b   Thumb Code     6  rs485.o(.text)
    GetPriority                              0x08003131   Thumb Code     6  rs485.o(.text)
    RS485MB_SetPriority                      0x08003137   Thumb Code     6  rs485.o(.text)
    RS485MB_SetTxBuf                         0x0800313d   Thumb Code     4  rs485.o(.text)
    StatusZone1                              0x08003141   Thumb Code    10  rs485.o(.text)
    StatusZone2                              0x0800314b   Thumb Code    10  rs485.o(.text)
    SirenSaveStatus                          0x08003165   Thumb Code    50  sb_sirenboard.o(.text)
    SirenClrStatus                           0x08003197   Thumb Code    14  sb_sirenboard.o(.text)
    SirenGetStatus                           0x080031a5   Thumb Code     4  sb_sirenboard.o(.text)
    SirenGet                                 0x080031a9   Thumb Code     2  sb_sirenboard.o(.text)
    SirenControl                             0x080031ab   Thumb Code     2  sb_sirenboard.o(.text)
    SirenRS485TxBuf                          0x080031ad   Thumb Code    48  sb_sirenboard.o(.text)
    __use_two_region_memory                  0x080031e5   Thumb Code     2  heapauxi.o(.text)
    __rt_heap_escrow$2region                 0x080031e7   Thumb Code     2  heapauxi.o(.text)
    __rt_heap_expand$2region                 0x080031e9   Thumb Code     2  heapauxi.o(.text)
    __user_setup_stackheap                   0x080031eb   Thumb Code    74  sys_stackheap_outer.o(.text)
    exit                                     0x08003235   Thumb Code    18  exit.o(.text)
    __user_libspace                          0x08003249   Thumb Code     8  libspace.o(.text)
    __user_perproc_libspace                  0x08003249   Thumb Code     0  libspace.o(.text)
    __user_perthread_libspace                0x08003249   Thumb Code     0  libspace.o(.text)
    _sys_exit                                0x08003251   Thumb Code     8  sys_exit.o(.text)
    __I$use$semihosting                      0x0800325d   Thumb Code     0  use_no_semi.o(.text)
    __use_no_semihosting_swi                 0x0800325d   Thumb Code     2  use_no_semi.o(.text)
    __semihosting_library_function           0x0800325f   Thumb Code     0  indicate_semi.o(.text)
    __aeabi_d2uiz                            0x08003261   Thumb Code     0  dfixu.o(x$fpl$dfixu)
    _dfixu                                   0x08003261   Thumb Code    90  dfixu.o(x$fpl$dfixu)
    __aeabi_ui2d                             0x080032bb   Thumb Code     0  dflt_clz.o(x$fpl$dfltu)
    _dfltu                                   0x080032bb   Thumb Code    38  dflt_clz.o(x$fpl$dfltu)
    __aeabi_dmul                             0x080032e1   Thumb Code     0  dmul.o(x$fpl$dmul)
    _dmul                                    0x080032e1   Thumb Code   332  dmul.o(x$fpl$dmul)
    __fpl_dnaninf                            0x08003435   Thumb Code   156  dnaninf.o(x$fpl$dnaninf)
    __fpl_dretinf                            0x080034d1   Thumb Code    12  dretinf.o(x$fpl$dretinf)
    JqCmdChipResetArray                      0x080034dc   Data           4  jq6500.o(.constdata)
    __I$use$fp                               0x080034dc   Number         0  usenofp.o(x$fpl$usenofp)
    JqCmdPlayArray                           0x080034e0   Data           4  jq6500.o(.constdata)
    JqCmdPauseArray                          0x080034e4   Data           4  jq6500.o(.constdata)
    JqCmdSleepModeArray                      0x080034e8   Data           4  jq6500.o(.constdata)
    JqCmdNextArray                           0x080034ec   Data           4  jq6500.o(.constdata)
    JqCmdPreArray                            0x080034f0   Data           4  jq6500.o(.constdata)
    JqCmdVolMaxArray                         0x080034f4   Data           5  jq6500.o(.constdata)
    JqCmdVolUpArray                          0x080034f9   Data           4  jq6500.o(.constdata)
    JqCmdVolDownArray                        0x080034fd   Data           4  jq6500.o(.constdata)
    JqCmdReservArray                         0x08003501   Data           4  jq6500.o(.constdata)
    Region$$Table$$Base                      0x08003508   Number         0  anon$$obj.o(Region$$Table)
    Region$$Table$$Limit                     0x08003528   Number         0  anon$$obj.o(Region$$Table)
    Time                                     0x20000000   Data           6  main.o(.data)
    MicStatusReg                             0x20000006   Data           1  main.o(.data)
    KeyStatusReg                             0x20000007   Data           1  main.o(.data)
    Poj1StatReg                              0x20000008   Data           1  main.o(.data)
    Poj2StatReg                              0x20000009   Data           1  main.o(.data)
    Poj3StatReg                              0x2000000a   Data           1  main.o(.data)
    ChSStatReg                               0x2000000b   Data           1  main.o(.data)
    Zone1StatReg                             0x2000000c   Data           1  main.o(.data)
    Zone2StatReg                             0x2000000d   Data           1  main.o(.data)
    Zone3StatReg                             0x2000000e   Data           1  main.o(.data)
    Zone4StatReg                             0x2000000f   Data           1  main.o(.data)
    Zone5StatReg                             0x20000010   Data           1  main.o(.data)
    Zone6StatReg                             0x20000011   Data           1  main.o(.data)
    PriorityReg                              0x20000012   Data           1  main.o(.data)
    JqCmdReg                                 0x20000013   Data           1  main.o(.data)
    MAIN_FlagReg                             0x20000016   Data           2  main.o(.data)
    FaultReg                                 0x20000018   Data           2  main.o(.data)
    ButTempUnitControl                       0x2000001a   Data           2  main.o(.data)
    ParamForFlashPoint                       0x2000001c   Data           4  main.o(.data)
    PojLineStatusSTR                         0x20000028   Data           5  adc_st.o(.data)
    LcStatusSTR                              0x2000002d   Data           4  adc_st.o(.data)
    Crc16Table                               0x2000004a   Data         512  crc16.o(.data)
    GpioAState                               0x2000024a   Data           2  gpio_st.o(.data)
    GpioBState                               0x2000024c   Data           2  gpio_st.o(.data)
    GpioCState                               0x2000024e   Data           2  gpio_st.o(.data)
    U3WorkReg                                0x20000270   Data           8  uart_st.o(.data)
    U1WorkReg                                0x20000278   Data           8  uart_st.o(.data)
    RtosTickCount                            0x20000280   Data           4  rtos.o(.data)
    ButStateStr                              0x20000285   Data           4  buttons.o(.data)
    ButStateSTR2                             0x20000289   Data           6  buttons.o(.data)
    JqCmdLoopArray                           0x20000291   Data           5  jq6500.o(.data)
    JqCmdFolderSwArray                       0x20000296   Data           5  jq6500.o(.data)
    JqRespReg                                0x2000029b   Data           1  jq6500.o(.data)
    RS485RxCounterByte                       0x200002b8   Data           2  rs485.o(.data)
    RS485ProtocolFlagReg                     0x200002ba   Data           2  rs485.o(.data)
    RS485ProtocolTimeOut                     0x200002bc   Data           2  rs485.o(.data)
    SirenStatusSTR                           0x200002c4   Data           8  sb_sirenboard.o(.data)
    ParamForFlashUNION                       0x200003c8   Data          16  main.o(.bss)
    PojLineAvrMeasSTR                        0x200003d8   Data          10  adc_st.o(.bss)
    LcMeasSTR                                0x200003e2   Data          16  adc_st.o(.bss)
    LcStateUNION                             0x200004f0   Data          24  linecheck.o(.bss)
    DebugUNION                               0x20000508   Data          10  rs485.o(.bss)
    RS485TxBufUNION                          0x20000512   Data          64  rs485.o(.bss)
    RS485_MB_TxBuf                           0x20000552   Data          40  rs485.o(.bss)
    RS485RxBufUNION                          0x2000057a   Data          64  rs485.o(.bss)
    SirenCmdSTR                              0x200005ba   Data          19  sb_sirenboard.o(.bss)
    __libspace_start                         0x200005d0   Data          96  libspace.o(.bss)
    __temporary_stack_top$libspace           0x20000630   Data           0  libspace.o(.bss)



==============================================================================

Memory Map of the image

  Image Entry point : 0x080000ed

  Load Region LR_IROM1 (Base: 0x08000000, Size: 0x000037f4, Max: 0x00020000, ABSOLUTE, COMPRESSED[0x0000373c])

    Execution Region ER_IROM1 (Base: 0x08000000, Size: 0x00003528, Max: 0x00020000, ABSOLUTE)

    Base Addr    Size         Type   Attr      Idx    E Section Name        Object

    0x08000000   0x000000ec   Data   RO           33    RESET               startup_stm32f10x_md.o
    0x080000ec   0x00000008   Code   RO          543  * !!!main             c_w.l(__main.o)
    0x080000f4   0x00000034   Code   RO          719    !!!scatter          c_w.l(__scatter.o)
    0x08000128   0x0000003a   Code   RO          717    !!dczerorl          c_w.l(__dczerorl.o)
    0x08000162   0x00000002   PAD
    0x08000164   0x0000001c   Code   RO          721    !!handler_zi        c_w.l(__scatter_zi.o)
    0x08000180   0x00000002   Code   RO          587    .ARM.Collect$$libinit$$00000000  c_w.l(libinit.o)
    0x08000182   0x00000000   Code   RO          594    .ARM.Collect$$libinit$$00000002  c_w.l(libinit2.o)
    0x08000182   0x00000000   Code   RO          596    .ARM.Collect$$libinit$$00000004  c_w.l(libinit2.o)
    0x08000182   0x00000000   Code   RO          599    .ARM.Collect$$libinit$$0000000A  c_w.l(libinit2.o)
    0x08000182   0x00000000   Code   RO          601    .ARM.Collect$$libinit$$0000000C  c_w.l(libinit2.o)
    0x08000182   0x00000000   Code   RO          603    .ARM.Collect$$libinit$$0000000E  c_w.l(libinit2.o)
    0x08000182   0x00000000   Code   RO          606    .ARM.Collect$$libinit$$00000011  c_w.l(libinit2.o)
    0x08000182   0x00000000   Code   RO          608    .ARM.Collect$$libinit$$00000013  c_w.l(libinit2.o)
    0x08000182   0x00000000   Code   RO          610    .ARM.Collect$$libinit$$00000015  c_w.l(libinit2.o)
    0x08000182   0x00000000   Code   RO          612    .ARM.Collect$$libinit$$00000017  c_w.l(libinit2.o)
    0x08000182   0x00000000   Code   RO          614    .ARM.Collect$$libinit$$00000019  c_w.l(libinit2.o)
    0x08000182   0x00000000   Code   RO          616    .ARM.Collect$$libinit$$0000001B  c_w.l(libinit2.o)
    0x08000182   0x00000000   Code   RO          618    .ARM.Collect$$libinit$$0000001D  c_w.l(libinit2.o)
    0x08000182   0x00000000   Code   RO          620    .ARM.Collect$$libinit$$0000001F  c_w.l(libinit2.o)
    0x08000182   0x00000000   Code   RO          622    .ARM.Collect$$libinit$$00000021  c_w.l(libinit2.o)
    0x08000182   0x00000000   Code   RO          624    .ARM.Collect$$libinit$$00000023  c_w.l(libinit2.o)
    0x08000182   0x00000000   Code   RO          626    .ARM.Collect$$libinit$$00000025  c_w.l(libinit2.o)
    0x08000182   0x00000000   Code   RO          630    .ARM.Collect$$libinit$$0000002C  c_w.l(libinit2.o)
    0x08000182   0x00000000   Code   RO          632    .ARM.Collect$$libinit$$0000002E  c_w.l(libinit2.o)
    0x08000182   0x00000000   Code   RO          634    .ARM.Collect$$libinit$$00000030  c_w.l(libinit2.o)
    0x08000182   0x00000000   Code   RO          636    .ARM.Collect$$libinit$$00000032  c_w.l(libinit2.o)
    0x08000182   0x00000002   Code   RO          637    .ARM.Collect$$libinit$$00000033  c_w.l(libinit2.o)
    0x08000184   0x00000002   Code   RO          657    .ARM.Collect$$libshutdown$$00000000  c_w.l(libshutdown.o)
    0x08000186   0x00000000   Code   RO          670    .ARM.Collect$$libshutdown$$00000002  c_w.l(libshutdown2.o)
    0x08000186   0x00000000   Code   RO          672    .ARM.Collect$$libshutdown$$00000004  c_w.l(libshutdown2.o)
    0x08000186   0x00000000   Code   RO          675    .ARM.Collect$$libshutdown$$00000007  c_w.l(libshutdown2.o)
    0x08000186   0x00000000   Code   RO          678    .ARM.Collect$$libshutdown$$0000000A  c_w.l(libshutdown2.o)
    0x08000186   0x00000000   Code   RO          680    .ARM.Collect$$libshutdown$$0000000C  c_w.l(libshutdown2.o)
    0x08000186   0x00000000   Code   RO          683    .ARM.Collect$$libshutdown$$0000000F  c_w.l(libshutdown2.o)
    0x08000186   0x00000002   Code   RO          684    .ARM.Collect$$libshutdown$$00000010  c_w.l(libshutdown2.o)
    0x08000188   0x00000000   Code   RO          557    .ARM.Collect$$rtentry$$00000000  c_w.l(__rtentry.o)
    0x08000188   0x00000000   Code   RO          564    .ARM.Collect$$rtentry$$00000002  c_w.l(__rtentry2.o)
    0x08000188   0x00000006   Code   RO          576    .ARM.Collect$$rtentry$$00000004  c_w.l(__rtentry4.o)
    0x0800018e   0x00000000   Code   RO          566    .ARM.Collect$$rtentry$$00000009  c_w.l(__rtentry2.o)
    0x0800018e   0x00000004   Code   RO          567    .ARM.Collect$$rtentry$$0000000A  c_w.l(__rtentry2.o)
    0x08000192   0x00000000   Code   RO          569    .ARM.Collect$$rtentry$$0000000C  c_w.l(__rtentry2.o)
    0x08000192   0x00000008   Code   RO          570    .ARM.Collect$$rtentry$$0000000D  c_w.l(__rtentry2.o)
    0x0800019a   0x00000002   Code   RO          591    .ARM.Collect$$rtexit$$00000000  c_w.l(rtexit.o)
    0x0800019c   0x00000000   Code   RO          639    .ARM.Collect$$rtexit$$00000002  c_w.l(rtexit2.o)
    0x0800019c   0x00000004   Code   RO          640    .ARM.Collect$$rtexit$$00000003  c_w.l(rtexit2.o)
    0x080001a0   0x00000006   Code   RO          641    .ARM.Collect$$rtexit$$00000004  c_w.l(rtexit2.o)
    0x080001a6   0x00000002   PAD
    0x080001a8   0x00000038   Code   RO           34    .text               startup_stm32f10x_md.o
    0x080001e0   0x00000ea4   Code   RO           39    .text               main.o
    0x08001084   0x000003e8   Code   RO          132    .text               adc_st.o
    0x0800146c   0x0000003c   Code   RO          154    .text               crc16.o
    0x080014a8   0x000002a4   Code   RO          172    .text               gpio_st.o
    0x0800174c   0x0000015c   Code   RO          202    .text               rtc_st.o
    0x080018a8   0x00000104   Code   RO          221    .text               spi_st.o
    0x080019ac   0x000002bc   Code   RO          236    .text               sys_st.o
    0x08001c68   0x00000014   Code   RO          251    .text               sys_tick_st.o
    0x08001c7c   0x000001d8   Code   RO          266    .text               timers_st.o
    0x08001e54   0x00000436   Code   RO          286    .text               uart_st.o
    0x0800228a   0x00000002   PAD
    0x0800228c   0x0000018c   Code   RO          332    .text               rtos.o
    0x08002418   0x00000078   Code   RO          351    .text               amplifier.o
    0x08002490   0x00000108   Code   RO          368    .text               buttons.o
    0x08002598   0x000001b4   Code   RO          405    .text               jq6500.o
    0x0800274c   0x00000418   Code   RO          424    .text               linecheck.o
    0x08002b64   0x000000cc   Code   RO          443    .text               powerandcharge.o
    0x08002c30   0x000000ac   Code   RO          460    .text               relay.o
    0x08002cdc   0x00000488   Code   RO          501    .text               rs485.o
    0x08003164   0x00000080   Code   RO          523    .text               sb_sirenboard.o
    0x080031e4   0x00000006   Code   RO          541    .text               c_w.l(heapauxi.o)
    0x080031ea   0x0000004a   Code   RO          578    .text               c_w.l(sys_stackheap_outer.o)
    0x08003234   0x00000012   Code   RO          580    .text               c_w.l(exit.o)
    0x08003246   0x00000002   PAD
    0x08003248   0x00000008   Code   RO          588    .text               c_w.l(libspace.o)
    0x08003250   0x0000000c   Code   RO          649    .text               c_w.l(sys_exit.o)
    0x0800325c   0x00000002   Code   RO          660    .text               c_w.l(use_no_semi.o)
    0x0800325e   0x00000000   Code   RO          662    .text               c_w.l(indicate_semi.o)
    0x0800325e   0x00000002   PAD
    0x08003260   0x0000005a   Code   RO          545    x$fpl$dfixu         fz_ws.l(dfixu.o)
    0x080032ba   0x00000026   Code   RO          549    x$fpl$dfltu         fz_ws.l(dflt_clz.o)
    0x080032e0   0x00000154   Code   RO          555    x$fpl$dmul          fz_ws.l(dmul.o)
    0x08003434   0x0000009c   Code   RO          558    x$fpl$dnaninf       fz_ws.l(dnaninf.o)
    0x080034d0   0x0000000c   Code   RO          560    x$fpl$dretinf       fz_ws.l(dretinf.o)
    0x080034dc   0x00000000   Code   RO          562    x$fpl$usenofp       fz_ws.l(usenofp.o)
    0x080034dc   0x00000029   Data   RO          406    .constdata          jq6500.o
    0x08003505   0x00000003   PAD
    0x08003508   0x00000020   Data   RO          715    Region$$Table       anon$$obj.o


    Execution Region RW_IRAM1 (Base: 0x20000000, Size: 0x00000c30, Max: 0x00005000, ABSOLUTE, COMPRESSED[0x00000214])

    Base Addr    Size         Type   Attr      Idx    E Section Name        Object

    0x20000000   0x00000026   Data   RW           41    .data               main.o
    0x20000026   0x00000002   PAD
    0x20000028   0x00000021   Data   RW          134    .data               adc_st.o
    0x20000049   0x00000001   PAD
    0x2000004a   0x00000200   Data   RW          155    .data               crc16.o
    0x2000024a   0x0000001a   Data   RW          173    .data               gpio_st.o
    0x20000264   0x0000000c   Data   RW          267    .data               timers_st.o
    0x20000270   0x00000010   Data   RW          287    .data               uart_st.o
    0x20000280   0x00000004   Data   RW          334    .data               rtos.o
    0x20000284   0x00000001   Data   RW          352    .data               amplifier.o
    0x20000285   0x0000000c   Data   RW          369    .data               buttons.o
    0x20000291   0x00000012   Data   RW          407    .data               jq6500.o
    0x200002a3   0x00000001   PAD
    0x200002a4   0x00000008   Data   RW          426    .data               linecheck.o
    0x200002ac   0x00000004   Data   RW          444    .data               powerandcharge.o
    0x200002b0   0x00000008   Data   RW          461    .data               relay.o
    0x200002b8   0x0000000c   Data   RW          503    .data               rs485.o
    0x200002c4   0x00000008   Data   RW          525    .data               sb_sirenboard.o
    0x200002cc   0x0000010c   Zero   RW           40    .bss                main.o
    0x200003d8   0x0000001a   Zero   RW          133    .bss                adc_st.o
    0x200003f2   0x00000002   PAD
    0x200003f4   0x000000fc   Zero   RW          333    .bss                rtos.o
    0x200004f0   0x00000018   Zero   RW          425    .bss                linecheck.o
    0x20000508   0x000000b2   Zero   RW          502    .bss                rs485.o
    0x200005ba   0x00000013   Zero   RW          524    .bss                sb_sirenboard.o
    0x200005cd   0x00000003   PAD
    0x200005d0   0x00000060   Zero   RW          589    .bss                c_w.l(libspace.o)
    0x20000630   0x00000200   Zero   RW           32    HEAP                startup_stm32f10x_md.o
    0x20000830   0x00000400   Zero   RW           31    STACK               startup_stm32f10x_md.o


==============================================================================

Image component sizes


      Code (inc. data)   RO Data    RW Data    ZI Data      Debug   Object Name

      1000         70          0         33         26       4510   adc_st.o
       120         12          0          1          0       1180   amplifier.o
       264         18          0         12          0       4035   buttons.o
        60          4          0        512          0       1217   crc16.o
       676         72          0         26          0       1837   gpio_st.o
       436         82         41         18          0       2945   jq6500.o
      1048         22          0          8         24       3391   linecheck.o
      3748        196          0         38        268     210156   main.o
       204         18          0          4          0       1791   powerandcharge.o
       172         12          0          8          0       2063   relay.o
      1160         72          0         12        178      12299   rs485.o
       348         14          0          0          0      16236   rtc_st.o
       396         12          0          4        252       3298   rtos.o
       128          8          0          8         19       2083   sb_sirenboard.o
       260         18          0          0          0        998   spi_st.o
        56         22        236          0       1536        876   startup_stm32f10x_md.o
       700         40          0          0          0       2851   sys_st.o
        20          4          0          0          0        466   sys_tick_st.o
         0          0          0          0          0       4500   system_stm32f10x.o
       472         36          0         12          0       1945   timers_st.o
      1078         40          0         16          0      18948   uart_st.o

    ----------------------------------------------------------------------
     12348        772        312        716       2308     297625   Object Totals
         0          0         32          0          0          0   (incl. Generated)
         2          0          3          4          5          0   (incl. Padding)

    ----------------------------------------------------------------------

      Code (inc. data)   RO Data    RW Data    ZI Data      Debug   Library Member Name

        58          0          0          0          0          0   __dczerorl.o
         8          0          0          0          0         68   __main.o
         0          0          0          0          0          0   __rtentry.o
        12          0          0          0          0          0   __rtentry2.o
         6          0          0          0          0          0   __rtentry4.o
        52          8          0          0          0          0   __scatter.o
        28          0          0          0          0          0   __scatter_zi.o
        18          0          0          0          0         80   exit.o
         6          0          0          0          0        152   heapauxi.o
         0          0          0          0          0          0   indicate_semi.o
         2          0          0          0          0          0   libinit.o
         2          0          0          0          0          0   libinit2.o
         2          0          0          0          0          0   libshutdown.o
         2          0          0          0          0          0   libshutdown2.o
         8          4          0          0         96         68   libspace.o
         2          0          0          0          0          0   rtexit.o
        10          0          0          0          0          0   rtexit2.o
        12          4          0          0          0         68   sys_exit.o
        74          0          0          0          0         80   sys_stackheap_outer.o
         2          0          0          0          0         68   use_no_semi.o
        90          4          0          0          0         92   dfixu.o
        38          0          0          0          0         68   dflt_clz.o
       340         12          0          0          0        104   dmul.o
       156          4          0          0          0         92   dnaninf.o
        12          0          0          0          0         68   dretinf.o
         0          0          0          0          0          0   usenofp.o

    ----------------------------------------------------------------------
       948         36          0          0         96       1008   Library Totals
         8          0          0          0          0          0   (incl. Padding)

    ----------------------------------------------------------------------

      Code (inc. data)   RO Data    RW Data    ZI Data      Debug   Library Name

       304         16          0          0         96        584   c_w.l
       636         20          0          0          0        424   fz_ws.l

    ----------------------------------------------------------------------
       948         36          0          0         96       1008   Library Totals

    ----------------------------------------------------------------------

==============================================================================


      Code (inc. data)   RO Data    RW Data    ZI Data      Debug   

     13296        808        312        716       2404     295561   Grand Totals
     13296        808        312        532       2404     295561   ELF Image Totals (compressed)
     13296        808        312        532          0          0   ROM Totals

==============================================================================

    Total RO  Size (Code + RO Data)                13608 (  13.29kB)
    Total RW  Size (RW Data + ZI Data)              3120 (   3.05kB)
    Total ROM Size (Code + RO Data + RW Data)      14140 (  13.81kB)

==============================================================================

