<html>
<body>
<pre>
<h1>µVision Build Log</h1>
<h2>Project:</h2>
D:\02_Keil5_17_Project\01_KeilProjects_NEW8000\NEW8000_MB\STM32F103_NEW8000MBV2_SWv001\STM32F103_NEW8000MBV2_SWv001.uvproj
Project File Date:  03/25/2020

<h2>Output:</h2>
Rebuild target 'stm32f103_new8000MBv2_sw001'
compiling system_stm32f10x.c...
assembling startup_stm32f10x_md.s...
compiling main.c...
compiling adc_ST.c...
compiling crc16.c...
compiling gpio_ST.c...
compiling lcd_3_Wire.c...
compiling rtc_ST.c...
compiling spi_ST.c...
compiling sys_ST.c...
compiling sys_tick_ST.c...
compiling timers_ST.c...
compiling uart_ST.c...
compiling RTOS.c...
compiling Amplifier.c...
compiling Buttons.c...
compiling Eep.c...
compiling Jq6500.c...
compiling LineCheck.c...
compiling PowerAndCharge.c...
compiling Relay.c...
compiling Rtc.c...
compiling VirtMachine.c...
linking...
Program Size: Code=13112 RO-data=312 RW-data=192 ZI-data=2272  
FromELF: creating hex file...
".\OutFiles\STM32F103_NEW8000MBV2_SWv001.axf" - 0 Error(s), 0 Warning(s).
Load "D:\\02_Keil5_17_Project\\01_KeilProjects_NEW8000\\NEW8000_MB\\STM32F103_NEW8000MBV2_SWv001\\OutFiles\\STM32F103_NEW8000MBV2_SWv001.axf" 
Erase Done.
Programming Done.
Verify OK.
Application running ...
</pre>
</body>
</html>
