<!doctype html public "-//w3c//dtd html 4.0 transitional//en">
<html><head>
<title>Static Call Graph - [.\OutFiles\STM32F103_NEW8000MBV2_SWv001.axf]</title></head>
<body><HR>
<H1>Static Call Graph for image .\OutFiles\STM32F103_NEW8000MBV2_SWv001.axf</H1><HR>
<BR><P>#&#060CALLGRAPH&#062# ARM Linker, 5060061: Last Updated: Mon Apr 06 20:02:00 2020
<BR><P>
<H3>Maximum Stack Usage =         88 bytes + Unknown(Functions without stacksize, Cycles, Untraceable Function Pointers)</H3><H3>
Call chain for Maximum Stack Depth:</H3>
SysTick_Handler &rArr; RS485MasterLoop &rArr; RS485TxStatusMB &rArr; __aeabi_dmul
<P>
<H3>
Functions with no stack information
</H3><UL>
 <LI><a href="#[be]">__user_initial_stackheap</a>
</UL>
</UL>
<P>
<H3>
Mutually Recursive functions
</H3> <LI><a href="#[a]">DebugMon_Handler</a>&nbsp;&nbsp;&nbsp;&rArr;&nbsp;&nbsp;&nbsp;<a href="#[a]">DebugMon_Handler</a><BR>
 <LI><a href="#[b]">PendSV_Handler</a>&nbsp;&nbsp;&nbsp;&rArr;&nbsp;&nbsp;&nbsp;<a href="#[b]">PendSV_Handler</a><BR>
 <LI><a href="#[1f]">ADC1_2_IRQHandler</a>&nbsp;&nbsp;&nbsp;&rArr;&nbsp;&nbsp;&nbsp;<a href="#[1f]">ADC1_2_IRQHandler</a><BR>
</UL>
<P>
<H3>
Function Pointers
</H3><UL>
 <LI><a href="#[1f]">ADC1_2_IRQHandler</a> from startup_stm32f10x_md.o(.text) referenced from startup_stm32f10x_md.o(RESET)
 <LI><a href="#[7]">BusFault_Handler</a> from sys_st.o(.text) referenced from startup_stm32f10x_md.o(RESET)
 <LI><a href="#[22]">CAN1_RX1_IRQHandler</a> from startup_stm32f10x_md.o(.text) referenced from startup_stm32f10x_md.o(RESET)
 <LI><a href="#[23]">CAN1_SCE_IRQHandler</a> from startup_stm32f10x_md.o(.text) referenced from startup_stm32f10x_md.o(RESET)
 <LI><a href="#[18]">DMA1_Channel1_IRQHandler</a> from startup_stm32f10x_md.o(.text) referenced from startup_stm32f10x_md.o(RESET)
 <LI><a href="#[19]">DMA1_Channel2_IRQHandler</a> from startup_stm32f10x_md.o(.text) referenced from startup_stm32f10x_md.o(RESET)
 <LI><a href="#[1a]">DMA1_Channel3_IRQHandler</a> from startup_stm32f10x_md.o(.text) referenced from startup_stm32f10x_md.o(RESET)
 <LI><a href="#[1b]">DMA1_Channel4_IRQHandler</a> from uart_st.o(.text) referenced from startup_stm32f10x_md.o(RESET)
 <LI><a href="#[1c]">DMA1_Channel5_IRQHandler</a> from uart_st.o(.text) referenced from startup_stm32f10x_md.o(RESET)
 <LI><a href="#[1d]">DMA1_Channel6_IRQHandler</a> from startup_stm32f10x_md.o(.text) referenced from startup_stm32f10x_md.o(RESET)
 <LI><a href="#[1e]">DMA1_Channel7_IRQHandler</a> from startup_stm32f10x_md.o(.text) referenced from startup_stm32f10x_md.o(RESET)
 <LI><a href="#[a]">DebugMon_Handler</a> from startup_stm32f10x_md.o(.text) referenced from startup_stm32f10x_md.o(RESET)
 <LI><a href="#[13]">EXTI0_IRQHandler</a> from startup_stm32f10x_md.o(.text) referenced from startup_stm32f10x_md.o(RESET)
 <LI><a href="#[35]">EXTI15_10_IRQHandler</a> from startup_stm32f10x_md.o(.text) referenced from startup_stm32f10x_md.o(RESET)
 <LI><a href="#[14]">EXTI1_IRQHandler</a> from startup_stm32f10x_md.o(.text) referenced from startup_stm32f10x_md.o(RESET)
 <LI><a href="#[15]">EXTI2_IRQHandler</a> from startup_stm32f10x_md.o(.text) referenced from startup_stm32f10x_md.o(RESET)
 <LI><a href="#[16]">EXTI3_IRQHandler</a> from startup_stm32f10x_md.o(.text) referenced from startup_stm32f10x_md.o(RESET)
 <LI><a href="#[17]">EXTI4_IRQHandler</a> from startup_stm32f10x_md.o(.text) referenced from startup_stm32f10x_md.o(RESET)
 <LI><a href="#[24]">EXTI9_5_IRQHandler</a> from startup_stm32f10x_md.o(.text) referenced from startup_stm32f10x_md.o(RESET)
 <LI><a href="#[11]">FLASH_IRQHandler</a> from startup_stm32f10x_md.o(.text) referenced from startup_stm32f10x_md.o(RESET)
 <LI><a href="#[5]">HardFault_Handler</a> from sys_st.o(.text) referenced from startup_stm32f10x_md.o(RESET)
 <LI><a href="#[2d]">I2C1_ER_IRQHandler</a> from startup_stm32f10x_md.o(.text) referenced from startup_stm32f10x_md.o(RESET)
 <LI><a href="#[2c]">I2C1_EV_IRQHandler</a> from startup_stm32f10x_md.o(.text) referenced from startup_stm32f10x_md.o(RESET)
 <LI><a href="#[2f]">I2C2_ER_IRQHandler</a> from startup_stm32f10x_md.o(.text) referenced from startup_stm32f10x_md.o(RESET)
 <LI><a href="#[2e]">I2C2_EV_IRQHandler</a> from startup_stm32f10x_md.o(.text) referenced from startup_stm32f10x_md.o(RESET)
 <LI><a href="#[a5]">Idle</a> from rtos.o(.text) referenced 9 times from rtos.o(.text)
 <LI><a href="#[6]">MemManage_Handler</a> from sys_st.o(.text) referenced from startup_stm32f10x_md.o(RESET)
 <LI><a href="#[4]">NMI_Handler</a> from sys_st.o(.text) referenced from startup_stm32f10x_md.o(RESET)
 <LI><a href="#[e]">PVD_IRQHandler</a> from startup_stm32f10x_md.o(.text) referenced from startup_stm32f10x_md.o(RESET)
 <LI><a href="#[b]">PendSV_Handler</a> from startup_stm32f10x_md.o(.text) referenced from startup_stm32f10x_md.o(RESET)
 <LI><a href="#[12]">RCC_IRQHandler</a> from startup_stm32f10x_md.o(.text) referenced from startup_stm32f10x_md.o(RESET)
 <LI><a href="#[36]">RTCAlarm_IRQHandler</a> from startup_stm32f10x_md.o(.text) referenced from startup_stm32f10x_md.o(RESET)
 <LI><a href="#[10]">RTC_IRQHandler</a> from rtc_st.o(.text) referenced from startup_stm32f10x_md.o(RESET)
 <LI><a href="#[3]">Reset_Handler</a> from startup_stm32f10x_md.o(.text) referenced from startup_stm32f10x_md.o(RESET)
 <LI><a href="#[30]">SPI1_IRQHandler</a> from startup_stm32f10x_md.o(.text) referenced from startup_stm32f10x_md.o(RESET)
 <LI><a href="#[31]">SPI2_IRQHandler</a> from spi_st.o(.text) referenced from startup_stm32f10x_md.o(RESET)
 <LI><a href="#[9]">SVC_Handler</a> from sys_st.o(.text) referenced from startup_stm32f10x_md.o(RESET)
 <LI><a href="#[c]">SysTick_Handler</a> from main.o(.text) referenced from startup_stm32f10x_md.o(RESET)
 <LI><a href="#[f]">TAMPER_IRQHandler</a> from startup_stm32f10x_md.o(.text) referenced from startup_stm32f10x_md.o(RESET)
 <LI><a href="#[25]">TIM1_BRK_IRQHandler</a> from startup_stm32f10x_md.o(.text) referenced from startup_stm32f10x_md.o(RESET)
 <LI><a href="#[28]">TIM1_CC_IRQHandler</a> from startup_stm32f10x_md.o(.text) referenced from startup_stm32f10x_md.o(RESET)
 <LI><a href="#[27]">TIM1_TRG_COM_IRQHandler</a> from startup_stm32f10x_md.o(.text) referenced from startup_stm32f10x_md.o(RESET)
 <LI><a href="#[26]">TIM1_UP_IRQHandler</a> from startup_stm32f10x_md.o(.text) referenced from startup_stm32f10x_md.o(RESET)
 <LI><a href="#[29]">TIM2_IRQHandler</a> from startup_stm32f10x_md.o(.text) referenced from startup_stm32f10x_md.o(RESET)
 <LI><a href="#[2a]">TIM3_IRQHandler</a> from startup_stm32f10x_md.o(.text) referenced from startup_stm32f10x_md.o(RESET)
 <LI><a href="#[2b]">TIM4_IRQHandler</a> from startup_stm32f10x_md.o(.text) referenced from startup_stm32f10x_md.o(RESET)
 <LI><a href="#[39]">Task_Begin</a> from main.o(.text) referenced 4 times from main.o(.text)
 <LI><a href="#[8c]">Task_BlinkReg</a> from main.o(.text) referenced from main.o(.text)
 <LI><a href="#[72]">Task_CheckFault</a> from main.o(.text) referenced from main.o(.text)
 <LI><a href="#[59]">Task_GetKeyState</a> from main.o(.text) referenced 2 times from main.o(.text)
 <LI><a href="#[3a]">Task_RS485</a> from main.o(.text) referenced 4 times from main.o(.text)
 <LI><a href="#[60]">Task_RS485ParsingCmdFP</a> from main.o(.text) referenced from main.o(.text)
 <LI><a href="#[5a]">Task_RS485ParsingCmdSB</a> from main.o(.text) referenced from main.o(.text)
 <LI><a href="#[50]">Task_UnitConfig</a> from main.o(.text) referenced from main.o(.text)
 <LI><a href="#[54]">Task_UnitControl</a> from main.o(.text) referenced from main.o(.text)
 <LI><a href="#[58]">Task_UnitLock</a> from main.o(.text) referenced from main.o(.text)
 <LI><a href="#[4a]">Task_UnitPojLineControl</a> from main.o(.text) referenced from main.o(.text)
 <LI><a href="#[32]">USART1_IRQHandler</a> from uart_st.o(.text) referenced from startup_stm32f10x_md.o(RESET)
 <LI><a href="#[33]">USART2_IRQHandler</a> from startup_stm32f10x_md.o(.text) referenced from startup_stm32f10x_md.o(RESET)
 <LI><a href="#[34]">USART3_IRQHandler</a> from uart_st.o(.text) referenced from startup_stm32f10x_md.o(RESET)
 <LI><a href="#[37]">USBWakeUp_IRQHandler</a> from startup_stm32f10x_md.o(.text) referenced from startup_stm32f10x_md.o(RESET)
 <LI><a href="#[20]">USB_HP_CAN1_TX_IRQHandler</a> from startup_stm32f10x_md.o(.text) referenced from startup_stm32f10x_md.o(RESET)
 <LI><a href="#[21]">USB_LP_CAN1_RX0_IRQHandler</a> from startup_stm32f10x_md.o(.text) referenced from startup_stm32f10x_md.o(RESET)
 <LI><a href="#[8]">UsageFault_Handler</a> from sys_st.o(.text) referenced from startup_stm32f10x_md.o(RESET)
 <LI><a href="#[d]">WWDG_IRQHandler</a> from startup_stm32f10x_md.o(.text) referenced from startup_stm32f10x_md.o(RESET)
 <LI><a href="#[3b]">__main</a> from __main.o(!!!main) referenced from startup_stm32f10x_md.o(.text)
</UL>
<P>
<H3>
Global Symbols
</H3>
<P><STRONG><a name="[3b]"></a>__main</STRONG> (Thumb, 8 bytes, Stack size 0 bytes, __main.o(!!!main))
<BR><BR>[Calls]<UL><LI><a href="#[3c]">&gt;&gt;</a>&nbsp;&nbsp;&nbsp;__scatterload
<LI><a href="#[3d]">&gt;&gt;</a>&nbsp;&nbsp;&nbsp;__rt_entry
</UL>

<P><STRONG><a name="[3c]"></a>__scatterload</STRONG> (Thumb, 0 bytes, Stack size unknown bytes, __scatter.o(!!!scatter))
<BR><BR>[Called By]<UL><LI><a href="#[3b]">&gt;&gt;</a>&nbsp;&nbsp;&nbsp;__main
</UL>

<P><STRONG><a name="[3e]"></a>__scatterload_rt2</STRONG> (Thumb, 44 bytes, Stack size unknown bytes, __scatter.o(!!!scatter), UNUSED)
<BR><BR>[Calls]<UL><LI><a href="#[3d]">&gt;&gt;</a>&nbsp;&nbsp;&nbsp;__rt_entry
</UL>

<P><STRONG><a name="[c4]"></a>__scatterload_rt2_thumb_only</STRONG> (Thumb, 0 bytes, Stack size unknown bytes, __scatter.o(!!!scatter), UNUSED)

<P><STRONG><a name="[c5]"></a>__scatterload_null</STRONG> (Thumb, 0 bytes, Stack size unknown bytes, __scatter.o(!!!scatter), UNUSED)

<P><STRONG><a name="[c6]"></a>__decompress</STRONG> (Thumb, 58 bytes, Stack size unknown bytes, __dczerorl.o(!!dczerorl), UNUSED)

<P><STRONG><a name="[c7]"></a>__decompress0</STRONG> (Thumb, 0 bytes, Stack size unknown bytes, __dczerorl.o(!!dczerorl), UNUSED)

<P><STRONG><a name="[c8]"></a>__scatterload_zeroinit</STRONG> (Thumb, 28 bytes, Stack size unknown bytes, __scatter_zi.o(!!handler_zi), UNUSED)

<P><STRONG><a name="[42]"></a>__rt_lib_init</STRONG> (Thumb, 0 bytes, Stack size unknown bytes, libinit.o(.ARM.Collect$$libinit$$00000000))
<BR><BR>[Called By]<UL><LI><a href="#[41]">&gt;&gt;</a>&nbsp;&nbsp;&nbsp;__rt_entry_li
</UL>

<P><STRONG><a name="[c9]"></a>__rt_lib_init_alloca_1</STRONG> (Thumb, 0 bytes, Stack size unknown bytes, libinit2.o(.ARM.Collect$$libinit$$0000002E))

<P><STRONG><a name="[ca]"></a>__rt_lib_init_argv_1</STRONG> (Thumb, 0 bytes, Stack size unknown bytes, libinit2.o(.ARM.Collect$$libinit$$0000002C))

<P><STRONG><a name="[cb]"></a>__rt_lib_init_atexit_1</STRONG> (Thumb, 0 bytes, Stack size unknown bytes, libinit2.o(.ARM.Collect$$libinit$$0000001B))

<P><STRONG><a name="[cc]"></a>__rt_lib_init_clock_1</STRONG> (Thumb, 0 bytes, Stack size unknown bytes, libinit2.o(.ARM.Collect$$libinit$$00000021))

<P><STRONG><a name="[cd]"></a>__rt_lib_init_cpp_1</STRONG> (Thumb, 0 bytes, Stack size unknown bytes, libinit2.o(.ARM.Collect$$libinit$$00000032))

<P><STRONG><a name="[ce]"></a>__rt_lib_init_exceptions_1</STRONG> (Thumb, 0 bytes, Stack size unknown bytes, libinit2.o(.ARM.Collect$$libinit$$00000030))

<P><STRONG><a name="[cf]"></a>__rt_lib_init_fp_1</STRONG> (Thumb, 0 bytes, Stack size unknown bytes, libinit2.o(.ARM.Collect$$libinit$$00000002))

<P><STRONG><a name="[d0]"></a>__rt_lib_init_fp_trap_1</STRONG> (Thumb, 0 bytes, Stack size unknown bytes, libinit2.o(.ARM.Collect$$libinit$$0000001F))

<P><STRONG><a name="[d1]"></a>__rt_lib_init_getenv_1</STRONG> (Thumb, 0 bytes, Stack size unknown bytes, libinit2.o(.ARM.Collect$$libinit$$00000023))

<P><STRONG><a name="[d2]"></a>__rt_lib_init_heap_1</STRONG> (Thumb, 0 bytes, Stack size unknown bytes, libinit2.o(.ARM.Collect$$libinit$$0000000A))

<P><STRONG><a name="[d3]"></a>__rt_lib_init_lc_collate_1</STRONG> (Thumb, 0 bytes, Stack size unknown bytes, libinit2.o(.ARM.Collect$$libinit$$00000011))

<P><STRONG><a name="[d4]"></a>__rt_lib_init_lc_ctype_1</STRONG> (Thumb, 0 bytes, Stack size unknown bytes, libinit2.o(.ARM.Collect$$libinit$$00000013))

<P><STRONG><a name="[d5]"></a>__rt_lib_init_lc_monetary_1</STRONG> (Thumb, 0 bytes, Stack size unknown bytes, libinit2.o(.ARM.Collect$$libinit$$00000015))

<P><STRONG><a name="[d6]"></a>__rt_lib_init_lc_numeric_1</STRONG> (Thumb, 0 bytes, Stack size unknown bytes, libinit2.o(.ARM.Collect$$libinit$$00000017))

<P><STRONG><a name="[d7]"></a>__rt_lib_init_lc_time_1</STRONG> (Thumb, 0 bytes, Stack size unknown bytes, libinit2.o(.ARM.Collect$$libinit$$00000019))

<P><STRONG><a name="[d8]"></a>__rt_lib_init_preinit_1</STRONG> (Thumb, 0 bytes, Stack size unknown bytes, libinit2.o(.ARM.Collect$$libinit$$00000004))

<P><STRONG><a name="[d9]"></a>__rt_lib_init_rand_1</STRONG> (Thumb, 0 bytes, Stack size unknown bytes, libinit2.o(.ARM.Collect$$libinit$$0000000E))

<P><STRONG><a name="[da]"></a>__rt_lib_init_return</STRONG> (Thumb, 0 bytes, Stack size unknown bytes, libinit2.o(.ARM.Collect$$libinit$$00000033))

<P><STRONG><a name="[db]"></a>__rt_lib_init_signal_1</STRONG> (Thumb, 0 bytes, Stack size unknown bytes, libinit2.o(.ARM.Collect$$libinit$$0000001D))

<P><STRONG><a name="[dc]"></a>__rt_lib_init_stdio_1</STRONG> (Thumb, 0 bytes, Stack size unknown bytes, libinit2.o(.ARM.Collect$$libinit$$00000025))

<P><STRONG><a name="[dd]"></a>__rt_lib_init_user_alloc_1</STRONG> (Thumb, 0 bytes, Stack size unknown bytes, libinit2.o(.ARM.Collect$$libinit$$0000000C))

<P><STRONG><a name="[47]"></a>__rt_lib_shutdown</STRONG> (Thumb, 0 bytes, Stack size unknown bytes, libshutdown.o(.ARM.Collect$$libshutdown$$00000000))
<BR><BR>[Called By]<UL><LI><a href="#[46]">&gt;&gt;</a>&nbsp;&nbsp;&nbsp;__rt_exit_ls
</UL>

<P><STRONG><a name="[de]"></a>__rt_lib_shutdown_cpp_1</STRONG> (Thumb, 0 bytes, Stack size unknown bytes, libshutdown2.o(.ARM.Collect$$libshutdown$$00000002))

<P><STRONG><a name="[df]"></a>__rt_lib_shutdown_fp_trap_1</STRONG> (Thumb, 0 bytes, Stack size unknown bytes, libshutdown2.o(.ARM.Collect$$libshutdown$$00000007))

<P><STRONG><a name="[e0]"></a>__rt_lib_shutdown_heap_1</STRONG> (Thumb, 0 bytes, Stack size unknown bytes, libshutdown2.o(.ARM.Collect$$libshutdown$$0000000F))

<P><STRONG><a name="[e1]"></a>__rt_lib_shutdown_return</STRONG> (Thumb, 0 bytes, Stack size unknown bytes, libshutdown2.o(.ARM.Collect$$libshutdown$$00000010))

<P><STRONG><a name="[e2]"></a>__rt_lib_shutdown_signal_1</STRONG> (Thumb, 0 bytes, Stack size unknown bytes, libshutdown2.o(.ARM.Collect$$libshutdown$$0000000A))

<P><STRONG><a name="[e3]"></a>__rt_lib_shutdown_stdio_1</STRONG> (Thumb, 0 bytes, Stack size unknown bytes, libshutdown2.o(.ARM.Collect$$libshutdown$$00000004))

<P><STRONG><a name="[e4]"></a>__rt_lib_shutdown_user_alloc_1</STRONG> (Thumb, 0 bytes, Stack size unknown bytes, libshutdown2.o(.ARM.Collect$$libshutdown$$0000000C))

<P><STRONG><a name="[3d]"></a>__rt_entry</STRONG> (Thumb, 0 bytes, Stack size unknown bytes, __rtentry.o(.ARM.Collect$$rtentry$$00000000))
<BR><BR>[Called By]<UL><LI><a href="#[3e]">&gt;&gt;</a>&nbsp;&nbsp;&nbsp;__scatterload_rt2
<LI><a href="#[3b]">&gt;&gt;</a>&nbsp;&nbsp;&nbsp;__main
</UL>

<P><STRONG><a name="[e5]"></a>__rt_entry_presh_1</STRONG> (Thumb, 0 bytes, Stack size unknown bytes, __rtentry2.o(.ARM.Collect$$rtentry$$00000002))

<P><STRONG><a name="[3f]"></a>__rt_entry_sh</STRONG> (Thumb, 0 bytes, Stack size unknown bytes, __rtentry4.o(.ARM.Collect$$rtentry$$00000004))
<BR><BR>[Stack]<UL><LI>Max Depth = 8 + Unknown Stack Size
<LI>Call Chain = __rt_entry_sh &rArr; __user_setup_stackheap
</UL>
<BR>[Calls]<UL><LI><a href="#[40]">&gt;&gt;</a>&nbsp;&nbsp;&nbsp;__user_setup_stackheap
</UL>

<P><STRONG><a name="[41]"></a>__rt_entry_li</STRONG> (Thumb, 0 bytes, Stack size unknown bytes, __rtentry2.o(.ARM.Collect$$rtentry$$0000000A))
<BR><BR>[Calls]<UL><LI><a href="#[42]">&gt;&gt;</a>&nbsp;&nbsp;&nbsp;__rt_lib_init
</UL>

<P><STRONG><a name="[e6]"></a>__rt_entry_postsh_1</STRONG> (Thumb, 0 bytes, Stack size unknown bytes, __rtentry2.o(.ARM.Collect$$rtentry$$00000009))

<P><STRONG><a name="[43]"></a>__rt_entry_main</STRONG> (Thumb, 0 bytes, Stack size unknown bytes, __rtentry2.o(.ARM.Collect$$rtentry$$0000000D))
<BR><BR>[Stack]<UL><LI>Max Depth = 28 + Unknown Stack Size
<LI>Call Chain = __rt_entry_main &rArr; main &rArr; JQInit &rArr; JQReset &rArr; JQTxCmd
</UL>
<BR>[Calls]<UL><LI><a href="#[44]">&gt;&gt;</a>&nbsp;&nbsp;&nbsp;main
<LI><a href="#[45]">&gt;&gt;</a>&nbsp;&nbsp;&nbsp;exit
</UL>

<P><STRONG><a name="[e7]"></a>__rt_entry_postli_1</STRONG> (Thumb, 0 bytes, Stack size unknown bytes, __rtentry2.o(.ARM.Collect$$rtentry$$0000000C))

<P><STRONG><a name="[bf]"></a>__rt_exit</STRONG> (Thumb, 0 bytes, Stack size unknown bytes, rtexit.o(.ARM.Collect$$rtexit$$00000000))
<BR><BR>[Called By]<UL><LI><a href="#[45]">&gt;&gt;</a>&nbsp;&nbsp;&nbsp;exit
</UL>

<P><STRONG><a name="[46]"></a>__rt_exit_ls</STRONG> (Thumb, 0 bytes, Stack size unknown bytes, rtexit2.o(.ARM.Collect$$rtexit$$00000003))
<BR><BR>[Calls]<UL><LI><a href="#[47]">&gt;&gt;</a>&nbsp;&nbsp;&nbsp;__rt_lib_shutdown
</UL>

<P><STRONG><a name="[e8]"></a>__rt_exit_prels_1</STRONG> (Thumb, 0 bytes, Stack size unknown bytes, rtexit2.o(.ARM.Collect$$rtexit$$00000002))

<P><STRONG><a name="[48]"></a>__rt_exit_exit</STRONG> (Thumb, 0 bytes, Stack size unknown bytes, rtexit2.o(.ARM.Collect$$rtexit$$00000004))
<BR><BR>[Calls]<UL><LI><a href="#[49]">&gt;&gt;</a>&nbsp;&nbsp;&nbsp;_sys_exit
</UL>

<P><STRONG><a name="[3]"></a>Reset_Handler</STRONG> (Thumb, 4 bytes, Stack size 0 bytes, startup_stm32f10x_md.o(.text))
<BR>[Address Reference Count : 1]<UL><LI> startup_stm32f10x_md.o(RESET)
</UL>
<P><STRONG><a name="[a]"></a>DebugMon_Handler</STRONG> (Thumb, 2 bytes, Stack size 0 bytes, startup_stm32f10x_md.o(.text))
<BR><BR>[Calls]<UL><LI><a href="#[a]">&gt;&gt;</a>&nbsp;&nbsp;&nbsp;DebugMon_Handler
</UL>
<BR>[Called By]<UL><LI><a href="#[a]">&gt;&gt;</a>&nbsp;&nbsp;&nbsp;DebugMon_Handler
</UL>
<BR>[Address Reference Count : 1]<UL><LI> startup_stm32f10x_md.o(RESET)
</UL>
<P><STRONG><a name="[b]"></a>PendSV_Handler</STRONG> (Thumb, 2 bytes, Stack size 0 bytes, startup_stm32f10x_md.o(.text))
<BR><BR>[Calls]<UL><LI><a href="#[b]">&gt;&gt;</a>&nbsp;&nbsp;&nbsp;PendSV_Handler
</UL>
<BR>[Called By]<UL><LI><a href="#[b]">&gt;&gt;</a>&nbsp;&nbsp;&nbsp;PendSV_Handler
</UL>
<BR>[Address Reference Count : 1]<UL><LI> startup_stm32f10x_md.o(RESET)
</UL>
<P><STRONG><a name="[1f]"></a>ADC1_2_IRQHandler</STRONG> (Thumb, 0 bytes, Stack size 0 bytes, startup_stm32f10x_md.o(.text))
<BR><BR>[Calls]<UL><LI><a href="#[1f]">&gt;&gt;</a>&nbsp;&nbsp;&nbsp;ADC1_2_IRQHandler
</UL>
<BR>[Called By]<UL><LI><a href="#[1f]">&gt;&gt;</a>&nbsp;&nbsp;&nbsp;ADC1_2_IRQHandler
</UL>
<BR>[Address Reference Count : 1]<UL><LI> startup_stm32f10x_md.o(RESET)
</UL>
<P><STRONG><a name="[22]"></a>CAN1_RX1_IRQHandler</STRONG> (Thumb, 0 bytes, Stack size 0 bytes, startup_stm32f10x_md.o(.text))
<BR>[Address Reference Count : 1]<UL><LI> startup_stm32f10x_md.o(RESET)
</UL>
<P><STRONG><a name="[23]"></a>CAN1_SCE_IRQHandler</STRONG> (Thumb, 0 bytes, Stack size 0 bytes, startup_stm32f10x_md.o(.text))
<BR>[Address Reference Count : 1]<UL><LI> startup_stm32f10x_md.o(RESET)
</UL>
<P><STRONG><a name="[18]"></a>DMA1_Channel1_IRQHandler</STRONG> (Thumb, 0 bytes, Stack size 0 bytes, startup_stm32f10x_md.o(.text))
<BR>[Address Reference Count : 1]<UL><LI> startup_stm32f10x_md.o(RESET)
</UL>
<P><STRONG><a name="[19]"></a>DMA1_Channel2_IRQHandler</STRONG> (Thumb, 0 bytes, Stack size 0 bytes, startup_stm32f10x_md.o(.text))
<BR>[Address Reference Count : 1]<UL><LI> startup_stm32f10x_md.o(RESET)
</UL>
<P><STRONG><a name="[1a]"></a>DMA1_Channel3_IRQHandler</STRONG> (Thumb, 0 bytes, Stack size 0 bytes, startup_stm32f10x_md.o(.text))
<BR>[Address Reference Count : 1]<UL><LI> startup_stm32f10x_md.o(RESET)
</UL>
<P><STRONG><a name="[1d]"></a>DMA1_Channel6_IRQHandler</STRONG> (Thumb, 0 bytes, Stack size 0 bytes, startup_stm32f10x_md.o(.text))
<BR>[Address Reference Count : 1]<UL><LI> startup_stm32f10x_md.o(RESET)
</UL>
<P><STRONG><a name="[1e]"></a>DMA1_Channel7_IRQHandler</STRONG> (Thumb, 0 bytes, Stack size 0 bytes, startup_stm32f10x_md.o(.text))
<BR>[Address Reference Count : 1]<UL><LI> startup_stm32f10x_md.o(RESET)
</UL>
<P><STRONG><a name="[13]"></a>EXTI0_IRQHandler</STRONG> (Thumb, 0 bytes, Stack size 0 bytes, startup_stm32f10x_md.o(.text))
<BR>[Address Reference Count : 1]<UL><LI> startup_stm32f10x_md.o(RESET)
</UL>
<P><STRONG><a name="[35]"></a>EXTI15_10_IRQHandler</STRONG> (Thumb, 0 bytes, Stack size 0 bytes, startup_stm32f10x_md.o(.text))
<BR>[Address Reference Count : 1]<UL><LI> startup_stm32f10x_md.o(RESET)
</UL>
<P><STRONG><a name="[14]"></a>EXTI1_IRQHandler</STRONG> (Thumb, 0 bytes, Stack size 0 bytes, startup_stm32f10x_md.o(.text))
<BR>[Address Reference Count : 1]<UL><LI> startup_stm32f10x_md.o(RESET)
</UL>
<P><STRONG><a name="[15]"></a>EXTI2_IRQHandler</STRONG> (Thumb, 0 bytes, Stack size 0 bytes, startup_stm32f10x_md.o(.text))
<BR>[Address Reference Count : 1]<UL><LI> startup_stm32f10x_md.o(RESET)
</UL>
<P><STRONG><a name="[16]"></a>EXTI3_IRQHandler</STRONG> (Thumb, 0 bytes, Stack size 0 bytes, startup_stm32f10x_md.o(.text))
<BR>[Address Reference Count : 1]<UL><LI> startup_stm32f10x_md.o(RESET)
</UL>
<P><STRONG><a name="[17]"></a>EXTI4_IRQHandler</STRONG> (Thumb, 0 bytes, Stack size 0 bytes, startup_stm32f10x_md.o(.text))
<BR>[Address Reference Count : 1]<UL><LI> startup_stm32f10x_md.o(RESET)
</UL>
<P><STRONG><a name="[24]"></a>EXTI9_5_IRQHandler</STRONG> (Thumb, 0 bytes, Stack size 0 bytes, startup_stm32f10x_md.o(.text))
<BR>[Address Reference Count : 1]<UL><LI> startup_stm32f10x_md.o(RESET)
</UL>
<P><STRONG><a name="[11]"></a>FLASH_IRQHandler</STRONG> (Thumb, 0 bytes, Stack size 0 bytes, startup_stm32f10x_md.o(.text))
<BR>[Address Reference Count : 1]<UL><LI> startup_stm32f10x_md.o(RESET)
</UL>
<P><STRONG><a name="[2d]"></a>I2C1_ER_IRQHandler</STRONG> (Thumb, 0 bytes, Stack size 0 bytes, startup_stm32f10x_md.o(.text))
<BR>[Address Reference Count : 1]<UL><LI> startup_stm32f10x_md.o(RESET)
</UL>
<P><STRONG><a name="[2c]"></a>I2C1_EV_IRQHandler</STRONG> (Thumb, 0 bytes, Stack size 0 bytes, startup_stm32f10x_md.o(.text))
<BR>[Address Reference Count : 1]<UL><LI> startup_stm32f10x_md.o(RESET)
</UL>
<P><STRONG><a name="[2f]"></a>I2C2_ER_IRQHandler</STRONG> (Thumb, 0 bytes, Stack size 0 bytes, startup_stm32f10x_md.o(.text))
<BR>[Address Reference Count : 1]<UL><LI> startup_stm32f10x_md.o(RESET)
</UL>
<P><STRONG><a name="[2e]"></a>I2C2_EV_IRQHandler</STRONG> (Thumb, 0 bytes, Stack size 0 bytes, startup_stm32f10x_md.o(.text))
<BR>[Address Reference Count : 1]<UL><LI> startup_stm32f10x_md.o(RESET)
</UL>
<P><STRONG><a name="[e]"></a>PVD_IRQHandler</STRONG> (Thumb, 0 bytes, Stack size 0 bytes, startup_stm32f10x_md.o(.text))
<BR>[Address Reference Count : 1]<UL><LI> startup_stm32f10x_md.o(RESET)
</UL>
<P><STRONG><a name="[12]"></a>RCC_IRQHandler</STRONG> (Thumb, 0 bytes, Stack size 0 bytes, startup_stm32f10x_md.o(.text))
<BR>[Address Reference Count : 1]<UL><LI> startup_stm32f10x_md.o(RESET)
</UL>
<P><STRONG><a name="[36]"></a>RTCAlarm_IRQHandler</STRONG> (Thumb, 0 bytes, Stack size 0 bytes, startup_stm32f10x_md.o(.text))
<BR>[Address Reference Count : 1]<UL><LI> startup_stm32f10x_md.o(RESET)
</UL>
<P><STRONG><a name="[30]"></a>SPI1_IRQHandler</STRONG> (Thumb, 0 bytes, Stack size 0 bytes, startup_stm32f10x_md.o(.text))
<BR>[Address Reference Count : 1]<UL><LI> startup_stm32f10x_md.o(RESET)
</UL>
<P><STRONG><a name="[f]"></a>TAMPER_IRQHandler</STRONG> (Thumb, 0 bytes, Stack size 0 bytes, startup_stm32f10x_md.o(.text))
<BR>[Address Reference Count : 1]<UL><LI> startup_stm32f10x_md.o(RESET)
</UL>
<P><STRONG><a name="[25]"></a>TIM1_BRK_IRQHandler</STRONG> (Thumb, 0 bytes, Stack size 0 bytes, startup_stm32f10x_md.o(.text))
<BR>[Address Reference Count : 1]<UL><LI> startup_stm32f10x_md.o(RESET)
</UL>
<P><STRONG><a name="[28]"></a>TIM1_CC_IRQHandler</STRONG> (Thumb, 0 bytes, Stack size 0 bytes, startup_stm32f10x_md.o(.text))
<BR>[Address Reference Count : 1]<UL><LI> startup_stm32f10x_md.o(RESET)
</UL>
<P><STRONG><a name="[27]"></a>TIM1_TRG_COM_IRQHandler</STRONG> (Thumb, 0 bytes, Stack size 0 bytes, startup_stm32f10x_md.o(.text))
<BR>[Address Reference Count : 1]<UL><LI> startup_stm32f10x_md.o(RESET)
</UL>
<P><STRONG><a name="[26]"></a>TIM1_UP_IRQHandler</STRONG> (Thumb, 0 bytes, Stack size 0 bytes, startup_stm32f10x_md.o(.text))
<BR>[Address Reference Count : 1]<UL><LI> startup_stm32f10x_md.o(RESET)
</UL>
<P><STRONG><a name="[29]"></a>TIM2_IRQHandler</STRONG> (Thumb, 0 bytes, Stack size 0 bytes, startup_stm32f10x_md.o(.text))
<BR>[Address Reference Count : 1]<UL><LI> startup_stm32f10x_md.o(RESET)
</UL>
<P><STRONG><a name="[2a]"></a>TIM3_IRQHandler</STRONG> (Thumb, 0 bytes, Stack size 0 bytes, startup_stm32f10x_md.o(.text))
<BR>[Address Reference Count : 1]<UL><LI> startup_stm32f10x_md.o(RESET)
</UL>
<P><STRONG><a name="[2b]"></a>TIM4_IRQHandler</STRONG> (Thumb, 0 bytes, Stack size 0 bytes, startup_stm32f10x_md.o(.text))
<BR>[Address Reference Count : 1]<UL><LI> startup_stm32f10x_md.o(RESET)
</UL>
<P><STRONG><a name="[33]"></a>USART2_IRQHandler</STRONG> (Thumb, 0 bytes, Stack size 0 bytes, startup_stm32f10x_md.o(.text))
<BR>[Address Reference Count : 1]<UL><LI> startup_stm32f10x_md.o(RESET)
</UL>
<P><STRONG><a name="[37]"></a>USBWakeUp_IRQHandler</STRONG> (Thumb, 0 bytes, Stack size 0 bytes, startup_stm32f10x_md.o(.text))
<BR>[Address Reference Count : 1]<UL><LI> startup_stm32f10x_md.o(RESET)
</UL>
<P><STRONG><a name="[20]"></a>USB_HP_CAN1_TX_IRQHandler</STRONG> (Thumb, 0 bytes, Stack size 0 bytes, startup_stm32f10x_md.o(.text))
<BR>[Address Reference Count : 1]<UL><LI> startup_stm32f10x_md.o(RESET)
</UL>
<P><STRONG><a name="[21]"></a>USB_LP_CAN1_RX0_IRQHandler</STRONG> (Thumb, 0 bytes, Stack size 0 bytes, startup_stm32f10x_md.o(.text))
<BR>[Address Reference Count : 1]<UL><LI> startup_stm32f10x_md.o(RESET)
</UL>
<P><STRONG><a name="[d]"></a>WWDG_IRQHandler</STRONG> (Thumb, 0 bytes, Stack size 0 bytes, startup_stm32f10x_md.o(.text))
<BR>[Address Reference Count : 1]<UL><LI> startup_stm32f10x_md.o(RESET)
</UL>
<P><STRONG><a name="[be]"></a>__user_initial_stackheap</STRONG> (Thumb, 0 bytes, Stack size unknown bytes, startup_stm32f10x_md.o(.text))
<BR><BR>[Called By]<UL><LI><a href="#[40]">&gt;&gt;</a>&nbsp;&nbsp;&nbsp;__user_setup_stackheap
</UL>

<P><STRONG><a name="[67]"></a>SetParamForFlash</STRONG> (Thumb, 4 bytes, Stack size 0 bytes, main.o(.text))
<BR><BR>[Called By]<UL><LI><a href="#[44]">&gt;&gt;</a>&nbsp;&nbsp;&nbsp;main
<LI><a href="#[60]">&gt;&gt;</a>&nbsp;&nbsp;&nbsp;Task_RS485ParsingCmdFP
</UL>

<P><STRONG><a name="[68]"></a>GetAddrParamForFlash</STRONG> (Thumb, 4 bytes, Stack size 0 bytes, main.o(.text))
<BR><BR>[Called By]<UL><LI><a href="#[44]">&gt;&gt;</a>&nbsp;&nbsp;&nbsp;main
<LI><a href="#[60]">&gt;&gt;</a>&nbsp;&nbsp;&nbsp;Task_RS485ParsingCmdFP
</UL>

<P><STRONG><a name="[e9]"></a>Delay_mSec</STRONG> (Thumb, 30 bytes, Stack size 8 bytes, main.o(.text), UNUSED)

<P><STRONG><a name="[4c]"></a>SetMuxPrior</STRONG> (Thumb, 138 bytes, Stack size 0 bytes, main.o(.text))
<BR><BR>[Called By]<UL><LI><a href="#[44]">&gt;&gt;</a>&nbsp;&nbsp;&nbsp;main
<LI><a href="#[58]">&gt;&gt;</a>&nbsp;&nbsp;&nbsp;Task_UnitLock
<LI><a href="#[54]">&gt;&gt;</a>&nbsp;&nbsp;&nbsp;Task_UnitControl
<LI><a href="#[50]">&gt;&gt;</a>&nbsp;&nbsp;&nbsp;Task_UnitConfig
<LI><a href="#[4a]">&gt;&gt;</a>&nbsp;&nbsp;&nbsp;Task_UnitPojLineControl
</UL>

<P><STRONG><a name="[8c]"></a>Task_BlinkReg</STRONG> (Thumb, 16 bytes, Stack size 0 bytes, main.o(.text))
<BR>[Address Reference Count : 1]<UL><LI> main.o(.text)
</UL>
<P><STRONG><a name="[4a]"></a>Task_UnitPojLineControl</STRONG> (Thumb, 180 bytes, Stack size 8 bytes, main.o(.text))
<BR><BR>[Stack]<UL><LI>Max Depth = 32<LI>Call Chain = Task_UnitPojLineControl &rArr; VoiceMessage &rArr; JQTxCmd
</UL>
<BR>[Calls]<UL><LI><a href="#[4b]">&gt;&gt;</a>&nbsp;&nbsp;&nbsp;ZoneSet
<LI><a href="#[4e]">&gt;&gt;</a>&nbsp;&nbsp;&nbsp;VoiceMessage
<LI><a href="#[4f]">&gt;&gt;</a>&nbsp;&nbsp;&nbsp;RTOS_SetTimerTask
<LI><a href="#[4d]">&gt;&gt;</a>&nbsp;&nbsp;&nbsp;AmpControl
<LI><a href="#[4c]">&gt;&gt;</a>&nbsp;&nbsp;&nbsp;SetMuxPrior
</UL>
<BR>[Address Reference Count : 1]<UL><LI> main.o(.text)
</UL>
<P><STRONG><a name="[50]"></a>Task_UnitConfig</STRONG> (Thumb, 66 bytes, Stack size 8 bytes, main.o(.text))
<BR><BR>[Stack]<UL><LI>Max Depth = 32<LI>Call Chain = Task_UnitConfig &rArr; VoiceMessage &rArr; JQTxCmd
</UL>
<BR>[Calls]<UL><LI><a href="#[4b]">&gt;&gt;</a>&nbsp;&nbsp;&nbsp;ZoneSet
<LI><a href="#[4e]">&gt;&gt;</a>&nbsp;&nbsp;&nbsp;VoiceMessage
<LI><a href="#[52]">&gt;&gt;</a>&nbsp;&nbsp;&nbsp;RelayOrLedOff
<LI><a href="#[53]">&gt;&gt;</a>&nbsp;&nbsp;&nbsp;RTOS_SetTask
<LI><a href="#[51]">&gt;&gt;</a>&nbsp;&nbsp;&nbsp;ButClrToggleState
<LI><a href="#[4d]">&gt;&gt;</a>&nbsp;&nbsp;&nbsp;AmpControl
<LI><a href="#[4c]">&gt;&gt;</a>&nbsp;&nbsp;&nbsp;SetMuxPrior
</UL>
<BR>[Address Reference Count : 1]<UL><LI> main.o(.text)
</UL>
<P><STRONG><a name="[54]"></a>Task_UnitControl</STRONG> (Thumb, 540 bytes, Stack size 8 bytes, main.o(.text))
<BR><BR>[Stack]<UL><LI>Max Depth = 32<LI>Call Chain = Task_UnitControl &rArr; VoiceMessage &rArr; JQTxCmd
</UL>
<BR>[Calls]<UL><LI><a href="#[4b]">&gt;&gt;</a>&nbsp;&nbsp;&nbsp;ZoneSet
<LI><a href="#[4e]">&gt;&gt;</a>&nbsp;&nbsp;&nbsp;VoiceMessage
<LI><a href="#[55]">&gt;&gt;</a>&nbsp;&nbsp;&nbsp;RelayOrLedOn
<LI><a href="#[52]">&gt;&gt;</a>&nbsp;&nbsp;&nbsp;RelayOrLedOff
<LI><a href="#[4f]">&gt;&gt;</a>&nbsp;&nbsp;&nbsp;RTOS_SetTimerTask
<LI><a href="#[57]">&gt;&gt;</a>&nbsp;&nbsp;&nbsp;ButGetToggleState
<LI><a href="#[56]">&gt;&gt;</a>&nbsp;&nbsp;&nbsp;ButGetInstantState
<LI><a href="#[51]">&gt;&gt;</a>&nbsp;&nbsp;&nbsp;ButClrToggleState
<LI><a href="#[4d]">&gt;&gt;</a>&nbsp;&nbsp;&nbsp;AmpControl
<LI><a href="#[4c]">&gt;&gt;</a>&nbsp;&nbsp;&nbsp;SetMuxPrior
</UL>
<BR>[Address Reference Count : 1]<UL><LI> main.o(.text)
</UL>
<P><STRONG><a name="[58]"></a>Task_UnitLock</STRONG> (Thumb, 518 bytes, Stack size 8 bytes, main.o(.text))
<BR><BR>[Stack]<UL><LI>Max Depth = 32<LI>Call Chain = Task_UnitLock &rArr; VoiceMessage &rArr; JQTxCmd
</UL>
<BR>[Calls]<UL><LI><a href="#[4b]">&gt;&gt;</a>&nbsp;&nbsp;&nbsp;ZoneSet
<LI><a href="#[4e]">&gt;&gt;</a>&nbsp;&nbsp;&nbsp;VoiceMessage
<LI><a href="#[55]">&gt;&gt;</a>&nbsp;&nbsp;&nbsp;RelayOrLedOn
<LI><a href="#[52]">&gt;&gt;</a>&nbsp;&nbsp;&nbsp;RelayOrLedOff
<LI><a href="#[4f]">&gt;&gt;</a>&nbsp;&nbsp;&nbsp;RTOS_SetTimerTask
<LI><a href="#[57]">&gt;&gt;</a>&nbsp;&nbsp;&nbsp;ButGetToggleState
<LI><a href="#[4d]">&gt;&gt;</a>&nbsp;&nbsp;&nbsp;AmpControl
<LI><a href="#[4c]">&gt;&gt;</a>&nbsp;&nbsp;&nbsp;SetMuxPrior
</UL>
<BR>[Address Reference Count : 1]<UL><LI> main.o(.text)
</UL>
<P><STRONG><a name="[59]"></a>Task_GetKeyState</STRONG> (Thumb, 254 bytes, Stack size 8 bytes, main.o(.text))
<BR><BR>[Stack]<UL><LI>Max Depth = 20<LI>Call Chain = Task_GetKeyState &rArr; RTOS_SetTimerTask
</UL>
<BR>[Calls]<UL><LI><a href="#[4f]">&gt;&gt;</a>&nbsp;&nbsp;&nbsp;RTOS_SetTimerTask
<LI><a href="#[53]">&gt;&gt;</a>&nbsp;&nbsp;&nbsp;RTOS_SetTask
</UL>
<BR>[Address Reference Count : 1]<UL><LI> main.o(.text)
</UL>
<P><STRONG><a name="[5a]"></a>Task_RS485ParsingCmdSB</STRONG> (Thumb, 40 bytes, Stack size 8 bytes, main.o(.text))
<BR><BR>[Stack]<UL><LI>Max Depth = 16<LI>Call Chain = Task_RS485ParsingCmdSB &rArr; RTOS_SetTask
</UL>
<BR>[Calls]<UL><LI><a href="#[5d]">&gt;&gt;</a>&nbsp;&nbsp;&nbsp;SirenSaveStatus
<LI><a href="#[5b]">&gt;&gt;</a>&nbsp;&nbsp;&nbsp;RelayOrLedToggle
<LI><a href="#[53]">&gt;&gt;</a>&nbsp;&nbsp;&nbsp;RTOS_SetTask
<LI><a href="#[5c]">&gt;&gt;</a>&nbsp;&nbsp;&nbsp;RS485RxGetBufPtr
<LI><a href="#[5f]">&gt;&gt;</a>&nbsp;&nbsp;&nbsp;RS485RxClrBuf
<LI><a href="#[5e]">&gt;&gt;</a>&nbsp;&nbsp;&nbsp;RS485FlagClr
</UL>
<BR>[Address Reference Count : 1]<UL><LI> main.o(.text)
</UL>
<P><STRONG><a name="[60]"></a>Task_RS485ParsingCmdFP</STRONG> (Thumb, 382 bytes, Stack size 8 bytes, main.o(.text))
<BR><BR>[Stack]<UL><LI>Max Depth = 32<LI>Call Chain = Task_RS485ParsingCmdFP &rArr; Stm32FlashWriteBuf &rArr; Stm32FlashWritePage
</UL>
<BR>[Calls]<UL><LI><a href="#[64]">&gt;&gt;</a>&nbsp;&nbsp;&nbsp;ZummerBeep
<LI><a href="#[69]">&gt;&gt;</a>&nbsp;&nbsp;&nbsp;Stm32FlashWriteBuf
<LI><a href="#[6a]">&gt;&gt;</a>&nbsp;&nbsp;&nbsp;SetGroup
<LI><a href="#[6d]">&gt;&gt;</a>&nbsp;&nbsp;&nbsp;SetCounterRTC
<LI><a href="#[65]">&gt;&gt;</a>&nbsp;&nbsp;&nbsp;SetAddress
<LI><a href="#[4f]">&gt;&gt;</a>&nbsp;&nbsp;&nbsp;RTOS_SetTimerTask
<LI><a href="#[53]">&gt;&gt;</a>&nbsp;&nbsp;&nbsp;RTOS_SetTask
<LI><a href="#[6c]">&gt;&gt;</a>&nbsp;&nbsp;&nbsp;RS48RxGetTimeUTC
<LI><a href="#[61]">&gt;&gt;</a>&nbsp;&nbsp;&nbsp;RS485RxGetDataFromBuf
<LI><a href="#[5f]">&gt;&gt;</a>&nbsp;&nbsp;&nbsp;RS485RxClrBuf
<LI><a href="#[5e]">&gt;&gt;</a>&nbsp;&nbsp;&nbsp;RS485FlagClr
<LI><a href="#[6f]">&gt;&gt;</a>&nbsp;&nbsp;&nbsp;LcSetDeviation
<LI><a href="#[6e]">&gt;&gt;</a>&nbsp;&nbsp;&nbsp;LcSaveRef
<LI><a href="#[70]">&gt;&gt;</a>&nbsp;&nbsp;&nbsp;LcGetDeviation
<LI><a href="#[6b]">&gt;&gt;</a>&nbsp;&nbsp;&nbsp;GetGroup
<LI><a href="#[66]">&gt;&gt;</a>&nbsp;&nbsp;&nbsp;GetAddress
<LI><a href="#[63]">&gt;&gt;</a>&nbsp;&nbsp;&nbsp;ButFPPreset
<LI><a href="#[62]">&gt;&gt;</a>&nbsp;&nbsp;&nbsp;ButFPControl
<LI><a href="#[68]">&gt;&gt;</a>&nbsp;&nbsp;&nbsp;GetAddrParamForFlash
<LI><a href="#[67]">&gt;&gt;</a>&nbsp;&nbsp;&nbsp;SetParamForFlash
</UL>
<BR>[Address Reference Count : 1]<UL><LI> main.o(.text)
</UL>
<P><STRONG><a name="[3a]"></a>Task_RS485</STRONG> (Thumb, 70 bytes, Stack size 8 bytes, main.o(.text))
<BR><BR>[Stack]<UL><LI>Max Depth = 16<LI>Call Chain = Task_RS485 &rArr; RTOS_SetTask
</UL>
<BR>[Calls]<UL><LI><a href="#[53]">&gt;&gt;</a>&nbsp;&nbsp;&nbsp;RTOS_SetTask
<LI><a href="#[71]">&gt;&gt;</a>&nbsp;&nbsp;&nbsp;RS485FlagGet
</UL>
<BR>[Address Reference Count : 1]<UL><LI> main.o(.text)
</UL>
<P><STRONG><a name="[72]"></a>Task_CheckFault</STRONG> (Thumb, 644 bytes, Stack size 8 bytes, main.o(.text))
<BR><BR>[Stack]<UL><LI>Max Depth = 24<LI>Call Chain = Task_CheckFault &rArr; DisactivSound &rArr; ButGetToggleState
</UL>
<BR>[Calls]<UL><LI><a href="#[55]">&gt;&gt;</a>&nbsp;&nbsp;&nbsp;RelayOrLedOn
<LI><a href="#[52]">&gt;&gt;</a>&nbsp;&nbsp;&nbsp;RelayOrLedOff
<LI><a href="#[78]">&gt;&gt;</a>&nbsp;&nbsp;&nbsp;RelayOrLedLoop
<LI><a href="#[53]">&gt;&gt;</a>&nbsp;&nbsp;&nbsp;RTOS_SetTask
<LI><a href="#[73]">&gt;&gt;</a>&nbsp;&nbsp;&nbsp;PowerGetStatus
<LI><a href="#[74]">&gt;&gt;</a>&nbsp;&nbsp;&nbsp;PowerBatGetStatus
<LI><a href="#[76]">&gt;&gt;</a>&nbsp;&nbsp;&nbsp;LcGetDefStatus
<LI><a href="#[77]">&gt;&gt;</a>&nbsp;&nbsp;&nbsp;DisactivSound
<LI><a href="#[75]">&gt;&gt;</a>&nbsp;&nbsp;&nbsp;AmpGetStat
</UL>
<BR>[Address Reference Count : 1]<UL><LI> main.o(.text)
</UL>
<P><STRONG><a name="[39]"></a>Task_Begin</STRONG> (Thumb, 68 bytes, Stack size 8 bytes, main.o(.text))
<BR><BR>[Stack]<UL><LI>Max Depth = 16<LI>Call Chain = Task_Begin &rArr; RTOS_SetTask
</UL>
<BR>[Calls]<UL><LI><a href="#[53]">&gt;&gt;</a>&nbsp;&nbsp;&nbsp;RTOS_SetTask
<LI><a href="#[7a]">&gt;&gt;</a>&nbsp;&nbsp;&nbsp;PojLineGetStatus
<LI><a href="#[79]">&gt;&gt;</a>&nbsp;&nbsp;&nbsp;MeasFlagGet
<LI><a href="#[7b]">&gt;&gt;</a>&nbsp;&nbsp;&nbsp;MeasFlagClr
</UL>
<BR>[Address Reference Count : 1]<UL><LI> main.o(.text)
</UL>
<P><STRONG><a name="[7c]"></a>Task_RS485NoConnect</STRONG> (Thumb, 14 bytes, Stack size 8 bytes, main.o(.text), UNUSED)
<BR><BR>[Calls]<UL><LI><a href="#[55]">&gt;&gt;</a>&nbsp;&nbsp;&nbsp;RelayOrLedOn
<LI><a href="#[5f]">&gt;&gt;</a>&nbsp;&nbsp;&nbsp;RS485RxClrBuf
</UL>

<P><STRONG><a name="[44]"></a>main</STRONG> (Thumb, 608 bytes, Stack size 0 bytes, main.o(.text))
<BR><BR>[Stack]<UL><LI>Max Depth = 28<LI>Call Chain = main &rArr; JQInit &rArr; JQReset &rArr; JQTxCmd
</UL>
<BR>[Calls]<UL><LI><a href="#[82]">&gt;&gt;</a>&nbsp;&nbsp;&nbsp;Tim1Init
<LI><a href="#[8a]">&gt;&gt;</a>&nbsp;&nbsp;&nbsp;SysTickInit
<LI><a href="#[7d]">&gt;&gt;</a>&nbsp;&nbsp;&nbsp;SysInit
<LI><a href="#[69]">&gt;&gt;</a>&nbsp;&nbsp;&nbsp;Stm32FlashWriteBuf
<LI><a href="#[88]">&gt;&gt;</a>&nbsp;&nbsp;&nbsp;Stm32FlashRead
<LI><a href="#[7f]">&gt;&gt;</a>&nbsp;&nbsp;&nbsp;Spi2Init
<LI><a href="#[6a]">&gt;&gt;</a>&nbsp;&nbsp;&nbsp;SetGroup
<LI><a href="#[65]">&gt;&gt;</a>&nbsp;&nbsp;&nbsp;SetAddress
<LI><a href="#[81]">&gt;&gt;</a>&nbsp;&nbsp;&nbsp;RtcInit
<LI><a href="#[8b]">&gt;&gt;</a>&nbsp;&nbsp;&nbsp;RTOS_TaskManager
<LI><a href="#[53]">&gt;&gt;</a>&nbsp;&nbsp;&nbsp;RTOS_SetTask
<LI><a href="#[89]">&gt;&gt;</a>&nbsp;&nbsp;&nbsp;RTOS_Init
<LI><a href="#[87]">&gt;&gt;</a>&nbsp;&nbsp;&nbsp;RS485Init
<LI><a href="#[85]">&gt;&gt;</a>&nbsp;&nbsp;&nbsp;PowerAndChargeInit
<LI><a href="#[6f]">&gt;&gt;</a>&nbsp;&nbsp;&nbsp;LcSetDeviation
<LI><a href="#[83]">&gt;&gt;</a>&nbsp;&nbsp;&nbsp;LcInit
<LI><a href="#[86]">&gt;&gt;</a>&nbsp;&nbsp;&nbsp;JQInit
<LI><a href="#[7e]">&gt;&gt;</a>&nbsp;&nbsp;&nbsp;GpioInit
<LI><a href="#[84]">&gt;&gt;</a>&nbsp;&nbsp;&nbsp;AmpInit
<LI><a href="#[80]">&gt;&gt;</a>&nbsp;&nbsp;&nbsp;AdcInit
<LI><a href="#[4c]">&gt;&gt;</a>&nbsp;&nbsp;&nbsp;SetMuxPrior
<LI><a href="#[68]">&gt;&gt;</a>&nbsp;&nbsp;&nbsp;GetAddrParamForFlash
<LI><a href="#[67]">&gt;&gt;</a>&nbsp;&nbsp;&nbsp;SetParamForFlash
</UL>
<BR>[Called By]<UL><LI><a href="#[43]">&gt;&gt;</a>&nbsp;&nbsp;&nbsp;__rt_entry_main
</UL>

<P><STRONG><a name="[c]"></a>SysTick_Handler</STRONG> (Thumb, 150 bytes, Stack size 8 bytes, main.o(.text))
<BR><BR>[Stack]<UL><LI>Max Depth = 88<LI>Call Chain = SysTick_Handler &rArr; RS485MasterLoop &rArr; RS485TxStatusMB &rArr; __aeabi_dmul
</UL>
<BR>[Calls]<UL><LI><a href="#[8e]">&gt;&gt;</a>&nbsp;&nbsp;&nbsp;ZummerLoop
<LI><a href="#[8d]">&gt;&gt;</a>&nbsp;&nbsp;&nbsp;Zummer
<LI><a href="#[95]">&gt;&gt;</a>&nbsp;&nbsp;&nbsp;RTOS_TimerService
<LI><a href="#[53]">&gt;&gt;</a>&nbsp;&nbsp;&nbsp;RTOS_SetTask
<LI><a href="#[94]">&gt;&gt;</a>&nbsp;&nbsp;&nbsp;RS485MasterLoop
<LI><a href="#[71]">&gt;&gt;</a>&nbsp;&nbsp;&nbsp;RS485FlagGet
<LI><a href="#[90]">&gt;&gt;</a>&nbsp;&nbsp;&nbsp;PowerGetACStatus
<LI><a href="#[91]">&gt;&gt;</a>&nbsp;&nbsp;&nbsp;PojLineMeasLoop
<LI><a href="#[93]">&gt;&gt;</a>&nbsp;&nbsp;&nbsp;LcSteadyStateLoop
<LI><a href="#[92]">&gt;&gt;</a>&nbsp;&nbsp;&nbsp;LcMeasLoop
<LI><a href="#[8f]">&gt;&gt;</a>&nbsp;&nbsp;&nbsp;GpioCheck
</UL>
<BR>[Address Reference Count : 1]<UL><LI> startup_stm32f10x_md.o(RESET)
</UL>
<P><STRONG><a name="[80]"></a>AdcInit</STRONG> (Thumb, 170 bytes, Stack size 0 bytes, adc_st.o(.text))
<BR><BR>[Called By]<UL><LI><a href="#[44]">&gt;&gt;</a>&nbsp;&nbsp;&nbsp;main
</UL>

<P><STRONG><a name="[96]"></a>AdcGetMeas</STRONG> (Thumb, 68 bytes, Stack size 0 bytes, adc_st.o(.text))
<BR><BR>[Called By]<UL><LI><a href="#[98]">&gt;&gt;</a>&nbsp;&nbsp;&nbsp;LcGetAvrMeas
<LI><a href="#[91]">&gt;&gt;</a>&nbsp;&nbsp;&nbsp;PojLineMeasLoop
</UL>

<P><STRONG><a name="[97]"></a>PojLineStatus</STRONG> (Thumb, 54 bytes, Stack size 0 bytes, adc_st.o(.text))
<BR><BR>[Called By]<UL><LI><a href="#[91]">&gt;&gt;</a>&nbsp;&nbsp;&nbsp;PojLineMeasLoop
</UL>

<P><STRONG><a name="[91]"></a>PojLineMeasLoop</STRONG> (Thumb, 160 bytes, Stack size 4 bytes, adc_st.o(.text))
<BR><BR>[Stack]<UL><LI>Max Depth = 4<LI>Call Chain = PojLineMeasLoop
</UL>
<BR>[Calls]<UL><LI><a href="#[97]">&gt;&gt;</a>&nbsp;&nbsp;&nbsp;PojLineStatus
<LI><a href="#[96]">&gt;&gt;</a>&nbsp;&nbsp;&nbsp;AdcGetMeas
</UL>
<BR>[Called By]<UL><LI><a href="#[c]">&gt;&gt;</a>&nbsp;&nbsp;&nbsp;SysTick_Handler
</UL>

<P><STRONG><a name="[79]"></a>MeasFlagGet</STRONG> (Thumb, 22 bytes, Stack size 8 bytes, adc_st.o(.text))
<BR><BR>[Stack]<UL><LI>Max Depth = 8<LI>Call Chain = MeasFlagGet
</UL>
<BR>[Called By]<UL><LI><a href="#[39]">&gt;&gt;</a>&nbsp;&nbsp;&nbsp;Task_Begin
</UL>

<P><STRONG><a name="[ea]"></a>MeasFlagSet</STRONG> (Thumb, 16 bytes, Stack size 0 bytes, adc_st.o(.text), UNUSED)

<P><STRONG><a name="[7b]"></a>MeasFlagClr</STRONG> (Thumb, 16 bytes, Stack size 0 bytes, adc_st.o(.text))
<BR><BR>[Called By]<UL><LI><a href="#[39]">&gt;&gt;</a>&nbsp;&nbsp;&nbsp;Task_Begin
</UL>

<P><STRONG><a name="[7a]"></a>PojLineGetStatus</STRONG> (Thumb, 12 bytes, Stack size 0 bytes, adc_st.o(.text))
<BR><BR>[Called By]<UL><LI><a href="#[b0]">&gt;&gt;</a>&nbsp;&nbsp;&nbsp;RS485TxStatusMB
<LI><a href="#[39]">&gt;&gt;</a>&nbsp;&nbsp;&nbsp;Task_Begin
</UL>

<P><STRONG><a name="[eb]"></a>PojLineGetMeas</STRONG> (Thumb, 10 bytes, Stack size 0 bytes, adc_st.o(.text), UNUSED)

<P><STRONG><a name="[ad]"></a>BatLevel</STRONG> (Thumb, 22 bytes, Stack size 0 bytes, adc_st.o(.text))
<BR><BR>[Called By]<UL><LI><a href="#[b0]">&gt;&gt;</a>&nbsp;&nbsp;&nbsp;RS485TxStatusMB
<LI><a href="#[74]">&gt;&gt;</a>&nbsp;&nbsp;&nbsp;PowerBatGetStatus
</UL>

<P><STRONG><a name="[98]"></a>LcGetAvrMeas</STRONG> (Thumb, 64 bytes, Stack size 4 bytes, adc_st.o(.text))
<BR><BR>[Stack]<UL><LI>Max Depth = 4<LI>Call Chain = LcGetAvrMeas
</UL>
<BR>[Calls]<UL><LI><a href="#[96]">&gt;&gt;</a>&nbsp;&nbsp;&nbsp;AdcGetMeas
</UL>
<BR>[Called By]<UL><LI><a href="#[92]">&gt;&gt;</a>&nbsp;&nbsp;&nbsp;LcMeasLoop
</UL>

<P><STRONG><a name="[92]"></a>LcMeasLoop</STRONG> (Thumb, 306 bytes, Stack size 4 bytes, adc_st.o(.text))
<BR><BR>[Stack]<UL><LI>Max Depth = 8<LI>Call Chain = LcMeasLoop &rArr; LcGetAvrMeas
</UL>
<BR>[Calls]<UL><LI><a href="#[98]">&gt;&gt;</a>&nbsp;&nbsp;&nbsp;LcGetAvrMeas
</UL>
<BR>[Called By]<UL><LI><a href="#[c]">&gt;&gt;</a>&nbsp;&nbsp;&nbsp;SysTick_Handler
</UL>

<P><STRONG><a name="[ab]"></a>LcGetValue</STRONG> (Thumb, 10 bytes, Stack size 0 bytes, adc_st.o(.text))
<BR><BR>[Called By]<UL><LI><a href="#[93]">&gt;&gt;</a>&nbsp;&nbsp;&nbsp;LcSteadyStateLoop
</UL>

<P><STRONG><a name="[af]"></a>Get_Crc16</STRONG> (Thumb, 56 bytes, Stack size 8 bytes, crc16.o(.text))
<BR><BR>[Stack]<UL><LI>Max Depth = 8<LI>Call Chain = Get_Crc16
</UL>
<BR>[Called By]<UL><LI><a href="#[b9]">&gt;&gt;</a>&nbsp;&nbsp;&nbsp;SirenRS485TxBuf
<LI><a href="#[b0]">&gt;&gt;</a>&nbsp;&nbsp;&nbsp;RS485TxStatusMB
<LI><a href="#[a1]">&gt;&gt;</a>&nbsp;&nbsp;&nbsp;RS485RxPacket
</UL>

<P><STRONG><a name="[7e]"></a>GpioInit</STRONG> (Thumb, 368 bytes, Stack size 0 bytes, gpio_st.o(.text))
<BR><BR>[Called By]<UL><LI><a href="#[44]">&gt;&gt;</a>&nbsp;&nbsp;&nbsp;main
</UL>

<P><STRONG><a name="[8f]"></a>GpioCheck</STRONG> (Thumb, 208 bytes, Stack size 0 bytes, gpio_st.o(.text))
<BR><BR>[Called By]<UL><LI><a href="#[c]">&gt;&gt;</a>&nbsp;&nbsp;&nbsp;SysTick_Handler
</UL>

<P><STRONG><a name="[a7]"></a>GpioGetState</STRONG> (Thumb, 28 bytes, Stack size 0 bytes, gpio_st.o(.text))
<BR><BR>[Called By]<UL><LI><a href="#[4d]">&gt;&gt;</a>&nbsp;&nbsp;&nbsp;AmpControl
</UL>

<P><STRONG><a name="[81]"></a>RtcInit</STRONG> (Thumb, 210 bytes, Stack size 0 bytes, rtc_st.o(.text))
<BR><BR>[Called By]<UL><LI><a href="#[44]">&gt;&gt;</a>&nbsp;&nbsp;&nbsp;main
</UL>

<P><STRONG><a name="[b2]"></a>GetCounterRTC</STRONG> (Thumb, 18 bytes, Stack size 0 bytes, rtc_st.o(.text))
<BR><BR>[Called By]<UL><LI><a href="#[b0]">&gt;&gt;</a>&nbsp;&nbsp;&nbsp;RS485TxStatusMB
</UL>

<P><STRONG><a name="[6d]"></a>SetCounterRTC</STRONG> (Thumb, 38 bytes, Stack size 0 bytes, rtc_st.o(.text))
<BR><BR>[Called By]<UL><LI><a href="#[60]">&gt;&gt;</a>&nbsp;&nbsp;&nbsp;Task_RS485ParsingCmdFP
</UL>

<P><STRONG><a name="[10]"></a>RTC_IRQHandler</STRONG> (Thumb, 68 bytes, Stack size 0 bytes, rtc_st.o(.text))
<BR>[Address Reference Count : 1]<UL><LI> startup_stm32f10x_md.o(RESET)
</UL>
<P><STRONG><a name="[7f]"></a>Spi2Init</STRONG> (Thumb, 138 bytes, Stack size 0 bytes, spi_st.o(.text))
<BR><BR>[Called By]<UL><LI><a href="#[44]">&gt;&gt;</a>&nbsp;&nbsp;&nbsp;main
</UL>

<P><STRONG><a name="[ec]"></a>Spi2GetStatus</STRONG> (Thumb, 12 bytes, Stack size 0 bytes, spi_st.o(.text), UNUSED)

<P><STRONG><a name="[ae]"></a>Spi2SendData</STRONG> (Thumb, 48 bytes, Stack size 0 bytes, spi_st.o(.text))
<BR><BR>[Called By]<UL><LI><a href="#[78]">&gt;&gt;</a>&nbsp;&nbsp;&nbsp;RelayOrLedLoop
</UL>

<P><STRONG><a name="[31]"></a>SPI2_IRQHandler</STRONG> (Thumb, 44 bytes, Stack size 0 bytes, spi_st.o(.text))
<BR>[Address Reference Count : 1]<UL><LI> startup_stm32f10x_md.o(RESET)
</UL>
<P><STRONG><a name="[99]"></a>InitRCC</STRONG> (Thumb, 194 bytes, Stack size 0 bytes, sys_st.o(.text))
<BR><BR>[Called By]<UL><LI><a href="#[7d]">&gt;&gt;</a>&nbsp;&nbsp;&nbsp;SysInit
</UL>

<P><STRONG><a name="[7d]"></a>SysInit</STRONG> (Thumb, 70 bytes, Stack size 4 bytes, sys_st.o(.text))
<BR><BR>[Stack]<UL><LI>Max Depth = 4<LI>Call Chain = SysInit
</UL>
<BR>[Calls]<UL><LI><a href="#[99]">&gt;&gt;</a>&nbsp;&nbsp;&nbsp;InitRCC
</UL>
<BR>[Called By]<UL><LI><a href="#[44]">&gt;&gt;</a>&nbsp;&nbsp;&nbsp;main
</UL>

<P><STRONG><a name="[9d]"></a>Stm32FlashLock</STRONG> (Thumb, 14 bytes, Stack size 0 bytes, sys_st.o(.text))
<BR><BR>[Called By]<UL><LI><a href="#[69]">&gt;&gt;</a>&nbsp;&nbsp;&nbsp;Stm32FlashWriteBuf
</UL>

<P><STRONG><a name="[9a]"></a>Stm32FlashUnlock</STRONG> (Thumb, 12 bytes, Stack size 0 bytes, sys_st.o(.text))
<BR><BR>[Called By]<UL><LI><a href="#[69]">&gt;&gt;</a>&nbsp;&nbsp;&nbsp;Stm32FlashWriteBuf
</UL>

<P><STRONG><a name="[ed]"></a>Stm32FlashEraseAll</STRONG> (Thumb, 68 bytes, Stack size 0 bytes, sys_st.o(.text), UNUSED)

<P><STRONG><a name="[9b]"></a>Stm32FlashErasePage</STRONG> (Thumb, 86 bytes, Stack size 0 bytes, sys_st.o(.text))
<BR><BR>[Called By]<UL><LI><a href="#[69]">&gt;&gt;</a>&nbsp;&nbsp;&nbsp;Stm32FlashWriteBuf
</UL>

<P><STRONG><a name="[9c]"></a>Stm32FlashWritePage</STRONG> (Thumb, 102 bytes, Stack size 12 bytes, sys_st.o(.text))
<BR><BR>[Stack]<UL><LI>Max Depth = 12<LI>Call Chain = Stm32FlashWritePage
</UL>
<BR>[Called By]<UL><LI><a href="#[69]">&gt;&gt;</a>&nbsp;&nbsp;&nbsp;Stm32FlashWriteBuf
</UL>

<P><STRONG><a name="[88]"></a>Stm32FlashRead</STRONG> (Thumb, 6 bytes, Stack size 0 bytes, sys_st.o(.text))
<BR><BR>[Called By]<UL><LI><a href="#[44]">&gt;&gt;</a>&nbsp;&nbsp;&nbsp;main
</UL>

<P><STRONG><a name="[69]"></a>Stm32FlashWriteBuf</STRONG> (Thumb, 36 bytes, Stack size 12 bytes, sys_st.o(.text))
<BR><BR>[Stack]<UL><LI>Max Depth = 24<LI>Call Chain = Stm32FlashWriteBuf &rArr; Stm32FlashWritePage
</UL>
<BR>[Calls]<UL><LI><a href="#[9c]">&gt;&gt;</a>&nbsp;&nbsp;&nbsp;Stm32FlashWritePage
<LI><a href="#[9b]">&gt;&gt;</a>&nbsp;&nbsp;&nbsp;Stm32FlashErasePage
<LI><a href="#[9a]">&gt;&gt;</a>&nbsp;&nbsp;&nbsp;Stm32FlashUnlock
<LI><a href="#[9d]">&gt;&gt;</a>&nbsp;&nbsp;&nbsp;Stm32FlashLock
</UL>
<BR>[Called By]<UL><LI><a href="#[44]">&gt;&gt;</a>&nbsp;&nbsp;&nbsp;main
<LI><a href="#[60]">&gt;&gt;</a>&nbsp;&nbsp;&nbsp;Task_RS485ParsingCmdFP
</UL>

<P><STRONG><a name="[4]"></a>NMI_Handler</STRONG> (Thumb, 2 bytes, Stack size 0 bytes, sys_st.o(.text))
<BR>[Address Reference Count : 1]<UL><LI> startup_stm32f10x_md.o(RESET)
</UL>
<P><STRONG><a name="[5]"></a>HardFault_Handler</STRONG> (Thumb, 50 bytes, Stack size 0 bytes, sys_st.o(.text))
<BR>[Address Reference Count : 1]<UL><LI> startup_stm32f10x_md.o(RESET)
</UL>
<P><STRONG><a name="[6]"></a>MemManage_Handler</STRONG> (Thumb, 8 bytes, Stack size 0 bytes, sys_st.o(.text))
<BR>[Address Reference Count : 1]<UL><LI> startup_stm32f10x_md.o(RESET)
</UL>
<P><STRONG><a name="[7]"></a>BusFault_Handler</STRONG> (Thumb, 8 bytes, Stack size 0 bytes, sys_st.o(.text))
<BR>[Address Reference Count : 1]<UL><LI> startup_stm32f10x_md.o(RESET)
</UL>
<P><STRONG><a name="[8]"></a>UsageFault_Handler</STRONG> (Thumb, 2 bytes, Stack size 0 bytes, sys_st.o(.text))
<BR>[Address Reference Count : 1]<UL><LI> startup_stm32f10x_md.o(RESET)
</UL>
<P><STRONG><a name="[9]"></a>SVC_Handler</STRONG> (Thumb, 2 bytes, Stack size 0 bytes, sys_st.o(.text))
<BR>[Address Reference Count : 1]<UL><LI> startup_stm32f10x_md.o(RESET)
</UL>
<P><STRONG><a name="[8a]"></a>SysTickInit</STRONG> (Thumb, 16 bytes, Stack size 0 bytes, sys_tick_st.o(.text))
<BR><BR>[Called By]<UL><LI><a href="#[a6]">&gt;&gt;</a>&nbsp;&nbsp;&nbsp;RTOS_Run
<LI><a href="#[44]">&gt;&gt;</a>&nbsp;&nbsp;&nbsp;main
</UL>

<P><STRONG><a name="[82]"></a>Tim1Init</STRONG> (Thumb, 128 bytes, Stack size 0 bytes, timers_st.o(.text))
<BR><BR>[Called By]<UL><LI><a href="#[44]">&gt;&gt;</a>&nbsp;&nbsp;&nbsp;main
</UL>

<P><STRONG><a name="[8d]"></a>Zummer</STRONG> (Thumb, 40 bytes, Stack size 0 bytes, timers_st.o(.text))
<BR><BR>[Called By]<UL><LI><a href="#[9e]">&gt;&gt;</a>&nbsp;&nbsp;&nbsp;ZummerBeepOff
<LI><a href="#[8e]">&gt;&gt;</a>&nbsp;&nbsp;&nbsp;ZummerLoop
<LI><a href="#[77]">&gt;&gt;</a>&nbsp;&nbsp;&nbsp;DisactivSound
<LI><a href="#[c]">&gt;&gt;</a>&nbsp;&nbsp;&nbsp;SysTick_Handler
</UL>

<P><STRONG><a name="[77]"></a>DisactivSound</STRONG> (Thumb, 74 bytes, Stack size 8 bytes, timers_st.o(.text))
<BR><BR>[Stack]<UL><LI>Max Depth = 16<LI>Call Chain = DisactivSound &rArr; ButGetToggleState
</UL>
<BR>[Calls]<UL><LI><a href="#[8d]">&gt;&gt;</a>&nbsp;&nbsp;&nbsp;Zummer
<LI><a href="#[57]">&gt;&gt;</a>&nbsp;&nbsp;&nbsp;ButGetToggleState
<LI><a href="#[51]">&gt;&gt;</a>&nbsp;&nbsp;&nbsp;ButClrToggleState
</UL>
<BR>[Called By]<UL><LI><a href="#[72]">&gt;&gt;</a>&nbsp;&nbsp;&nbsp;Task_CheckFault
</UL>

<P><STRONG><a name="[8e]"></a>ZummerLoop</STRONG> (Thumb, 138 bytes, Stack size 4 bytes, timers_st.o(.text))
<BR><BR>[Stack]<UL><LI>Max Depth = 4<LI>Call Chain = ZummerLoop
</UL>
<BR>[Calls]<UL><LI><a href="#[8d]">&gt;&gt;</a>&nbsp;&nbsp;&nbsp;Zummer
</UL>
<BR>[Called By]<UL><LI><a href="#[c]">&gt;&gt;</a>&nbsp;&nbsp;&nbsp;SysTick_Handler
</UL>

<P><STRONG><a name="[64]"></a>ZummerBeep</STRONG> (Thumb, 30 bytes, Stack size 0 bytes, timers_st.o(.text))
<BR><BR>[Called By]<UL><LI><a href="#[60]">&gt;&gt;</a>&nbsp;&nbsp;&nbsp;Task_RS485ParsingCmdFP
</UL>

<P><STRONG><a name="[9e]"></a>ZummerBeepOff</STRONG> (Thumb, 24 bytes, Stack size 4 bytes, timers_st.o(.text), UNUSED)
<BR><BR>[Calls]<UL><LI><a href="#[8d]">&gt;&gt;</a>&nbsp;&nbsp;&nbsp;Zummer
</UL>

<P><STRONG><a name="[ee]"></a>TIM1_Handler</STRONG> (Thumb, 2 bytes, Stack size 0 bytes, timers_st.o(.text), UNUSED)

<P><STRONG><a name="[aa]"></a>Uart1Init</STRONG> (Thumb, 100 bytes, Stack size 0 bytes, uart_st.o(.text))
<BR><BR>[Called By]<UL><LI><a href="#[86]">&gt;&gt;</a>&nbsp;&nbsp;&nbsp;JQInit
</UL>

<P><STRONG><a name="[9f]"></a>Uart3Init</STRONG> (Thumb, 142 bytes, Stack size 8 bytes, uart_st.o(.text))
<BR><BR>[Stack]<UL><LI>Max Depth = 8<LI>Call Chain = Uart3Init
</UL>
<BR>[Calls]<UL><LI><a href="#[a0]">&gt;&gt;</a>&nbsp;&nbsp;&nbsp;NVIC_EnableIRQ
</UL>
<BR>[Called By]<UL><LI><a href="#[87]">&gt;&gt;</a>&nbsp;&nbsp;&nbsp;RS485Init
</UL>

<P><STRONG><a name="[ef]"></a>Uart1StarTx</STRONG> (Thumb, 46 bytes, Stack size 0 bytes, uart_st.o(.text), UNUSED)

<P><STRONG><a name="[ba]"></a>Uart3StarTx</STRONG> (Thumb, 46 bytes, Stack size 0 bytes, uart_st.o(.text))
<BR><BR>[Called By]<UL><LI><a href="#[94]">&gt;&gt;</a>&nbsp;&nbsp;&nbsp;RS485MasterLoop
</UL>

<P><STRONG><a name="[32]"></a>USART1_IRQHandler</STRONG> (Thumb, 138 bytes, Stack size 0 bytes, uart_st.o(.text))
<BR>[Address Reference Count : 1]<UL><LI> startup_stm32f10x_md.o(RESET)
</UL>
<P><STRONG><a name="[34]"></a>USART3_IRQHandler</STRONG> (Thumb, 182 bytes, Stack size 8 bytes, uart_st.o(.text))
<BR><BR>[Stack]<UL><LI>Max Depth = 32<LI>Call Chain = USART3_IRQHandler &rArr; RS485RxPacket &rArr; Get_Crc16
</UL>
<BR>[Calls]<UL><LI><a href="#[a1]">&gt;&gt;</a>&nbsp;&nbsp;&nbsp;RS485RxPacket
<LI><a href="#[a2]">&gt;&gt;</a>&nbsp;&nbsp;&nbsp;RS485DE
<LI><a href="#[5f]">&gt;&gt;</a>&nbsp;&nbsp;&nbsp;RS485RxClrBuf
</UL>
<BR>[Address Reference Count : 1]<UL><LI> startup_stm32f10x_md.o(RESET)
</UL>
<P><STRONG><a name="[a3]"></a>DMA1Ch4InitForTX</STRONG> (Thumb, 92 bytes, Stack size 8 bytes, uart_st.o(.text), UNUSED)
<BR><BR>[Calls]<UL><LI><a href="#[a0]">&gt;&gt;</a>&nbsp;&nbsp;&nbsp;NVIC_EnableIRQ
</UL>

<P><STRONG><a name="[f0]"></a>DMA1Ch4StartTX</STRONG> (Thumb, 28 bytes, Stack size 0 bytes, uart_st.o(.text), UNUSED)

<P><STRONG><a name="[a4]"></a>DMA1Ch5InitForRX</STRONG> (Thumb, 92 bytes, Stack size 8 bytes, uart_st.o(.text), UNUSED)
<BR><BR>[Calls]<UL><LI><a href="#[a0]">&gt;&gt;</a>&nbsp;&nbsp;&nbsp;NVIC_EnableIRQ
</UL>

<P><STRONG><a name="[f1]"></a>GetStateDMAChannel4</STRONG> (Thumb, 18 bytes, Stack size 0 bytes, uart_st.o(.text), UNUSED)

<P><STRONG><a name="[f2]"></a>StartDMA1Ch5ForRX</STRONG> (Thumb, 28 bytes, Stack size 0 bytes, uart_st.o(.text), UNUSED)

<P><STRONG><a name="[1b]"></a>DMA1_Channel4_IRQHandler</STRONG> (Thumb, 62 bytes, Stack size 8 bytes, uart_st.o(.text))
<BR><BR>[Stack]<UL><LI>Max Depth = 8<LI>Call Chain = DMA1_Channel4_IRQHandler
</UL>
<BR>[Calls]<UL><LI><a href="#[a0]">&gt;&gt;</a>&nbsp;&nbsp;&nbsp;NVIC_EnableIRQ
</UL>
<BR>[Address Reference Count : 1]<UL><LI> startup_stm32f10x_md.o(RESET)
</UL>
<P><STRONG><a name="[1c]"></a>DMA1_Channel5_IRQHandler</STRONG> (Thumb, 82 bytes, Stack size 0 bytes, uart_st.o(.text))
<BR>[Address Reference Count : 1]<UL><LI> startup_stm32f10x_md.o(RESET)
</UL>
<P><STRONG><a name="[a5]"></a>Idle</STRONG> (Thumb, 2 bytes, Stack size 0 bytes, rtos.o(.text))
<BR><BR>[Called By]<UL><LI><a href="#[8b]">&gt;&gt;</a>&nbsp;&nbsp;&nbsp;RTOS_TaskManager
</UL>
<BR>[Address Reference Count : 1]<UL><LI> rtos.o(.text)
</UL>
<P><STRONG><a name="[8b]"></a>RTOS_TaskManager</STRONG> (Thumb, 62 bytes, Stack size 16 bytes, rtos.o(.text))
<BR><BR>[Stack]<UL><LI>Max Depth = 16<LI>Call Chain = RTOS_TaskManager
</UL>
<BR>[Calls]<UL><LI><a href="#[a5]">&gt;&gt;</a>&nbsp;&nbsp;&nbsp;Idle
</UL>
<BR>[Called By]<UL><LI><a href="#[44]">&gt;&gt;</a>&nbsp;&nbsp;&nbsp;main
</UL>

<P><STRONG><a name="[53]"></a>RTOS_SetTask</STRONG> (Thumb, 56 bytes, Stack size 8 bytes, rtos.o(.text))
<BR><BR>[Stack]<UL><LI>Max Depth = 8<LI>Call Chain = RTOS_SetTask
</UL>
<BR>[Called By]<UL><LI><a href="#[95]">&gt;&gt;</a>&nbsp;&nbsp;&nbsp;RTOS_TimerService
<LI><a href="#[c]">&gt;&gt;</a>&nbsp;&nbsp;&nbsp;SysTick_Handler
<LI><a href="#[44]">&gt;&gt;</a>&nbsp;&nbsp;&nbsp;main
<LI><a href="#[39]">&gt;&gt;</a>&nbsp;&nbsp;&nbsp;Task_Begin
<LI><a href="#[72]">&gt;&gt;</a>&nbsp;&nbsp;&nbsp;Task_CheckFault
<LI><a href="#[3a]">&gt;&gt;</a>&nbsp;&nbsp;&nbsp;Task_RS485
<LI><a href="#[60]">&gt;&gt;</a>&nbsp;&nbsp;&nbsp;Task_RS485ParsingCmdFP
<LI><a href="#[5a]">&gt;&gt;</a>&nbsp;&nbsp;&nbsp;Task_RS485ParsingCmdSB
<LI><a href="#[59]">&gt;&gt;</a>&nbsp;&nbsp;&nbsp;Task_GetKeyState
<LI><a href="#[50]">&gt;&gt;</a>&nbsp;&nbsp;&nbsp;Task_UnitConfig
</UL>

<P><STRONG><a name="[95]"></a>RTOS_TimerService</STRONG> (Thumb, 98 bytes, Stack size 8 bytes, rtos.o(.text))
<BR><BR>[Stack]<UL><LI>Max Depth = 16<LI>Call Chain = RTOS_TimerService &rArr; RTOS_SetTask
</UL>
<BR>[Calls]<UL><LI><a href="#[53]">&gt;&gt;</a>&nbsp;&nbsp;&nbsp;RTOS_SetTask
</UL>
<BR>[Called By]<UL><LI><a href="#[c]">&gt;&gt;</a>&nbsp;&nbsp;&nbsp;SysTick_Handler
</UL>

<P><STRONG><a name="[f3]"></a>RTOS_GetTickCount</STRONG> (Thumb, 6 bytes, Stack size 0 bytes, rtos.o(.text), UNUSED)

<P><STRONG><a name="[4f]"></a>RTOS_SetTimerTask</STRONG> (Thumb, 96 bytes, Stack size 12 bytes, rtos.o(.text))
<BR><BR>[Stack]<UL><LI>Max Depth = 12<LI>Call Chain = RTOS_SetTimerTask
</UL>
<BR>[Called By]<UL><LI><a href="#[60]">&gt;&gt;</a>&nbsp;&nbsp;&nbsp;Task_RS485ParsingCmdFP
<LI><a href="#[59]">&gt;&gt;</a>&nbsp;&nbsp;&nbsp;Task_GetKeyState
<LI><a href="#[58]">&gt;&gt;</a>&nbsp;&nbsp;&nbsp;Task_UnitLock
<LI><a href="#[54]">&gt;&gt;</a>&nbsp;&nbsp;&nbsp;Task_UnitControl
<LI><a href="#[4a]">&gt;&gt;</a>&nbsp;&nbsp;&nbsp;Task_UnitPojLineControl
</UL>

<P><STRONG><a name="[89]"></a>RTOS_Init</STRONG> (Thumb, 56 bytes, Stack size 0 bytes, rtos.o(.text))
<BR><BR>[Called By]<UL><LI><a href="#[44]">&gt;&gt;</a>&nbsp;&nbsp;&nbsp;main
</UL>

<P><STRONG><a name="[a6]"></a>RTOS_Run</STRONG> (Thumb, 8 bytes, Stack size 8 bytes, rtos.o(.text), UNUSED)
<BR><BR>[Calls]<UL><LI><a href="#[8a]">&gt;&gt;</a>&nbsp;&nbsp;&nbsp;SysTickInit
</UL>

<P><STRONG><a name="[84]"></a>AmpInit</STRONG> (Thumb, 36 bytes, Stack size 0 bytes, amplifier.o(.text))
<BR><BR>[Called By]<UL><LI><a href="#[44]">&gt;&gt;</a>&nbsp;&nbsp;&nbsp;main
</UL>

<P><STRONG><a name="[4d]"></a>AmpControl</STRONG> (Thumb, 66 bytes, Stack size 8 bytes, amplifier.o(.text))
<BR><BR>[Stack]<UL><LI>Max Depth = 8<LI>Call Chain = AmpControl
</UL>
<BR>[Calls]<UL><LI><a href="#[a7]">&gt;&gt;</a>&nbsp;&nbsp;&nbsp;GpioGetState
</UL>
<BR>[Called By]<UL><LI><a href="#[58]">&gt;&gt;</a>&nbsp;&nbsp;&nbsp;Task_UnitLock
<LI><a href="#[54]">&gt;&gt;</a>&nbsp;&nbsp;&nbsp;Task_UnitControl
<LI><a href="#[50]">&gt;&gt;</a>&nbsp;&nbsp;&nbsp;Task_UnitConfig
<LI><a href="#[4a]">&gt;&gt;</a>&nbsp;&nbsp;&nbsp;Task_UnitPojLineControl
</UL>

<P><STRONG><a name="[75]"></a>AmpGetStat</STRONG> (Thumb, 6 bytes, Stack size 0 bytes, amplifier.o(.text))
<BR><BR>[Called By]<UL><LI><a href="#[b0]">&gt;&gt;</a>&nbsp;&nbsp;&nbsp;RS485TxStatusMB
<LI><a href="#[72]">&gt;&gt;</a>&nbsp;&nbsp;&nbsp;Task_CheckFault
</UL>

<P><STRONG><a name="[f4]"></a>ButSaveState</STRONG> (Thumb, 12 bytes, Stack size 0 bytes, buttons.o(.text), UNUSED)

<P><STRONG><a name="[f5]"></a>ButGet</STRONG> (Thumb, 4 bytes, Stack size 0 bytes, buttons.o(.text), UNUSED)

<P><STRONG><a name="[f6]"></a>ButToggle</STRONG> (Thumb, 70 bytes, Stack size 8 bytes, buttons.o(.text), UNUSED)

<P><STRONG><a name="[62]"></a>ButFPControl</STRONG> (Thumb, 6 bytes, Stack size 0 bytes, buttons.o(.text))
<BR><BR>[Called By]<UL><LI><a href="#[60]">&gt;&gt;</a>&nbsp;&nbsp;&nbsp;Task_RS485ParsingCmdFP
</UL>

<P><STRONG><a name="[63]"></a>ButFPPreset</STRONG> (Thumb, 6 bytes, Stack size 0 bytes, buttons.o(.text))
<BR><BR>[Called By]<UL><LI><a href="#[60]">&gt;&gt;</a>&nbsp;&nbsp;&nbsp;Task_RS485ParsingCmdFP
</UL>

<P><STRONG><a name="[56]"></a>ButGetInstantState</STRONG> (Thumb, 26 bytes, Stack size 0 bytes, buttons.o(.text))
<BR><BR>[Called By]<UL><LI><a href="#[54]">&gt;&gt;</a>&nbsp;&nbsp;&nbsp;Task_UnitControl
</UL>

<P><STRONG><a name="[f7]"></a>ButGetState</STRONG> (Thumb, 18 bytes, Stack size 0 bytes, buttons.o(.text), UNUSED)

<P><STRONG><a name="[57]"></a>ButGetToggleState</STRONG> (Thumb, 72 bytes, Stack size 8 bytes, buttons.o(.text))
<BR><BR>[Stack]<UL><LI>Max Depth = 8<LI>Call Chain = ButGetToggleState
</UL>
<BR>[Called By]<UL><LI><a href="#[77]">&gt;&gt;</a>&nbsp;&nbsp;&nbsp;DisactivSound
<LI><a href="#[58]">&gt;&gt;</a>&nbsp;&nbsp;&nbsp;Task_UnitLock
<LI><a href="#[54]">&gt;&gt;</a>&nbsp;&nbsp;&nbsp;Task_UnitControl
</UL>

<P><STRONG><a name="[51]"></a>ButClrToggleState</STRONG> (Thumb, 32 bytes, Stack size 0 bytes, buttons.o(.text))
<BR><BR>[Called By]<UL><LI><a href="#[77]">&gt;&gt;</a>&nbsp;&nbsp;&nbsp;DisactivSound
<LI><a href="#[54]">&gt;&gt;</a>&nbsp;&nbsp;&nbsp;Task_UnitControl
<LI><a href="#[50]">&gt;&gt;</a>&nbsp;&nbsp;&nbsp;Task_UnitConfig
</UL>

<P><STRONG><a name="[a9]"></a>JQTxCmd</STRONG> (Thumb, 174 bytes, Stack size 16 bytes, jq6500.o(.text))
<BR><BR>[Stack]<UL><LI>Max Depth = 16<LI>Call Chain = JQTxCmd
</UL>
<BR>[Called By]<UL><LI><a href="#[a8]">&gt;&gt;</a>&nbsp;&nbsp;&nbsp;JQReset
<LI><a href="#[4e]">&gt;&gt;</a>&nbsp;&nbsp;&nbsp;VoiceMessage
</UL>

<P><STRONG><a name="[a8]"></a>JQReset</STRONG> (Thumb, 44 bytes, Stack size 4 bytes, jq6500.o(.text))
<BR><BR>[Stack]<UL><LI>Max Depth = 20<LI>Call Chain = JQReset &rArr; JQTxCmd
</UL>
<BR>[Calls]<UL><LI><a href="#[a9]">&gt;&gt;</a>&nbsp;&nbsp;&nbsp;JQTxCmd
</UL>
<BR>[Called By]<UL><LI><a href="#[86]">&gt;&gt;</a>&nbsp;&nbsp;&nbsp;JQInit
</UL>

<P><STRONG><a name="[86]"></a>JQInit</STRONG> (Thumb, 12 bytes, Stack size 8 bytes, jq6500.o(.text))
<BR><BR>[Stack]<UL><LI>Max Depth = 28<LI>Call Chain = JQInit &rArr; JQReset &rArr; JQTxCmd
</UL>
<BR>[Calls]<UL><LI><a href="#[a8]">&gt;&gt;</a>&nbsp;&nbsp;&nbsp;JQReset
<LI><a href="#[aa]">&gt;&gt;</a>&nbsp;&nbsp;&nbsp;Uart1Init
</UL>
<BR>[Called By]<UL><LI><a href="#[44]">&gt;&gt;</a>&nbsp;&nbsp;&nbsp;main
</UL>

<P><STRONG><a name="[f8]"></a>JQRxResp</STRONG> (Thumb, 76 bytes, Stack size 0 bytes, jq6500.o(.text), UNUSED)

<P><STRONG><a name="[4e]"></a>VoiceMessage</STRONG> (Thumb, 66 bytes, Stack size 8 bytes, jq6500.o(.text))
<BR><BR>[Stack]<UL><LI>Max Depth = 24<LI>Call Chain = VoiceMessage &rArr; JQTxCmd
</UL>
<BR>[Calls]<UL><LI><a href="#[a9]">&gt;&gt;</a>&nbsp;&nbsp;&nbsp;JQTxCmd
</UL>
<BR>[Called By]<UL><LI><a href="#[58]">&gt;&gt;</a>&nbsp;&nbsp;&nbsp;Task_UnitLock
<LI><a href="#[54]">&gt;&gt;</a>&nbsp;&nbsp;&nbsp;Task_UnitControl
<LI><a href="#[50]">&gt;&gt;</a>&nbsp;&nbsp;&nbsp;Task_UnitConfig
<LI><a href="#[4a]">&gt;&gt;</a>&nbsp;&nbsp;&nbsp;Task_UnitPojLineControl
</UL>

<P><STRONG><a name="[83]"></a>LcInit</STRONG> (Thumb, 18 bytes, Stack size 0 bytes, linecheck.o(.text))
<BR><BR>[Called By]<UL><LI><a href="#[44]">&gt;&gt;</a>&nbsp;&nbsp;&nbsp;main
</UL>

<P><STRONG><a name="[6f]"></a>LcSetDeviation</STRONG> (Thumb, 10 bytes, Stack size 0 bytes, linecheck.o(.text))
<BR><BR>[Called By]<UL><LI><a href="#[44]">&gt;&gt;</a>&nbsp;&nbsp;&nbsp;main
<LI><a href="#[60]">&gt;&gt;</a>&nbsp;&nbsp;&nbsp;Task_RS485ParsingCmdFP
</UL>

<P><STRONG><a name="[70]"></a>LcGetDeviation</STRONG> (Thumb, 6 bytes, Stack size 0 bytes, linecheck.o(.text))
<BR><BR>[Called By]<UL><LI><a href="#[b0]">&gt;&gt;</a>&nbsp;&nbsp;&nbsp;RS485TxStatusMB
<LI><a href="#[60]">&gt;&gt;</a>&nbsp;&nbsp;&nbsp;Task_RS485ParsingCmdFP
</UL>

<P><STRONG><a name="[93]"></a>LcSteadyStateLoop</STRONG> (Thumb, 804 bytes, Stack size 8 bytes, linecheck.o(.text))
<BR><BR>[Stack]<UL><LI>Max Depth = 8<LI>Call Chain = LcSteadyStateLoop
</UL>
<BR>[Calls]<UL><LI><a href="#[ab]">&gt;&gt;</a>&nbsp;&nbsp;&nbsp;LcGetValue
</UL>
<BR>[Called By]<UL><LI><a href="#[c]">&gt;&gt;</a>&nbsp;&nbsp;&nbsp;SysTick_Handler
</UL>

<P><STRONG><a name="[b3]"></a>LcGetMeas</STRONG> (Thumb, 10 bytes, Stack size 0 bytes, linecheck.o(.text))
<BR><BR>[Called By]<UL><LI><a href="#[b0]">&gt;&gt;</a>&nbsp;&nbsp;&nbsp;RS485TxStatusMB
</UL>

<P><STRONG><a name="[ac]"></a>LcGetStatus</STRONG> (Thumb, 104 bytes, Stack size 0 bytes, linecheck.o(.text))
<BR><BR>[Called By]<UL><LI><a href="#[b0]">&gt;&gt;</a>&nbsp;&nbsp;&nbsp;RS485TxStatusMB
<LI><a href="#[6e]">&gt;&gt;</a>&nbsp;&nbsp;&nbsp;LcSaveRef
<LI><a href="#[76]">&gt;&gt;</a>&nbsp;&nbsp;&nbsp;LcGetDefStatus
</UL>

<P><STRONG><a name="[6e]"></a>LcSaveRef</STRONG> (Thumb, 56 bytes, Stack size 4 bytes, linecheck.o(.text))
<BR><BR>[Stack]<UL><LI>Max Depth = 4<LI>Call Chain = LcSaveRef
</UL>
<BR>[Calls]<UL><LI><a href="#[ac]">&gt;&gt;</a>&nbsp;&nbsp;&nbsp;LcGetStatus
</UL>
<BR>[Called By]<UL><LI><a href="#[60]">&gt;&gt;</a>&nbsp;&nbsp;&nbsp;Task_RS485ParsingCmdFP
</UL>

<P><STRONG><a name="[76]"></a>LcGetDefStatus</STRONG> (Thumb, 36 bytes, Stack size 4 bytes, linecheck.o(.text))
<BR><BR>[Stack]<UL><LI>Max Depth = 4<LI>Call Chain = LcGetDefStatus
</UL>
<BR>[Calls]<UL><LI><a href="#[ac]">&gt;&gt;</a>&nbsp;&nbsp;&nbsp;LcGetStatus
</UL>
<BR>[Called By]<UL><LI><a href="#[72]">&gt;&gt;</a>&nbsp;&nbsp;&nbsp;Task_CheckFault
</UL>

<P><STRONG><a name="[85]"></a>PowerAndChargeInit</STRONG> (Thumb, 36 bytes, Stack size 0 bytes, powerandcharge.o(.text))
<BR><BR>[Called By]<UL><LI><a href="#[44]">&gt;&gt;</a>&nbsp;&nbsp;&nbsp;main
</UL>

<P><STRONG><a name="[90]"></a>PowerGetACStatus</STRONG> (Thumb, 54 bytes, Stack size 0 bytes, powerandcharge.o(.text))
<BR><BR>[Called By]<UL><LI><a href="#[c]">&gt;&gt;</a>&nbsp;&nbsp;&nbsp;SysTick_Handler
</UL>

<P><STRONG><a name="[73]"></a>PowerGetStatus</STRONG> (Thumb, 6 bytes, Stack size 0 bytes, powerandcharge.o(.text))
<BR><BR>[Called By]<UL><LI><a href="#[b0]">&gt;&gt;</a>&nbsp;&nbsp;&nbsp;RS485TxStatusMB
<LI><a href="#[72]">&gt;&gt;</a>&nbsp;&nbsp;&nbsp;Task_CheckFault
</UL>

<P><STRONG><a name="[74]"></a>PowerBatGetStatus</STRONG> (Thumb, 90 bytes, Stack size 8 bytes, powerandcharge.o(.text))
<BR><BR>[Stack]<UL><LI>Max Depth = 8<LI>Call Chain = PowerBatGetStatus
</UL>
<BR>[Calls]<UL><LI><a href="#[ad]">&gt;&gt;</a>&nbsp;&nbsp;&nbsp;BatLevel
</UL>
<BR>[Called By]<UL><LI><a href="#[b0]">&gt;&gt;</a>&nbsp;&nbsp;&nbsp;RS485TxStatusMB
<LI><a href="#[72]">&gt;&gt;</a>&nbsp;&nbsp;&nbsp;Task_CheckFault
</UL>

<P><STRONG><a name="[78]"></a>RelayOrLedLoop</STRONG> (Thumb, 26 bytes, Stack size 8 bytes, relay.o(.text))
<BR><BR>[Stack]<UL><LI>Max Depth = 8<LI>Call Chain = RelayOrLedLoop
</UL>
<BR>[Calls]<UL><LI><a href="#[ae]">&gt;&gt;</a>&nbsp;&nbsp;&nbsp;Spi2SendData
</UL>
<BR>[Called By]<UL><LI><a href="#[72]">&gt;&gt;</a>&nbsp;&nbsp;&nbsp;Task_CheckFault
</UL>

<P><STRONG><a name="[55]"></a>RelayOrLedOn</STRONG> (Thumb, 16 bytes, Stack size 0 bytes, relay.o(.text))
<BR><BR>[Called By]<UL><LI><a href="#[4b]">&gt;&gt;</a>&nbsp;&nbsp;&nbsp;ZoneSet
<LI><a href="#[7c]">&gt;&gt;</a>&nbsp;&nbsp;&nbsp;Task_RS485NoConnect
<LI><a href="#[72]">&gt;&gt;</a>&nbsp;&nbsp;&nbsp;Task_CheckFault
<LI><a href="#[58]">&gt;&gt;</a>&nbsp;&nbsp;&nbsp;Task_UnitLock
<LI><a href="#[54]">&gt;&gt;</a>&nbsp;&nbsp;&nbsp;Task_UnitControl
</UL>

<P><STRONG><a name="[52]"></a>RelayOrLedOff</STRONG> (Thumb, 16 bytes, Stack size 0 bytes, relay.o(.text))
<BR><BR>[Called By]<UL><LI><a href="#[4b]">&gt;&gt;</a>&nbsp;&nbsp;&nbsp;ZoneSet
<LI><a href="#[72]">&gt;&gt;</a>&nbsp;&nbsp;&nbsp;Task_CheckFault
<LI><a href="#[58]">&gt;&gt;</a>&nbsp;&nbsp;&nbsp;Task_UnitLock
<LI><a href="#[54]">&gt;&gt;</a>&nbsp;&nbsp;&nbsp;Task_UnitControl
<LI><a href="#[50]">&gt;&gt;</a>&nbsp;&nbsp;&nbsp;Task_UnitConfig
</UL>

<P><STRONG><a name="[5b]"></a>RelayOrLedToggle</STRONG> (Thumb, 16 bytes, Stack size 0 bytes, relay.o(.text))
<BR><BR>[Called By]<UL><LI><a href="#[5a]">&gt;&gt;</a>&nbsp;&nbsp;&nbsp;Task_RS485ParsingCmdSB
</UL>

<P><STRONG><a name="[4b]"></a>ZoneSet</STRONG> (Thumb, 72 bytes, Stack size 8 bytes, relay.o(.text))
<BR><BR>[Stack]<UL><LI>Max Depth = 8<LI>Call Chain = ZoneSet
</UL>
<BR>[Calls]<UL><LI><a href="#[55]">&gt;&gt;</a>&nbsp;&nbsp;&nbsp;RelayOrLedOn
<LI><a href="#[52]">&gt;&gt;</a>&nbsp;&nbsp;&nbsp;RelayOrLedOff
</UL>
<BR>[Called By]<UL><LI><a href="#[58]">&gt;&gt;</a>&nbsp;&nbsp;&nbsp;Task_UnitLock
<LI><a href="#[54]">&gt;&gt;</a>&nbsp;&nbsp;&nbsp;Task_UnitControl
<LI><a href="#[50]">&gt;&gt;</a>&nbsp;&nbsp;&nbsp;Task_UnitConfig
<LI><a href="#[4a]">&gt;&gt;</a>&nbsp;&nbsp;&nbsp;Task_UnitPojLineControl
</UL>

<P><STRONG><a name="[b1]"></a>ZoneGetStatus</STRONG> (Thumb, 14 bytes, Stack size 0 bytes, relay.o(.text))
<BR><BR>[Called By]<UL><LI><a href="#[b0]">&gt;&gt;</a>&nbsp;&nbsp;&nbsp;RS485TxStatusMB
</UL>

<P><STRONG><a name="[87]"></a>RS485Init</STRONG> (Thumb, 42 bytes, Stack size 8 bytes, rs485.o(.text))
<BR><BR>[Stack]<UL><LI>Max Depth = 16<LI>Call Chain = RS485Init &rArr; Uart3Init
</UL>
<BR>[Calls]<UL><LI><a href="#[9f]">&gt;&gt;</a>&nbsp;&nbsp;&nbsp;Uart3Init
</UL>
<BR>[Called By]<UL><LI><a href="#[44]">&gt;&gt;</a>&nbsp;&nbsp;&nbsp;main
</UL>

<P><STRONG><a name="[a2]"></a>RS485DE</STRONG> (Thumb, 22 bytes, Stack size 0 bytes, rs485.o(.text))
<BR><BR>[Called By]<UL><LI><a href="#[34]">&gt;&gt;</a>&nbsp;&nbsp;&nbsp;USART3_IRQHandler
<LI><a href="#[94]">&gt;&gt;</a>&nbsp;&nbsp;&nbsp;RS485MasterLoop
</UL>

<P><STRONG><a name="[b8]"></a>RS485TimeOutInc</STRONG> (Thumb, 48 bytes, Stack size 0 bytes, rs485.o(.text))
<BR><BR>[Called By]<UL><LI><a href="#[94]">&gt;&gt;</a>&nbsp;&nbsp;&nbsp;RS485MasterLoop
</UL>

<P><STRONG><a name="[71]"></a>RS485FlagGet</STRONG> (Thumb, 22 bytes, Stack size 8 bytes, rs485.o(.text))
<BR><BR>[Stack]<UL><LI>Max Depth = 8<LI>Call Chain = RS485FlagGet
</UL>
<BR>[Called By]<UL><LI><a href="#[c]">&gt;&gt;</a>&nbsp;&nbsp;&nbsp;SysTick_Handler
<LI><a href="#[3a]">&gt;&gt;</a>&nbsp;&nbsp;&nbsp;Task_RS485
</UL>

<P><STRONG><a name="[f9]"></a>RS485FlagSet</STRONG> (Thumb, 16 bytes, Stack size 0 bytes, rs485.o(.text), UNUSED)

<P><STRONG><a name="[5e]"></a>RS485FlagClr</STRONG> (Thumb, 16 bytes, Stack size 0 bytes, rs485.o(.text))
<BR><BR>[Called By]<UL><LI><a href="#[60]">&gt;&gt;</a>&nbsp;&nbsp;&nbsp;Task_RS485ParsingCmdFP
<LI><a href="#[5a]">&gt;&gt;</a>&nbsp;&nbsp;&nbsp;Task_RS485ParsingCmdSB
</UL>

<P><STRONG><a name="[5f]"></a>RS485RxClrBuf</STRONG> (Thumb, 46 bytes, Stack size 0 bytes, rs485.o(.text))
<BR><BR>[Called By]<UL><LI><a href="#[a1]">&gt;&gt;</a>&nbsp;&nbsp;&nbsp;RS485RxPacket
<LI><a href="#[34]">&gt;&gt;</a>&nbsp;&nbsp;&nbsp;USART3_IRQHandler
<LI><a href="#[7c]">&gt;&gt;</a>&nbsp;&nbsp;&nbsp;Task_RS485NoConnect
<LI><a href="#[60]">&gt;&gt;</a>&nbsp;&nbsp;&nbsp;Task_RS485ParsingCmdFP
<LI><a href="#[5a]">&gt;&gt;</a>&nbsp;&nbsp;&nbsp;Task_RS485ParsingCmdSB
</UL>

<P><STRONG><a name="[a1]"></a>RS485RxPacket</STRONG> (Thumb, 332 bytes, Stack size 16 bytes, rs485.o(.text))
<BR><BR>[Stack]<UL><LI>Max Depth = 24<LI>Call Chain = RS485RxPacket &rArr; Get_Crc16
</UL>
<BR>[Calls]<UL><LI><a href="#[af]">&gt;&gt;</a>&nbsp;&nbsp;&nbsp;Get_Crc16
<LI><a href="#[5f]">&gt;&gt;</a>&nbsp;&nbsp;&nbsp;RS485RxClrBuf
</UL>
<BR>[Called By]<UL><LI><a href="#[34]">&gt;&gt;</a>&nbsp;&nbsp;&nbsp;USART3_IRQHandler
</UL>

<P><STRONG><a name="[61]"></a>RS485RxGetDataFromBuf</STRONG> (Thumb, 8 bytes, Stack size 0 bytes, rs485.o(.text))
<BR><BR>[Called By]<UL><LI><a href="#[bc]">&gt;&gt;</a>&nbsp;&nbsp;&nbsp;StatusZone2
<LI><a href="#[bb]">&gt;&gt;</a>&nbsp;&nbsp;&nbsp;StatusZone1
<LI><a href="#[60]">&gt;&gt;</a>&nbsp;&nbsp;&nbsp;Task_RS485ParsingCmdFP
</UL>

<P><STRONG><a name="[5c]"></a>RS485RxGetBufPtr</STRONG> (Thumb, 4 bytes, Stack size 0 bytes, rs485.o(.text))
<BR><BR>[Called By]<UL><LI><a href="#[5a]">&gt;&gt;</a>&nbsp;&nbsp;&nbsp;Task_RS485ParsingCmdSB
</UL>

<P><STRONG><a name="[6c]"></a>RS48RxGetTimeUTC</STRONG> (Thumb, 28 bytes, Stack size 0 bytes, rs485.o(.text))
<BR><BR>[Called By]<UL><LI><a href="#[60]">&gt;&gt;</a>&nbsp;&nbsp;&nbsp;Task_RS485ParsingCmdFP
</UL>

<P><STRONG><a name="[b0]"></a>RS485TxStatusMB</STRONG> (Thumb, 290 bytes, Stack size 32 bytes, rs485.o(.text))
<BR><BR>[Stack]<UL><LI>Max Depth = 64<LI>Call Chain = RS485TxStatusMB &rArr; __aeabi_dmul
</UL>
<BR>[Calls]<UL><LI><a href="#[b7]">&gt;&gt;</a>&nbsp;&nbsp;&nbsp;SirenGetStatus
<LI><a href="#[b1]">&gt;&gt;</a>&nbsp;&nbsp;&nbsp;ZoneGetStatus
<LI><a href="#[ac]">&gt;&gt;</a>&nbsp;&nbsp;&nbsp;LcGetStatus
<LI><a href="#[b3]">&gt;&gt;</a>&nbsp;&nbsp;&nbsp;LcGetMeas
<LI><a href="#[b2]">&gt;&gt;</a>&nbsp;&nbsp;&nbsp;GetCounterRTC
<LI><a href="#[af]">&gt;&gt;</a>&nbsp;&nbsp;&nbsp;Get_Crc16
<LI><a href="#[ad]">&gt;&gt;</a>&nbsp;&nbsp;&nbsp;BatLevel
<LI><a href="#[73]">&gt;&gt;</a>&nbsp;&nbsp;&nbsp;PowerGetStatus
<LI><a href="#[74]">&gt;&gt;</a>&nbsp;&nbsp;&nbsp;PowerBatGetStatus
<LI><a href="#[7a]">&gt;&gt;</a>&nbsp;&nbsp;&nbsp;PojLineGetStatus
<LI><a href="#[70]">&gt;&gt;</a>&nbsp;&nbsp;&nbsp;LcGetDeviation
<LI><a href="#[75]">&gt;&gt;</a>&nbsp;&nbsp;&nbsp;AmpGetStat
<LI><a href="#[b5]">&gt;&gt;</a>&nbsp;&nbsp;&nbsp;__aeabi_dmul
<LI><a href="#[b4]">&gt;&gt;</a>&nbsp;&nbsp;&nbsp;__aeabi_ui2d
<LI><a href="#[b6]">&gt;&gt;</a>&nbsp;&nbsp;&nbsp;__aeabi_d2uiz
</UL>
<BR>[Called By]<UL><LI><a href="#[94]">&gt;&gt;</a>&nbsp;&nbsp;&nbsp;RS485MasterLoop
</UL>

<P><STRONG><a name="[94]"></a>RS485MasterLoop</STRONG> (Thumb, 104 bytes, Stack size 16 bytes, rs485.o(.text))
<BR><BR>[Stack]<UL><LI>Max Depth = 80<LI>Call Chain = RS485MasterLoop &rArr; RS485TxStatusMB &rArr; __aeabi_dmul
</UL>
<BR>[Calls]<UL><LI><a href="#[b9]">&gt;&gt;</a>&nbsp;&nbsp;&nbsp;SirenRS485TxBuf
<LI><a href="#[b0]">&gt;&gt;</a>&nbsp;&nbsp;&nbsp;RS485TxStatusMB
<LI><a href="#[b8]">&gt;&gt;</a>&nbsp;&nbsp;&nbsp;RS485TimeOutInc
<LI><a href="#[a2]">&gt;&gt;</a>&nbsp;&nbsp;&nbsp;RS485DE
<LI><a href="#[ba]">&gt;&gt;</a>&nbsp;&nbsp;&nbsp;Uart3StarTx
</UL>
<BR>[Called By]<UL><LI><a href="#[c]">&gt;&gt;</a>&nbsp;&nbsp;&nbsp;SysTick_Handler
</UL>

<P><STRONG><a name="[fa]"></a>RS485TxRequestIP</STRONG> (Thumb, 78 bytes, Stack size 0 bytes, rs485.o(.text), UNUSED)

<P><STRONG><a name="[fb]"></a>RS485TxRequestZE</STRONG> (Thumb, 22 bytes, Stack size 0 bytes, rs485.o(.text), UNUSED)

<P><STRONG><a name="[65]"></a>SetAddress</STRONG> (Thumb, 6 bytes, Stack size 0 bytes, rs485.o(.text))
<BR><BR>[Called By]<UL><LI><a href="#[44]">&gt;&gt;</a>&nbsp;&nbsp;&nbsp;main
<LI><a href="#[60]">&gt;&gt;</a>&nbsp;&nbsp;&nbsp;Task_RS485ParsingCmdFP
</UL>

<P><STRONG><a name="[66]"></a>GetAddress</STRONG> (Thumb, 6 bytes, Stack size 0 bytes, rs485.o(.text))
<BR><BR>[Called By]<UL><LI><a href="#[60]">&gt;&gt;</a>&nbsp;&nbsp;&nbsp;Task_RS485ParsingCmdFP
</UL>

<P><STRONG><a name="[6a]"></a>SetGroup</STRONG> (Thumb, 6 bytes, Stack size 0 bytes, rs485.o(.text))
<BR><BR>[Called By]<UL><LI><a href="#[44]">&gt;&gt;</a>&nbsp;&nbsp;&nbsp;main
<LI><a href="#[60]">&gt;&gt;</a>&nbsp;&nbsp;&nbsp;Task_RS485ParsingCmdFP
</UL>

<P><STRONG><a name="[6b]"></a>GetGroup</STRONG> (Thumb, 6 bytes, Stack size 0 bytes, rs485.o(.text))
<BR><BR>[Called By]<UL><LI><a href="#[60]">&gt;&gt;</a>&nbsp;&nbsp;&nbsp;Task_RS485ParsingCmdFP
</UL>

<P><STRONG><a name="[fc]"></a>SetPriority</STRONG> (Thumb, 6 bytes, Stack size 0 bytes, rs485.o(.text), UNUSED)

<P><STRONG><a name="[fd]"></a>GetPriority</STRONG> (Thumb, 6 bytes, Stack size 0 bytes, rs485.o(.text), UNUSED)

<P><STRONG><a name="[fe]"></a>RS485MB_SetPriority</STRONG> (Thumb, 6 bytes, Stack size 0 bytes, rs485.o(.text), UNUSED)

<P><STRONG><a name="[ff]"></a>RS485MB_SetTxBuf</STRONG> (Thumb, 4 bytes, Stack size 0 bytes, rs485.o(.text), UNUSED)

<P><STRONG><a name="[bb]"></a>StatusZone1</STRONG> (Thumb, 10 bytes, Stack size 4 bytes, rs485.o(.text), UNUSED)
<BR><BR>[Calls]<UL><LI><a href="#[61]">&gt;&gt;</a>&nbsp;&nbsp;&nbsp;RS485RxGetDataFromBuf
</UL>

<P><STRONG><a name="[bc]"></a>StatusZone2</STRONG> (Thumb, 10 bytes, Stack size 4 bytes, rs485.o(.text), UNUSED)
<BR><BR>[Calls]<UL><LI><a href="#[61]">&gt;&gt;</a>&nbsp;&nbsp;&nbsp;RS485RxGetDataFromBuf
</UL>

<P><STRONG><a name="[5d]"></a>SirenSaveStatus</STRONG> (Thumb, 50 bytes, Stack size 0 bytes, sb_sirenboard.o(.text))
<BR><BR>[Called By]<UL><LI><a href="#[5a]">&gt;&gt;</a>&nbsp;&nbsp;&nbsp;Task_RS485ParsingCmdSB
</UL>

<P><STRONG><a name="[100]"></a>SirenClrStatus</STRONG> (Thumb, 14 bytes, Stack size 0 bytes, sb_sirenboard.o(.text), UNUSED)

<P><STRONG><a name="[b7]"></a>SirenGetStatus</STRONG> (Thumb, 4 bytes, Stack size 0 bytes, sb_sirenboard.o(.text))
<BR><BR>[Called By]<UL><LI><a href="#[b0]">&gt;&gt;</a>&nbsp;&nbsp;&nbsp;RS485TxStatusMB
</UL>

<P><STRONG><a name="[101]"></a>SirenGet</STRONG> (Thumb, 2 bytes, Stack size 0 bytes, sb_sirenboard.o(.text), UNUSED)

<P><STRONG><a name="[102]"></a>SirenControl</STRONG> (Thumb, 2 bytes, Stack size 0 bytes, sb_sirenboard.o(.text), UNUSED)

<P><STRONG><a name="[b9]"></a>SirenRS485TxBuf</STRONG> (Thumb, 48 bytes, Stack size 8 bytes, sb_sirenboard.o(.text))
<BR><BR>[Stack]<UL><LI>Max Depth = 16<LI>Call Chain = SirenRS485TxBuf &rArr; Get_Crc16
</UL>
<BR>[Calls]<UL><LI><a href="#[af]">&gt;&gt;</a>&nbsp;&nbsp;&nbsp;Get_Crc16
</UL>
<BR>[Called By]<UL><LI><a href="#[94]">&gt;&gt;</a>&nbsp;&nbsp;&nbsp;RS485MasterLoop
</UL>

<P><STRONG><a name="[103]"></a>__use_two_region_memory</STRONG> (Thumb, 2 bytes, Stack size 0 bytes, heapauxi.o(.text), UNUSED)

<P><STRONG><a name="[104]"></a>__rt_heap_escrow$2region</STRONG> (Thumb, 2 bytes, Stack size 0 bytes, heapauxi.o(.text), UNUSED)

<P><STRONG><a name="[105]"></a>__rt_heap_expand$2region</STRONG> (Thumb, 2 bytes, Stack size 0 bytes, heapauxi.o(.text), UNUSED)

<P><STRONG><a name="[40]"></a>__user_setup_stackheap</STRONG> (Thumb, 74 bytes, Stack size 8 bytes, sys_stackheap_outer.o(.text))
<BR><BR>[Stack]<UL><LI>Max Depth = 8 + Unknown Stack Size
<LI>Call Chain = __user_setup_stackheap
</UL>
<BR>[Calls]<UL><LI><a href="#[be]">&gt;&gt;</a>&nbsp;&nbsp;&nbsp;__user_initial_stackheap
<LI><a href="#[bd]">&gt;&gt;</a>&nbsp;&nbsp;&nbsp;__user_perproc_libspace
</UL>
<BR>[Called By]<UL><LI><a href="#[3f]">&gt;&gt;</a>&nbsp;&nbsp;&nbsp;__rt_entry_sh
</UL>

<P><STRONG><a name="[45]"></a>exit</STRONG> (Thumb, 18 bytes, Stack size 8 bytes, exit.o(.text))
<BR><BR>[Stack]<UL><LI>Max Depth = 8 + Unknown Stack Size
<LI>Call Chain = exit
</UL>
<BR>[Calls]<UL><LI><a href="#[bf]">&gt;&gt;</a>&nbsp;&nbsp;&nbsp;__rt_exit
</UL>
<BR>[Called By]<UL><LI><a href="#[43]">&gt;&gt;</a>&nbsp;&nbsp;&nbsp;__rt_entry_main
</UL>

<P><STRONG><a name="[106]"></a>__user_libspace</STRONG> (Thumb, 8 bytes, Stack size 0 bytes, libspace.o(.text), UNUSED)

<P><STRONG><a name="[bd]"></a>__user_perproc_libspace</STRONG> (Thumb, 0 bytes, Stack size 0 bytes, libspace.o(.text))
<BR><BR>[Called By]<UL><LI><a href="#[40]">&gt;&gt;</a>&nbsp;&nbsp;&nbsp;__user_setup_stackheap
</UL>

<P><STRONG><a name="[107]"></a>__user_perthread_libspace</STRONG> (Thumb, 0 bytes, Stack size 0 bytes, libspace.o(.text), UNUSED)

<P><STRONG><a name="[49]"></a>_sys_exit</STRONG> (Thumb, 8 bytes, Stack size 0 bytes, sys_exit.o(.text))
<BR><BR>[Called By]<UL><LI><a href="#[48]">&gt;&gt;</a>&nbsp;&nbsp;&nbsp;__rt_exit_exit
</UL>

<P><STRONG><a name="[108]"></a>__I$use$semihosting</STRONG> (Thumb, 0 bytes, Stack size 0 bytes, use_no_semi.o(.text), UNUSED)

<P><STRONG><a name="[109]"></a>__use_no_semihosting_swi</STRONG> (Thumb, 2 bytes, Stack size 0 bytes, use_no_semi.o(.text), UNUSED)

<P><STRONG><a name="[10a]"></a>__semihosting_library_function</STRONG> (Thumb, 0 bytes, Stack size unknown bytes, indicate_semi.o(.text), UNUSED)

<P><STRONG><a name="[b6]"></a>__aeabi_d2uiz</STRONG> (Thumb, 0 bytes, Stack size 32 bytes, dfixu.o(x$fpl$dfixu))
<BR><BR>[Stack]<UL><LI>Max Depth = 32<LI>Call Chain = __aeabi_d2uiz
</UL>
<BR>[Called By]<UL><LI><a href="#[b0]">&gt;&gt;</a>&nbsp;&nbsp;&nbsp;RS485TxStatusMB
</UL>

<P><STRONG><a name="[c0]"></a>_dfixu</STRONG> (Thumb, 90 bytes, Stack size 32 bytes, dfixu.o(x$fpl$dfixu), UNUSED)
<BR><BR>[Calls]<UL><LI><a href="#[c1]">&gt;&gt;</a>&nbsp;&nbsp;&nbsp;__fpl_dnaninf
</UL>

<P><STRONG><a name="[b4]"></a>__aeabi_ui2d</STRONG> (Thumb, 0 bytes, Stack size 0 bytes, dflt_clz.o(x$fpl$dfltu))
<BR><BR>[Called By]<UL><LI><a href="#[b0]">&gt;&gt;</a>&nbsp;&nbsp;&nbsp;RS485TxStatusMB
</UL>

<P><STRONG><a name="[10b]"></a>_dfltu</STRONG> (Thumb, 38 bytes, Stack size 0 bytes, dflt_clz.o(x$fpl$dfltu), UNUSED)

<P><STRONG><a name="[b5]"></a>__aeabi_dmul</STRONG> (Thumb, 0 bytes, Stack size 32 bytes, dmul.o(x$fpl$dmul))
<BR><BR>[Stack]<UL><LI>Max Depth = 32<LI>Call Chain = __aeabi_dmul
</UL>
<BR>[Called By]<UL><LI><a href="#[b0]">&gt;&gt;</a>&nbsp;&nbsp;&nbsp;RS485TxStatusMB
</UL>

<P><STRONG><a name="[c2]"></a>_dmul</STRONG> (Thumb, 332 bytes, Stack size 32 bytes, dmul.o(x$fpl$dmul), UNUSED)
<BR><BR>[Calls]<UL><LI><a href="#[c3]">&gt;&gt;</a>&nbsp;&nbsp;&nbsp;__fpl_dretinf
<LI><a href="#[c1]">&gt;&gt;</a>&nbsp;&nbsp;&nbsp;__fpl_dnaninf
</UL>

<P><STRONG><a name="[c1]"></a>__fpl_dnaninf</STRONG> (Thumb, 156 bytes, Stack size 16 bytes, dnaninf.o(x$fpl$dnaninf), UNUSED)
<BR><BR>[Called By]<UL><LI><a href="#[c2]">&gt;&gt;</a>&nbsp;&nbsp;&nbsp;_dmul
<LI><a href="#[c0]">&gt;&gt;</a>&nbsp;&nbsp;&nbsp;_dfixu
</UL>

<P><STRONG><a name="[c3]"></a>__fpl_dretinf</STRONG> (Thumb, 12 bytes, Stack size 0 bytes, dretinf.o(x$fpl$dretinf), UNUSED)
<BR><BR>[Called By]<UL><LI><a href="#[c2]">&gt;&gt;</a>&nbsp;&nbsp;&nbsp;_dmul
</UL>
<P>
<H3>
Local Symbols
</H3>
<P><STRONG><a name="[a0]"></a>NVIC_EnableIRQ</STRONG> (Thumb, 22 bytes, Stack size 0 bytes, uart_st.o(.text))
<BR><BR>[Called By]<UL><LI><a href="#[1b]">&gt;&gt;</a>&nbsp;&nbsp;&nbsp;DMA1_Channel4_IRQHandler
<LI><a href="#[a4]">&gt;&gt;</a>&nbsp;&nbsp;&nbsp;DMA1Ch5InitForRX
<LI><a href="#[a3]">&gt;&gt;</a>&nbsp;&nbsp;&nbsp;DMA1Ch4InitForTX
<LI><a href="#[9f]">&gt;&gt;</a>&nbsp;&nbsp;&nbsp;Uart3Init
</UL>
<P>
<H3>
Undefined Global Symbols
</H3><HR></body></html>
