<html>
<body>
<pre>
<h1>µVision Build Log</h1>
<h2>Tool Versions:</h2>
IDE-Version: µVision V5.17.0.0
Copyright (C) 2015 ARM Ltd and ARM Germany GmbH. All rights reserved.
License Information: qwerty Zverdv, Russia, LIC=----
 
Tool Versions:
Toolchain:       MDK-Lite  Version: 5.17
Toolchain Path:  C:\Keil_v5\ARM\ARMCC\Bin
C Compiler:      Armcc.exe V5.06 update 1 (build 61)
Assembler:       Armasm.exe V5.06 update 1 (build 61)
Linker/Locator:  ArmLink.exe V5.06 update 1 (build 61)
Library Manager: ArmAr.exe V5.06 update 1 (build 61)
Hex Converter:   FromElf.exe V5.06 update 1 (build 61)
CPU DLL:         SARMCM3.DLL V5.17
Dialog DLL:      DARMSTM.DLL V1.65.0.0
Target DLL:      STLink\ST-LINKIII-KEIL_SWO.dll V2.0.18.0
Dialog DLL:      TARMSTM.DLL V1.64.0.0
 
<h2>Project:</h2>
D:\02_ROXTON\01_Work_home\02_Keil5_17_Project\01_KeilProjects_NEW8000\NEW8000_MB\STM32F103_NEW8000MBV2_SWv001\STM32F103_NEW8000MBV2_SWv001.uvproj
Project File Date:  04/01/2020

<h2>Output:</h2>
*** Using Compiler 'V5.06 update 1 (build 61)', folder: 'C:\Keil_v5\ARM\ARMCC\Bin'
Rebuild target 'stm32f103_new8000MBv2_sw001'
assembling startup_stm32f10x_md.s...
compiling crc16.c...
compiling system_stm32f10x.c...
compiling gpio_ST.c...
compiling lcd_3_Wire.c...
compiling main.c...
compiling adc_ST.c...
compiling rtc_ST.c...
compiling spi_ST.c...
compiling sys_ST.c...
compiling sys_tick_ST.c...
compiling RTOS.c...
compiling timers_ST.c...
compiling uart_ST.c...
compiling Amplifier.c...
compiling Eep.c...
compiling Buttons.c...
compiling PowerAndCharge.c...
compiling LineCheck.c...
compiling Relay.c...
compiling Jq6500.c...
compiling Rtc.c...
compiling VirtMachine.c...
compiling Rs485.c...
compiling SB_SirenBoard.c...
linking...
Program Size: Code=13296 RO-data=312 RW-data=716 ZI-data=2404  
FromELF: creating hex file...
".\OutFiles\STM32F103_NEW8000MBV2_SWv001.axf" - 0 Error(s), 0 Warning(s).
Build Time Elapsed:  00:00:03
</pre>
</body>
</html>
