<html>
<body>
<pre>
<h1>µVision Build Log</h1>
<h2>Project:</h2>
D:\02_Keil5_17_Project\NEW8000\NEW8000_MB\NEW8000MBV1_1\new8000MBv1.uvproj
Project File Date:  06/25/2019

<h2>Output:</h2>
Build target 'Target 1'
creating preprocessor file for main.c...
compiling main.c...
creating preprocessor file for core_cm3.c...
creating preprocessor file for system_stm32f10x.c...
linking...
Program Size: Code=620 RO-data=304 RW-data=0 ZI-data=864  
FromELF: creating hex file...
".\new8000MBv1.axf" - 0 Error(s), 0 Warning(s).
Load "D:\\02_Keil5_17_Project\\NEW8000\\NEW8000_MB\\NEW8000MBV1_1\\new8000MBv1.axf" 
Internal DLL Error
Error: Flash Download failed  -  Target DLL has been cancelled
Load "D:\\02_Keil5_17_Project\\NEW8000\\NEW8000_MB\\NEW8000MBV1_1\\new8000MBv1.axf" 
Full Chip Erase Done.
Programming Done.
Verify OK.
Application running ...
Load "D:\\02_Keil5_17_Project\\NEW8000\\NEW8000_MB\\NEW8000MBV1_1\\new8000MBv1.axf" 
Full Chip Erase Done.
Programming Done.
Verify OK.
Application running ...
