<html>
<body>
<pre>
<h1>µVision Build Log</h1>
<h2>Project:</h2>
D:\02_Keil5_17_Project\01_KeilProjects_NEW8000\NEW8000_FP\STM32F103_NEW8000FPV2_SWv002\STM32F103_NEW8000FPV2_SWv002.uvproj
Project File Date:  03/13/2020

<h2>Output:</h2>
Rebuild target 'New8000FPV2_SWv002'
assembling startup_stm32f10x_md.s...
compiling system_stm32f10x.c...
compiling core_cm3.c...
compiling main.c...
compiling adc_ST.c...
compiling ascii_lm6063.c...
compiling ascii_st7565p.c...
compiling ascii_wg12864.c...
compiling crc16.c...
compiling gpio_ST.c...
compiling lcd_3_Wire.c...
compiling lcd12864.c...
compiling LM6063D.c...
compiling LogoRoxton.c...
compiling rtc_ST.c...
compiling sm1628.c...
compiling spi_ST.c...
compiling symtable.c...
compiling sys_ST.c...
compiling sys_tick_ST.c...
compiling timers_ST.c...
compiling uart_ST.c...
compiling Buttons.c...
compiling Led.c...
compiling LineCheck.c...
compiling MenuLcd12864.c...
compiling Relay.c...
compiling Rtc.c...
compiling RTOS.c...
linking...
Program Size: Code=16114 RO-data=3174 RW-data=464 ZI-data=3264  
FromELF: creating hex file...
".\OutFile\STM32F103_NEW8000FPV2_SWv002.axf" - 0 Error(s), 0 Warning(s).
</pre>
</body>
</html>
