<html>
<body>
<pre>
<h1>µVision Build Log</h1>
<h2>Tool Versions:</h2>
IDE-Version: µVision V5.17.0.0
Copyright (C) 2015 ARM Ltd and ARM Germany GmbH. All rights reserved.
License Information: home home, home, LIC=TIVNB-2Y5LT-CX0U6-DJQ04-S64JA-9NQD9
 
Tool Versions:
Toolchain:       MDK-ARM Standard  Version: 5.17
Toolchain Path:  C:\Keil_v5\ARM\ARMCC\Bin
C Compiler:      Armcc.exe V5.06 update 1 (build 61)
Assembler:       Armasm.exe V5.06 update 1 (build 61)
Linker/Locator:  ArmLink.exe V5.06 update 1 (build 61)
Library Manager: ArmAr.exe V5.06 update 1 (build 61)
Hex Converter:   FromElf.exe V5.06 update 1 (build 61)
CPU DLL:         SARMCM3.DLL V5.17
Dialog DLL:      DARMSTM.DLL V1.65.0.0
Target DLL:      STLink\ST-LINKIII-KEIL_SWO.dll V2.0.18.0
Dialog DLL:      TARMSTM.DLL V1.64.0.0
 
<h2>Project:</h2>
D:\02_Keil5_17_Project\01_KeilProjects_NEW8000\In Work\NEW8000_FP\STM32F103_NEW8000FPV2_SWv003\STM32F103_NEW8000FPV2_SWv003.uvprojx
Project File Date:  07/27/2020

<h2>Output:</h2>
*** Using Compiler 'V5.06 update 1 (build 61)', folder: 'C:\Keil_v5\ARM\ARMCC\Bin'
Rebuild target 'New8000FPV2_SWv003'
assembling startup_stm32f10x_md.s...
compiling system_stm32f10x.c...
compiling core_cm3.c...
compiling ascii_lm6063.c...
compiling ascii_wg12864.c...
compiling main.c...
Main\main.c(728): warning:  #177-D: variable "autoExitTimeoutCount" was declared but never referenced
  	static uint16_t autoExitTimeoutCount = 0;
Main\main.c: 1 warning, 0 errors
compiling crc16.c...
compiling gpio_ST.c...
compiling LogoRoxton.c...
compiling lcd12864.c...
compiling rtc_ST.c...
compiling sm1628.c...
compiling spi_ST.c...
compiling sys_tick_ST.c...
compiling sys_ST.c...
compiling timers_ST.c...
compiling uart_ST.c...
compiling Buttons.c...
compiling Led.c...
compiling Rtc.c...
compiling MenuLcd12864.c...
compiling Rs485.c...
compiling Blink.c...
compiling Faults.c...
compiling RTOS.c...
compiling MB_MotherBoard.c...
compiling FP_FacePanel.c...
compiling SB_SirenBoard.c...
compiling MyDebug.c...
compiling SwTimers.c...
compiling FsmMessage.c...
linking...
Program Size: Code=21594 RO-data=4550 RW-data=668 ZI-data=3436  
FromELF: creating hex file...
".\OutFile\STM32F103_NEW8000FPV2_SWv003.axf" - 0 Error(s), 1 Warning(s).

<h2>Collection of Component include folders:</h2>
  D:\02_Keil5_17_Project\01_KeilProjects_NEW8000\In Work\NEW8000_FP\STM32F103_NEW8000FPV2_SWv003\RTE
  C:\Keil_v5\ARM\PACK\Keil\STM32F1xx_DFP\2.3.0\Device\Include

<h2>Collection of Component Files used:</h2>
Build Time Elapsed:  00:00:06
</pre>
</body>
</html>
