ARM Linker, 5.03 [Build 76] [MDK-ARM Standard]

==============================================================================

Section Cross References

    startup_stm32f10x_md.o(STACK) refers (Special) to heapauxi.o(.text) for __use_two_region_memory
    startup_stm32f10x_md.o(HEAP) refers (Special) to heapauxi.o(.text) for __use_two_region_memory
    startup_stm32f10x_md.o(RESET) refers (Special) to heapauxi.o(.text) for __use_two_region_memory
    startup_stm32f10x_md.o(RESET) refers to startup_stm32f10x_md.o(STACK) for __initial_sp
    startup_stm32f10x_md.o(RESET) refers to startup_stm32f10x_md.o(.text) for Reset_Handler
    startup_stm32f10x_md.o(RESET) refers to sys_st.o(.text) for NMI_Handler
    startup_stm32f10x_md.o(RESET) refers to main.o(.text) for SysTick_Handler
    startup_stm32f10x_md.o(RESET) refers to rtc_st.o(.text) for RTC_IRQHandler
    startup_stm32f10x_md.o(RESET) refers to dma_st.o(.text) for DMA1_Channel2_IRQHandler
    startup_stm32f10x_md.o(RESET) refers to spi_st.o(.text) for SPI2_IRQHandler
    startup_stm32f10x_md.o(RESET) refers to uart_st.o(.text) for USART1_IRQHandler
    startup_stm32f10x_md.o(.text) refers (Special) to heapauxi.o(.text) for __use_two_region_memory
    startup_stm32f10x_md.o(.text) refers to __main.o(!!!main) for __main
    startup_stm32f10x_md.o(.text) refers to startup_stm32f10x_md.o(HEAP) for Heap_Mem
    startup_stm32f10x_md.o(.text) refers to startup_stm32f10x_md.o(STACK) for Stack_Mem
    system_stm32f10x.o(.text) refers to system_stm32f10x.o(.data) for SystemCoreClock
    scheduler.o(.text) refers to sys_tick_st.o(.text) for SysTick_Init
    scheduler.o(.text) refers to scheduler.o(.bss) for TaskQueue
    scheduler.o(.text) refers to scheduler.o(.data) for RtosTickCount
    crc16.o(.text) refers to crc16.o(.data) for Crc16Table
    gpio_st.o(.text) refers to gpio_st.o(.data) for mScount
    uart_st.o(.text) refers to uart_st.o(.data) for U1WorkReg
    uart_st.o(.text) refers to uart_st.o(.bss) for U3Handlers
    spi_st.o(.text) refers to spi_st.o(.data) for Spi2StatusReg
    amplifier.o(.text) refers to gpio_st.o(.text) for Gpio_GetState
    amplifier.o(.text) refers to amplifier.o(.data) for AmpStatReg
    blink.o(.text) refers to blink.o(.data) for blinkCount
    buttons.o(.text) refers to buttons.o(.data) for FPButtonsStr
    buttons.o(.text) refers to buttons.o(.bss) for ButtonStatesStr
    config.o(.text) refers to strcpy.o(.text) for strcpy
    config.o(.text) refers to mb_motherboard.o(.text) for MotherBoard_WorkReg
    config.o(.text) refers to sys_st.o(.text) for Stm32Flash_Unlock
    config.o(.text) refers to config.o(.bss) for DataForFLASHStr
    faults.o(.text) refers to powerandcharge.o(.text) for Power
    faults.o(.text) refers to amplifier.o(.text) for PAmp_GetStat
    faults.o(.text) refers to rs485.o(.text) for RS485_Flags
    faults.o(.text) refers to pojline.o(.text) for FireLine
    faults.o(.text) refers to linecheck.o(.text) for SpeakerLine_GetDefStatus
    faults.o(.text) refers to sb_sirenboard.o(.text) for SirenBoard
    faults.o(.text) refers to faults.o(.bss) for FaultRegStr
    faults.o(.text) refers to faults.o(.data) for faultOldReg
    jq6500.o(.text) refers to uart_st.o(.text) for Uart1_Init
    jq6500.o(.text) refers to jq6500.o(.data) for state
    jq6500.o(.text) refers to jq6500.o(.constdata) for JqCmdChipResetArray
    linecheck.o(.text) refers to adc_st.o(.text) for Adc_GetMeas
    linecheck.o(.text) refers to relay.o(.text) for SpeakerRelays
    linecheck.o(.text) refers to linecheck.o(.data) for measTemp
    linecheck.o(.text) refers to linecheck.o(.bss) for SpLineContextArray
    logging.o(.text) refers to eepm95128.o(.text) for EepM95128_WriteBuffer
    logging.o(.text) refers to time.o(.text) for TimeUTC_Get
    logging.o(.text) refers to crc16.o(.text) for Get_Crc16
    logging.o(.text) refers to logging.o(.data) for LogCountsStr
    logging.o(.text) refers to logging.o(.bss) for eventForEep
    pojline.o(.text) refers to swtimers.o(.text) for GlobSwTimer_Start
    pojline.o(.text) refers to adc_st.o(.text) for Adc_GetMeas
    pojline.o(.text) refers to pojline.o(.bss) for FireLineContextArr
    pojline.o(.text) refers to pojline.o(.data) for Channel
    powerandcharge.o(.text) refers to adc_st.o(.text) for Adc_GetMeas
    powerandcharge.o(.text) refers to gpio_st.o(.text) for Gpio_GetState
    powerandcharge.o(.text) refers to powerandcharge.o(.data) for PowerSTR
    relay.o(.text) refers to spi_st.o(.text) for Spi2_Init
    relay.o(.text) refers to relay.o(.data) for StpicReg
    rs485.o(.text) refers to crc16.o(.text) for Get_Crc16
    rs485.o(.text) refers to sb_sirenboard.o(.text) for SirenBoard_ClrData
    rs485.o(.text) refers to uart_st.o(.text) for Uart3_Init
    rs485.o(.text) refers to dma_st.o(.text) for DMA1Ch2InitForTX
    rs485.o(.text) refers to mb_motherboard.o(.text) for MotherBoard_BuildingPackForRS485
    rs485.o(.text) refers to logging.o(.text) for Log_GetEvent
[...]
    mb_motherboard.o(.text) refers to pojline.o(.text) for FireLine
    mb_motherboard.o(.text) refers to powerandcharge.o(.text) for Power
    mb_motherboard.o(.text) refers to amplifier.o(.text) for PAmp_GetStat
    mb_motherboard.o(.text) refers to time.o(.text) for TimeUTC_Get
    mb_motherboard.o(.text) refers to logging.o(.text) for Log_Counts
    mb_motherboard.o(.text) refers to sb_sirenboard.o(.text) for SirenBoard
    mb_motherboard.o(.text) refers to mb_motherboard.o(.data) for MBWorkRegStr
    sb_sirenboard.o(.text) refers to sb_sirenboard.o(.data) for SirenDataStr
    __main.o(!!!main) refers to rtentry.o(.ARM.Collect$$rtentry$$00000000) for __rt_entry
    rtentry.o(.ARM.Collect$$rtentry$$00000000) refers (Special) to rtentry2.o(.ARM.Collect$$rtentry$$0000000A) for __rt_entry_li
    rtentry.o(.ARM.Collect$$rtentry$$00000000) refers (Special) to rtentry2.o(.ARM.Collect$$rtentry$$0000000D) for __rt_entry_main
    rtentry.o(.ARM.Collect$$rtentry$$00000000) refers (Special) to rtentry2.o(.ARM.Collect$$rtentry$$0000000C) for __rt_entry_postli_1
    rtentry.o(.ARM.Collect$$rtentry$$00000000) refers (Special) to rtentry2.o(.ARM.Collect$$rtentry$$00000009) for __rt_entry_postsh_1
    rtentry.o(.ARM.Collect$$rtentry$$00000000) refers (Special) to rtentry2.o(.ARM.Collect$$rtentry$$00000002) for __rt_entry_presh_1
    rtentry.o(.ARM.Collect$$rtentry$$00000000) refers (Special) to rtentry4.o(.ARM.Collect$$rtentry$$00000004) for __rt_entry_sh
    rtentry2.o(.ARM.Collect$$rtentry$$00000008) refers to boardinit2.o(.text) for _platform_post_stackheap_init
    rtentry2.o(.ARM.Collect$$rtentry$$0000000A) refers to libinit.o(.ARM.Collect$$libinit$$00000000) for __rt_lib_init
    rtentry2.o(.ARM.Collect$$rtentry$$0000000B) refers to boardinit3.o(.text) for _platform_post_lib_init
    rtentry2.o(.ARM.Collect$$rtentry$$0000000D) refers to main.o(.text) for main
    rtentry2.o(.ARM.Collect$$rtentry$$0000000D) refers to exit.o(.text) for exit
    rtentry2.o(.ARM.exidx) refers to rtentry2.o(.ARM.Collect$$rtentry$$00000001) for .ARM.Collect$$rtentry$$00000001
    rtentry2.o(.ARM.exidx) refers to rtentry2.o(.ARM.Collect$$rtentry$$00000008) for .ARM.Collect$$rtentry$$00000008
    rtentry2.o(.ARM.exidx) refers to rtentry2.o(.ARM.Collect$$rtentry$$0000000A) for .ARM.Collect$$rtentry$$0000000A
    rtentry2.o(.ARM.exidx) refers to rtentry2.o(.ARM.Collect$$rtentry$$0000000B) for .ARM.Collect$$rtentry$$0000000B
    rtentry2.o(.ARM.exidx) refers to rtentry2.o(.ARM.Collect$$rtentry$$0000000D) for .ARM.Collect$$rtentry$$0000000D
    rtentry4.o(.ARM.Collect$$rtentry$$00000004) refers to sys_stackheap_outer.o(.text) for __user_setup_stackheap
    rtentry4.o(.ARM.exidx) refers to rtentry4.o(.ARM.Collect$$rtentry$$00000004) for .ARM.Collect$$rtentry$$00000004
    sys_stackheap_outer.o(.text) refers to libspace.o(.text) for __user_perproc_libspace
    sys_stackheap_outer.o(.text) refers to startup_stm32f10x_md.o(.text) for __user_initial_stackheap
    exit.o(.text) refers to rtexit.o(.ARM.Collect$$rtexit$$00000000) for __rt_exit
    libinit.o(.ARM.Collect$$libinit$$00000000) refers (Special) to libinit2.o(.ARM.Collect$$libinit$$0000002C) for __rt_lib_init_alloca_1
    libinit.o(.ARM.Collect$$libinit$$00000000) refers (Special) to libinit2.o(.ARM.Collect$$libinit$$0000002A) for __rt_lib_init_argv_1
    libinit.o(.ARM.Collect$$libinit$$00000000) refers (Special) to libinit2.o(.ARM.Collect$$libinit$$00000019) for __rt_lib_init_atexit_1
    libinit.o(.ARM.Collect$$libinit$$00000000) refers (Special) to libinit2.o(.ARM.Collect$$libinit$$0000001F) for __rt_lib_init_clock_1
    libinit.o(.ARM.Collect$$libinit$$00000000) refers (Special) to libinit2.o(.ARM.Collect$$libinit$$00000030) for __rt_lib_init_cpp_1
    libinit.o(.ARM.Collect$$libinit$$00000000) refers (Special) to libinit2.o(.ARM.Collect$$libinit$$0000002E) for __rt_lib_init_exceptions_1
    libinit.o(.ARM.Collect$$libinit$$00000000) refers (Special) to libinit2.o(.ARM.Collect$$libinit$$00000002) for __rt_lib_init_fp_1
    libinit.o(.ARM.Collect$$libinit$$00000000) refers (Special) to libinit2.o(.ARM.Collect$$libinit$$0000001D) for __rt_lib_init_fp_trap_1
    libinit.o(.ARM.Collect$$libinit$$00000000) refers (Special) to libinit2.o(.ARM.Collect$$libinit$$00000021) for __rt_lib_init_getenv_1
    libinit.o(.ARM.Collect$$libinit$$00000000) refers (Special) to libinit2.o(.ARM.Collect$$libinit$$00000008) for __rt_lib_init_heap_1
    libinit.o(.ARM.Collect$$libinit$$00000000) refers (Special) to libinit2.o(.ARM.Collect$$libinit$$0000000F) for __rt_lib_init_lc_collate_1
    libinit.o(.ARM.Collect$$libinit$$00000000) refers (Special) to libinit2.o(.ARM.Collect$$libinit$$00000011) for __rt_lib_init_lc_ctype_1
    libinit.o(.ARM.Collect$$libinit$$00000000) refers (Special) to libinit2.o(.ARM.Collect$$libinit$$00000013) for __rt_lib_init_lc_monetary_1
    libinit.o(.ARM.Collect$$libinit$$00000000) refers (Special) to libinit2.o(.ARM.Collect$$libinit$$00000015) for __rt_lib_init_lc_numeric_1
    libinit.o(.ARM.Collect$$libinit$$00000000) refers (Special) to libinit2.o(.ARM.Collect$$libinit$$00000017) for __rt_lib_init_lc_time_1
    libinit.o(.ARM.Collect$$libinit$$00000000) refers (Special) to libinit2.o(.ARM.Collect$$libinit$$0000000C) for __rt_lib_init_rand_1
    libinit.o(.ARM.Collect$$libinit$$00000000) refers (Special) to libinit2.o(.ARM.Collect$$libinit$$00000031) for __rt_lib_init_return
    libinit.o(.ARM.Collect$$libinit$$00000000) refers (Special) to libinit2.o(.ARM.Collect$$libinit$$0000001B) for __rt_lib_init_signal_1
    libinit.o(.ARM.Collect$$libinit$$00000000) refers (Special) to libinit2.o(.ARM.Collect$$libinit$$00000023) for __rt_lib_init_stdio_1
    libinit.o(.ARM.Collect$$libinit$$00000000) refers (Special) to libinit2.o(.ARM.Collect$$libinit$$0000000A) for __rt_lib_init_user_alloc_1
    libspace.o(.text) refers to libspace.o(.bss) for __libspace_start
    rtexit.o(.ARM.Collect$$rtexit$$00000000) refers (Special) to rtexit2.o(.ARM.Collect$$rtexit$$00000004) for __rt_exit_exit
    rtexit.o(.ARM.Collect$$rtexit$$00000000) refers (Special) to rtexit2.o(.ARM.Collect$$rtexit$$00000003) for __rt_exit_ls
    rtexit.o(.ARM.Collect$$rtexit$$00000000) refers (Special) to rtexit2.o(.ARM.Collect$$rtexit$$00000002) for __rt_exit_prels_1
    rtexit.o(.ARM.exidx) refers (Special) to rtexit2.o(.ARM.Collect$$rtexit$$00000004) for __rt_exit_exit
    rtexit.o(.ARM.exidx) refers (Special) to rtexit2.o(.ARM.Collect$$rtexit$$00000003) for __rt_exit_ls
    rtexit.o(.ARM.exidx) refers (Special) to rtexit2.o(.ARM.Collect$$rtexit$$00000002) for __rt_exit_prels_1
    rtexit.o(.ARM.exidx) refers to rtexit.o(.ARM.Collect$$rtexit$$00000000) for .ARM.Collect$$rtexit$$00000000
    libinit2.o(.ARM.Collect$$libinit$$0000000E) refers to libinit2.o(.ARM.Collect$$libinit$$0000000D) for .ARM.Collect$$libinit$$0000000D
    libinit2.o(.ARM.Collect$$libinit$$00000010) refers to libinit2.o(.ARM.Collect$$libinit$$0000000D) for .ARM.Collect$$libinit$$0000000D
    libinit2.o(.ARM.Collect$$libinit$$00000012) refers to libinit2.o(.ARM.Collect$$libinit$$0000000D) for .ARM.Collect$$libinit$$0000000D
    libinit2.o(.ARM.Collect$$libinit$$00000014) refers to libinit2.o(.ARM.Collect$$libinit$$0000000D) for .ARM.Collect$$libinit$$0000000D
    libinit2.o(.ARM.Collect$$libinit$$00000016) refers to libinit2.o(.ARM.Collect$$libinit$$0000000D) for .ARM.Collect$$libinit$$0000000D
    libinit2.o(.ARM.Collect$$libinit$$00000024) refers to argv_veneer.o(.emb_text) for __ARM_argv_veneer
    libinit2.o(.ARM.Collect$$libinit$$00000025) refers to argv_veneer.o(.emb_text) for __ARM_argv_veneer
    rtexit2.o(.ARM.Collect$$rtexit$$00000003) refers to libshutdown.o(.ARM.Collect$$libshutdown$$00000000) for __rt_lib_shutdown
    rtexit2.o(.ARM.Collect$$rtexit$$00000004) refers to sys_exit.o(.text) for _sys_exit
    rtexit2.o(.ARM.exidx) refers to rtexit2.o(.ARM.Collect$$rtexit$$00000001) for .ARM.Collect$$rtexit$$00000001
    rtexit2.o(.ARM.exidx) refers to rtexit2.o(.ARM.Collect$$rtexit$$00000003) for .ARM.Collect$$rtexit$$00000003
    rtexit2.o(.ARM.exidx) refers to rtexit2.o(.ARM.Collect$$rtexit$$00000004) for .ARM.Collect$$rtexit$$00000004
    argv_veneer.o(.emb_text) refers to no_argv.o(.text) for __ARM_get_argv
    sys_exit.o(.text) refers (Special) to use_no_semi.o(.text) for __I$use$semihosting
    sys_exit.o(.text) refers (Special) to indicate_semi.o(.text) for __semihosting_library_function
    _get_argv_nomalloc.o(.text) refers (Special) to hrguard.o(.text) for __heap_region$guard
    _get_argv_nomalloc.o(.text) refers to defsig_rtmem_outer.o(.text) for __rt_SIGRTMEM
    _get_argv_nomalloc.o(.text) refers to sys_command.o(.text) for _sys_command_string
    libshutdown.o(.ARM.Collect$$libshutdown$$00000000) refers (Special) to libshutdown2.o(.ARM.Collect$$libshutdown$$00000006) for __rt_lib_shutdown_fp_trap_1
    libshutdown.o(.ARM.Collect$$libshutdown$$00000000) refers (Special) to libshutdown2.o(.ARM.Collect$$libshutdown$$0000000E) for __rt_lib_shutdown_heap_1
    libshutdown.o(.ARM.Collect$$libshutdown$$00000000) refers (Special) to libshutdown2.o(.ARM.Collect$$libshutdown$$0000000F) for __rt_lib_shutdown_return
    libshutdown.o(.ARM.Collect$$libshutdown$$00000000) refers (Special) to libshutdown2.o(.ARM.Collect$$libshutdown$$00000009) for __rt_lib_shutdown_signal_1
    libshutdown.o(.ARM.Collect$$libshutdown$$00000000) refers (Special) to libshutdown2.o(.ARM.Collect$$libshutdown$$00000003) for __rt_lib_shutdown_stdio_1
    libshutdown.o(.ARM.Collect$$libshutdown$$00000000) refers (Special) to libshutdown2.o(.ARM.Collect$$libshutdown$$0000000B) for __rt_lib_shutdown_user_alloc_1
    sys_command.o(.text) refers (Special) to use_no_semi.o(.text) for __I$use$semihosting
    sys_command.o(.text) refers (Special) to indicate_semi.o(.text) for __semihosting_library_function
    defsig_rtmem_outer.o(.text) refers to defsig_rtmem_inner.o(.text) for __rt_SIGRTMEM_inner
    defsig_rtmem_outer.o(.text) refers to defsig_exit.o(.text) for __sig_exit
    defsig_rtmem_formal.o(.text) refers to rt_raise.o(.text) for __rt_raise
    rt_raise.o(.text) refers to __raise.o(.text) for __raise
    rt_raise.o(.text) refers to sys_exit.o(.text) for _sys_exit
    defsig_exit.o(.text) refers to sys_exit.o(.text) for _sys_exit
    defsig_rtmem_inner.o(.text) refers to defsig_general.o(.text) for __default_signal_display
    __raise.o(.text) refers to defsig.o(CL$$defsig) for __default_signal_handler
    defsig_general.o(.text) refers to sys_wrch.o(.text) for _ttywrch
    sys_wrch.o(.text) refers (Special) to use_no_semi.o(.text) for __I$use$semihosting
    sys_wrch.o(.text) refers (Special) to indicate_semi.o(.text) for __semihosting_library_function
    defsig.o(CL$$defsig) refers to defsig_rtmem_inner.o(.text) for __rt_SIGRTMEM_inner
    defsig_abrt_inner.o(.text) refers to defsig_general.o(.text) for __default_signal_display
    defsig_fpe_inner.o(.text) refers to defsig_general.o(.text) for __default_signal_display
    defsig_rtred_inner.o(.text) refers to defsig_general.o(.text) for __default_signal_display
    defsig_stak_inner.o(.text) refers to defsig_general.o(.text) for __default_signal_display
    defsig_pvfn_inner.o(.text) refers to defsig_general.o(.text) for __default_signal_display
    defsig_cppl_inner.o(.text) refers to defsig_general.o(.text) for __default_signal_display
    defsig_segv_inner.o(.text) refers to defsig_general.o(.text) for __default_signal_display
    defsig_other.o(.text) refers to defsig_general.o(.text) for __default_signal_display


==============================================================================

Removing Unused input sections from the image.

    Removing system_stm32f10x.o(.text), (476 bytes).
    Removing system_stm32f10x.o(.data), (20 bytes).
    Removing lcd_3_wire.o(.text), (944 bytes).
    Removing main.o(.bss), (252 bytes).

4 unused section(s) (total 1692 bytes) removed from the image.

==============================================================================

Image Symbol Table

    Local Symbols

    Symbol Name                              Value     Ov Type        Size  Object(Section)

    ../clib/angel/boardlib.s                 0x00000000   Number         0  boardinit1.o ABSOLUTE
    ../clib/angel/boardlib.s                 0x00000000   Number         0  boardinit2.o ABSOLUTE
    ../clib/angel/boardlib.s                 0x00000000   Number         0  boardinit3.o ABSOLUTE
    ../clib/angel/boardlib.s                 0x00000000   Number         0  boardshut.o ABSOLUTE
    ../clib/angel/dczerorl.s                 0x00000000   Number         0  __dczerorl.o ABSOLUTE
    ../clib/angel/handlers.s                 0x00000000   Number         0  __scatter_zi.o ABSOLUTE
    ../clib/angel/kernel.s                   0x00000000   Number         0  rtentry4.o ABSOLUTE
    ../clib/angel/kernel.s                   0x00000000   Number         0  rtentry.o ABSOLUTE
    ../clib/angel/kernel.s                   0x00000000   Number         0  rtexit.o ABSOLUTE
    ../clib/angel/kernel.s                   0x00000000   Number         0  rtentry2.o ABSOLUTE
    ../clib/angel/kernel.s                   0x00000000   Number         0  rtexit2.o ABSOLUTE
    ../clib/angel/rt.s                       0x00000000   Number         0  rt_raise.o ABSOLUTE
    ../clib/angel/scatter.s                  0x00000000   Number         0  __scatter.o ABSOLUTE
    ../clib/angel/startup.s                  0x00000000   Number         0  __main.o ABSOLUTE
    ../clib/angel/sys.s                      0x00000000   Number         0  sys_stackheap_outer.o ABSOLUTE
    ../clib/angel/sys.s                      0x00000000   Number         0  libspace.o ABSOLUTE
    ../clib/angel/sys.s                      0x00000000   Number         0  use_no_semi.o ABSOLUTE
    ../clib/angel/sys.s                      0x00000000   Number         0  indicate_semi.o ABSOLUTE
    ../clib/angel/sysapp.c                   0x00000000   Number         0  sys_exit.o ABSOLUTE
    ../clib/angel/sysapp.c                   0x00000000   Number         0  sys_wrch.o ABSOLUTE
    ../clib/angel/sysapp.c                   0x00000000   Number         0  sys_command.o ABSOLUTE
    ../clib/armsys.c                         0x00000000   Number         0  _get_argv_nomalloc.o ABSOLUTE
    ../clib/armsys.c                         0x00000000   Number         0  argv_veneer.o ABSOLUTE
    ../clib/armsys.c                         0x00000000   Number         0  argv_veneer.o ABSOLUTE
    ../clib/armsys.c                         0x00000000   Number         0  no_argv.o ABSOLUTE
    ../clib/heapalloc.c                      0x00000000   Number         0  hrguard.o ABSOLUTE
    ../clib/heapaux.c                        0x00000000   Number         0  heapauxi.o ABSOLUTE
    ../clib/libinit.s                        0x00000000   Number         0  libshutdown2.o ABSOLUTE
    ../clib/libinit.s                        0x00000000   Number         0  libinit.o ABSOLUTE
    ../clib/libinit.s                        0x00000000   Number         0  libinit2.o ABSOLUTE
    ../clib/libinit.s                        0x00000000   Number         0  libshutdown.o ABSOLUTE
    ../clib/signal.c                         0x00000000   Number         0  defsig_other.o ABSOLUTE
    ../clib/signal.c                         0x00000000   Number         0  defsig_segv_inner.o ABSOLUTE
    ../clib/signal.c                         0x00000000   Number         0  defsig_pvfn_inner.o ABSOLUTE
    ../clib/signal.c                         0x00000000   Number         0  defsig_stak_inner.o ABSOLUTE
    ../clib/signal.c                         0x00000000   Number         0  defsig_rtred_inner.o ABSOLUTE
    ../clib/signal.c                         0x00000000   Number         0  defsig_fpe_inner.o ABSOLUTE
    ../clib/signal.c                         0x00000000   Number         0  defsig_abrt_inner.o ABSOLUTE
    ../clib/signal.c                         0x00000000   Number         0  defsig_general.o ABSOLUTE
    ../clib/signal.c                         0x00000000   Number         0  __raise.o ABSOLUTE
    ../clib/signal.c                         0x00000000   Number         0  defsig_rtmem_inner.o ABSOLUTE
    ../clib/signal.c                         0x00000000   Number         0  defsig_exit.o ABSOLUTE
    ../clib/signal.c                         0x00000000   Number         0  defsig_cppl_inner.o ABSOLUTE
    ../clib/signal.c                         0x00000000   Number         0  defsig_rtmem_formal.o ABSOLUTE
    ../clib/signal.c                         0x00000000   Number         0  defsig_rtmem_outer.o ABSOLUTE
    ../clib/signal.s                         0x00000000   Number         0  defsig.o ABSOLUTE
    ../clib/stdlib.c                         0x00000000   Number         0  exit.o ABSOLUTE
    ../clib/string.c                         0x00000000   Number         0  strcpy.o ABSOLUTE
    ../fplib/fpinit.s                        0x00000000   Number         0  fpinit.o ABSOLUTE
    CMSIS_STM32F1xx\CM3\DeviceSupport\ST\STM32F10x\system_stm32f10x.c 0x00000000   Number         0  system_stm32f10x.o ABSOLUTE
    My\Application\Amplifier.c               0x00000000   Number         0  amplifier.o ABSOLUTE
    My\Application\AnalogSwitch.c            0x00000000   Number         0  analogswitch.o ABSOLUTE
    My\Application\Blink.c                   0x00000000   Number         0  blink.o ABSOLUTE
    My\Application\Buttons.c                 0x00000000   Number         0  buttons.o ABSOLUTE
    My\Application\Config.c                  0x00000000   Number         0  config.o ABSOLUTE
    My\Application\EepM95128.c               0x00000000   Number         0  eepm95128.o ABSOLUTE
    My\Application\Faults.c                  0x00000000   Number         0  faults.o ABSOLUTE
    My\Application\Jq6500.c                  0x00000000   Number         0  jq6500.o ABSOLUTE
    My\Application\LineCheck.c               0x00000000   Number         0  linecheck.o ABSOLUTE
    My\Application\Logging.c                 0x00000000   Number         0  logging.o ABSOLUTE
    My\Application\PojLine.c                 0x00000000   Number         0  pojline.o ABSOLUTE
    My\Application\PowerAndCharge.c          0x00000000   Number         0  powerandcharge.o ABSOLUTE
    My\Application\Relay.c                   0x00000000   Number         0  relay.o ABSOLUTE
    My\Application\Rs485.c                   0x00000000   Number         0  rs485.o ABSOLUTE
    My\Application\Time.c                    0x00000000   Number         0  time.o ABSOLUTE
    My\Application\Zummer.c                  0x00000000   Number         0  zummer.o ABSOLUTE
    My\Boards\FP_FacePanel\FP_FacePanel.c    0x00000000   Number         0  fp_facepanel.o ABSOLUTE
    My\Boards\MB_MotherBoard\MB_MotherBoard.c 0x00000000   Number         0  mb_motherboard.o ABSOLUTE
    My\Boards\SB_SirenBoard\SB_SirenBoard.c  0x00000000   Number         0  sb_sirenboard.o ABSOLUTE
    My\Drivers\adc_ST.c                      0x00000000   Number         0  adc_st.o ABSOLUTE
    My\Drivers\crc16.c                       0x00000000   Number         0  crc16.o ABSOLUTE
    My\Drivers\dma_ST.c                      0x00000000   Number         0  dma_st.o ABSOLUTE
    My\Drivers\gpio_ST.c                     0x00000000   Number         0  gpio_st.o ABSOLUTE
    My\Drivers\lcd_3_Wire.c                  0x00000000   Number         0  lcd_3_wire.o ABSOLUTE
    My\Drivers\rtc_ST.c                      0x00000000   Number         0  rtc_st.o ABSOLUTE
    My\Drivers\spi_ST.c                      0x00000000   Number         0  spi_st.o ABSOLUTE
    My\Drivers\sys_ST.c                      0x00000000   Number         0  sys_st.o ABSOLUTE
    My\Drivers\sys_tick_ST.c                 0x00000000   Number         0  sys_tick_st.o ABSOLUTE
    My\Drivers\timers_ST.c                   0x00000000   Number         0  timers_st.o ABSOLUTE
    My\Drivers\uart_ST.c                     0x00000000   Number         0  uart_st.o ABSOLUTE
    My\FSM\FsmMessage.c                      0x00000000   Number         0  fsmmessage.o ABSOLUTE
    My\FSM\SwTimers.c                        0x00000000   Number         0  swtimers.o ABSOLUTE
    My\Main\main.c                           0x00000000   Number         0  main.o ABSOLUTE
    My\Sheduler\Scheduler.c                  0x00000000   Number         0  scheduler.o ABSOLUTE
    My\StartUp\startup_stm32f10x_md.s        0x00000000   Number         0  startup_stm32f10x_md.o ABSOLUTE
    dc.s                                     0x00000000   Number         0  dc.o ABSOLUTE
    RESET                                    0x08000000   Section      236  startup_stm32f10x_md.o(RESET)
    !!!main                                  0x080000ec   Section        8  __main.o(!!!main)
    !!!scatter                               0x080000f4   Section       52  __scatter.o(!!!scatter)
    !!dczerorl                               0x08000128   Section       58  __dczerorl.o(!!dczerorl)
    !!handler_zi                             0x08000164   Section       28  __scatter_zi.o(!!handler_zi)
    .ARM.Collect$$libinit$$00000000          0x08000180   Section        2  libinit.o(.ARM.Collect$$libinit$$00000000)
    .ARM.Collect$$libinit$$00000002          0x08000182   Section        0  libinit2.o(.ARM.Collect$$libinit$$00000002)
    .ARM.Collect$$libinit$$00000008          0x08000182   Section        0  libinit2.o(.ARM.Collect$$libinit$$00000008)
    .ARM.Collect$$libinit$$0000000A          0x08000182   Section        0  libinit2.o(.ARM.Collect$$libinit$$0000000A)
    .ARM.Collect$$libinit$$0000000C          0x08000182   Section        0  libinit2.o(.ARM.Collect$$libinit$$0000000C)
    .ARM.Collect$$libinit$$0000000F          0x08000182   Section        0  libinit2.o(.ARM.Collect$$libinit$$0000000F)
    .ARM.Collect$$libinit$$00000011          0x08000182   Section        0  libinit2.o(.ARM.Collect$$libinit$$00000011)
    .ARM.Collect$$libinit$$00000013          0x08000182   Section        0  libinit2.o(.ARM.Collect$$libinit$$00000013)
    .ARM.Collect$$libinit$$00000015          0x08000182   Section        0  libinit2.o(.ARM.Collect$$libinit$$00000015)
    .ARM.Collect$$libinit$$00000017          0x08000182   Section        0  libinit2.o(.ARM.Collect$$libinit$$00000017)
    .ARM.Collect$$libinit$$00000019          0x08000182   Section        0  libinit2.o(.ARM.Collect$$libinit$$00000019)
    .ARM.Collect$$libinit$$0000001B          0x08000182   Section        0  libinit2.o(.ARM.Collect$$libinit$$0000001B)
    .ARM.Collect$$libinit$$0000001D          0x08000182   Section        0  libinit2.o(.ARM.Collect$$libinit$$0000001D)
    .ARM.Collect$$libinit$$0000001F          0x08000182   Section        0  libinit2.o(.ARM.Collect$$libinit$$0000001F)
    .ARM.Collect$$libinit$$00000021          0x08000182   Section        0  libinit2.o(.ARM.Collect$$libinit$$00000021)
    .ARM.Collect$$libinit$$00000023          0x08000182   Section        0  libinit2.o(.ARM.Collect$$libinit$$00000023)
    .ARM.Collect$$libinit$$0000002A          0x08000182   Section        0  libinit2.o(.ARM.Collect$$libinit$$0000002A)
    .ARM.Collect$$libinit$$0000002C          0x08000182   Section        0  libinit2.o(.ARM.Collect$$libinit$$0000002C)
    .ARM.Collect$$libinit$$0000002E          0x08000182   Section        0  libinit2.o(.ARM.Collect$$libinit$$0000002E)
    .ARM.Collect$$libinit$$00000030          0x08000182   Section        0  libinit2.o(.ARM.Collect$$libinit$$00000030)
    .ARM.Collect$$libinit$$00000031          0x08000182   Section        2  libinit2.o(.ARM.Collect$$libinit$$00000031)
    .ARM.Collect$$libshutdown$$00000000      0x08000184   Section        2  libshutdown.o(.ARM.Collect$$libshutdown$$00000000)
    .ARM.Collect$$libshutdown$$00000003      0x08000186   Section        0  libshutdown2.o(.ARM.Collect$$libshutdown$$00000003)
    .ARM.Collect$$libshutdown$$00000006      0x08000186   Section        0  libshutdown2.o(.ARM.Collect$$libshutdown$$00000006)
    .ARM.Collect$$libshutdown$$00000009      0x08000186   Section        0  libshutdown2.o(.ARM.Collect$$libshutdown$$00000009)
    .ARM.Collect$$libshutdown$$0000000B      0x08000186   Section        0  libshutdown2.o(.ARM.Collect$$libshutdown$$0000000B)
    .ARM.Collect$$libshutdown$$0000000E      0x08000186   Section        0  libshutdown2.o(.ARM.Collect$$libshutdown$$0000000E)
    .ARM.Collect$$libshutdown$$0000000F      0x08000186   Section        2  libshutdown2.o(.ARM.Collect$$libshutdown$$0000000F)
    .ARM.Collect$$rtentry$$00000000          0x08000188   Section        0  rtentry.o(.ARM.Collect$$rtentry$$00000000)
    .ARM.Collect$$rtentry$$00000002          0x08000188   Section        0  rtentry2.o(.ARM.Collect$$rtentry$$00000002)
    .ARM.Collect$$rtentry$$00000004          0x08000188   Section        6  rtentry4.o(.ARM.Collect$$rtentry$$00000004)
    .ARM.Collect$$rtentry$$00000009          0x0800018e   Section        0  rtentry2.o(.ARM.Collect$$rtentry$$00000009)
    .ARM.Collect$$rtentry$$0000000A          0x0800018e   Section        4  rtentry2.o(.ARM.Collect$$rtentry$$0000000A)
    .ARM.Collect$$rtentry$$0000000C          0x08000192   Section        0  rtentry2.o(.ARM.Collect$$rtentry$$0000000C)
    .ARM.Collect$$rtentry$$0000000D          0x08000192   Section        8  rtentry2.o(.ARM.Collect$$rtentry$$0000000D)
    .ARM.Collect$$rtexit$$00000000           0x0800019a   Section        2  rtexit.o(.ARM.Collect$$rtexit$$00000000)
    .ARM.Collect$$rtexit$$00000002           0x0800019c   Section        0  rtexit2.o(.ARM.Collect$$rtexit$$00000002)
    .ARM.Collect$$rtexit$$00000003           0x0800019c   Section        4  rtexit2.o(.ARM.Collect$$rtexit$$00000003)
    .ARM.Collect$$rtexit$$00000004           0x080001a0   Section        6  rtexit2.o(.ARM.Collect$$rtexit$$00000004)
    .text                                    0x080001a8   Section       56  startup_stm32f10x_md.o(.text)
    .text                                    0x080001e0   Section        0  scheduler.o(.text)
    .text                                    0x0800036c   Section        0  adc_st.o(.text)
    .text                                    0x08000450   Section        0  crc16.o(.text)
    .text                                    0x0800048c   Section        0  dma_st.o(.text)
    NVIC_EnableIRQ                           0x080005b3   Thumb Code    24  dma_st.o(.text)
    .text                                    0x080005dc   Section        0  gpio_st.o(.text)
    .text                                    0x080007e8   Section        0  rtc_st.o(.text)
    .text                                    0x08000944   Section        0  sys_st.o(.text)
    Init_RCC                                 0x08000945   Thumb Code   192  sys_st.o(.text)
    .text                                    0x08000b60   Section        0  sys_tick_st.o(.text)
    .text                                    0x08000b74   Section        0  timers_st.o(.text)
    .text                                    0x08000c0c   Section        0  uart_st.o(.text)
    NVIC_SetPriority                         0x08000c0d   Thumb Code    32  uart_st.o(.text)
    Usart1_ClrErrFlag                        0x08000ccf   Thumb Code    14  uart_st.o(.text)
    Usart3_ClrErrFlag                        0x08000ddf   Thumb Code    14  uart_st.o(.text)
    NVIC_EnableIRQ                           0x08000e61   Thumb Code    24  uart_st.o(.text)
    .text                                    0x08000e9c   Section        0  spi_st.o(.text)
    .text                                    0x08000ff4   Section        0  amplifier.o(.text)
    .text                                    0x0800106c   Section        0  blink.o(.text)
    .text                                    0x08001130   Section        0  buttons.o(.text)
    .text                                    0x080012d8   Section        0  config.o(.text)
    .text                                    0x08001418   Section        0  faults.o(.text)
    .text                                    0x0800153c   Section        0  jq6500.o(.text)
    JQ6500_TxCmd                             0x0800153d   Thumb Code   172  jq6500.o(.text)
    JQ6500_Reset                             0x080015e9   Thumb Code    44  jq6500.o(.text)
    .text                                    0x080016a4   Section        0  linecheck.o(.text)
    SpeakerLine_GetAvrMeas                   0x080016a5   Thumb Code    62  linecheck.o(.text)
    SpeakerLine_OptoReley                    0x080016e3   Thumb Code   108  linecheck.o(.text)
    SpeakerLine_Led                          0x0800174f   Thumb Code   190  linecheck.o(.text)
    SpeakerLine_CalcLcStatus                 0x0800181d   Thumb Code   132  linecheck.o(.text)
    SpeakerLine_FSM                          0x08001a5f   Thumb Code   102  linecheck.o(.text)
    .text                                    0x08001ae8   Section        0  logging.o(.text)
    WriteOneEventToEep                       0x08001ae9   Thumb Code    68  logging.o(.text)
    ReadOneEventFromEep                      0x08001b2d   Thumb Code    34  logging.o(.text)
    ReadWorkRegFromEep                       0x08001b4f   Thumb Code    14  logging.o(.text)
    WriteWorkRegToEep                        0x08001b5d   Thumb Code    14  logging.o(.text)
    .text                                    0x08001c4c   Section        0  pojline.o(.text)
    FireLine_Cal_u0421_u0403Status           0x08001c4d   Thumb Code    54  pojline.o(.text)
    FireLine_LogicFSM                        0x08001c83   Thumb Code   186  pojline.o(.text)
    FireLine_FaultFSM                        0x08001d3d   Thumb Code   258  pojline.o(.text)
    .text                                    0x08001fb0   Section        0  powerandcharge.o(.text)
    Bat_StateCalc                            0x08001fb1   Thumb Code    94  powerandcharge.o(.text)
    .text                                    0x08002150   Section        0  relay.o(.text)
    Pause                                    0x08002151   Thumb Code    16  relay.o(.text)
    .text                                    0x080022ac   Section        0  rs485.o(.text)
    RS485_RxBufClrHead                       0x080022ad   Thumb Code    14  rs485.o(.text)
    RS485_RxPacket                           0x080022bb   Thumb Code   348  rs485.o(.text)
    RS485_TxBuf                              0x08002417   Thumb Code     4  rs485.o(.text)
    RS485_PackCrcCalc                        0x0800241b   Thumb Code    34  rs485.o(.text)
    RS485_TxBufComplete                      0x0800243d   Thumb Code    22  rs485.o(.text)
    RS485_TimeOutInc                         0x0800245b   Thumb Code   154  rs485.o(.text)
    .text                                    0x08002710   Section        0  time.o(.text)
    .text                                    0x08002780   Section        0  analogswitch.o(.text)
    .text                                    0x080028a4   Section        0  zummer.o(.text)
    .text                                    0x080029ec   Section        0  eepm95128.o(.text)
    EepM95128_SendInstruction                0x080029ed   Thumb Code    24  eepm95128.o(.text)
    EepM95128_WriteEnable                    0x08002a05   Thumb Code    26  eepm95128.o(.text)
    EepM95128_WriteDisable                   0x08002a1f   Thumb Code    26  eepm95128.o(.text)
    EepM95128_WaitStandbyState               0x08002a39   Thumb Code    74  eepm95128.o(.text)
    .text                                    0x08002d18   Section        0  fsmmessage.o(.text)
    .text                                    0x08002dd8   Section        0  swtimers.o(.text)
    .text                                    0x08002e94   Section        0  main.o(.text)
    .text                                    0x08003784   Section        0  fp_facepanel.o(.text)
    .text                                    0x080037c8   Section        0  mb_motherboard.o(.text)
    .text                                    0x080038fc   Section        0  sb_sirenboard.o(.text)
    .text                                    0x080039c8   Section        0  strcpy.o(.text)
    .text                                    0x08003a10   Section        0  heapauxi.o(.text)
    .text                                    0x08003a16   Section       74  sys_stackheap_outer.o(.text)
    .text                                    0x08003a60   Section        0  exit.o(.text)
    .text                                    0x08003a6c   Section        8  libspace.o(.text)
    .text                                    0x08003a74   Section        0  sys_exit.o(.text)
    .text                                    0x08003a80   Section        2  use_no_semi.o(.text)
    .constdata                               0x08003a82   Section       41  jq6500.o(.constdata)
    .text                                    0x08003a82   Section        0  indicate_semi.o(.text)
    .data                                    0x20000000   Section        4  scheduler.o(.data)
    RtosTickCount                            0x20000000   Data           4  scheduler.o(.data)
    .data                                    0x20000004   Section      512  crc16.o(.data)
    .data                                    0x20000204   Section       26  gpio_st.o(.data)
    mScount                                  0x2000020a   Data           1  gpio_st.o(.data)
    cycle                                    0x2000020b   Data           1  gpio_st.o(.data)
    GpioAIDRtemp                             0x2000020c   Data           6  gpio_st.o(.data)
    GpioBIDRtemp                             0x20000212   Data           6  gpio_st.o(.data)
    GpioCIDRtemp                             0x20000218   Data           6  gpio_st.o(.data)
    .data                                    0x20000220   Section        8  uart_st.o(.data)
    U1WorkReg                                0x20000220   Data           8  uart_st.o(.data)
    .data                                    0x20000228   Section        1  spi_st.o(.data)
    Spi2StatusReg                            0x20000228   Data           1  spi_st.o(.data)
    .data                                    0x20000229   Section        1  amplifier.o(.data)
    AmpStatReg                               0x20000229   Data           1  amplifier.o(.data)
    .data                                    0x2000022a   Section        4  blink.o(.data)
    BlinkReg                                 0x2000022a   Data           2  blink.o(.data)
    blinkCount                               0x2000022c   Data           2  blink.o(.data)
    .data                                    0x20000230   Section       14  buttons.o(.data)
    butOldState                              0x20000230   Data           4  buttons.o(.data)
    longPressCount                           0x20000234   Data           2  buttons.o(.data)
    butOldState                              0x20000236   Data           2  buttons.o(.data)
    butOldState                              0x20000238   Data           2  buttons.o(.data)
    FPButtonsStr                             0x2000023a   Data           4  buttons.o(.data)
    .data                                    0x20000240   Section        4  faults.o(.data)
    faultOldReg                              0x20000240   Data           4  faults.o(.data)
    .data                                    0x20000244   Section       13  jq6500.o(.data)
    JqRespReg                                0x2000024e   Data           1  jq6500.o(.data)
    VoiceMessageCmdReg                       0x2000024f   Data           1  jq6500.o(.data)
    state                                    0x20000250   Data           1  jq6500.o(.data)
    .data                                    0x20000252   Section       21  linecheck.o(.data)
    measTemp                                 0x20000252   Data           2  linecheck.o(.data)
    measCount                                0x20000254   Data           2  linecheck.o(.data)
    mSCount                                  0x20000256   Data           2  linecheck.o(.data)
    spLineNum                                0x20000258   Data           1  linecheck.o(.data)
    spLineNum                                0x20000259   Data           1  linecheck.o(.data)
    mScount                                  0x2000025a   Data           2  linecheck.o(.data)
    tempState                                0x2000025c   Data           4  linecheck.o(.data)
    speakerLine                              0x20000260   Data           1  linecheck.o(.data)
    SpLineAvrMeas                            0x20000262   Data           2  linecheck.o(.data)
    SpLineConfigParamStr                     0x20000264   Data           3  linecheck.o(.data)
    .data                                    0x20000267   Section        4  logging.o(.data)
    LogCountsStr                             0x20000267   Data           4  logging.o(.data)
    .data                                    0x2000026c   Section        7  pojline.o(.data)
    MeasTemp                                 0x2000026c   Data           4  pojline.o(.data)
    MeasCount                                0x20000270   Data           1  pojline.o(.data)
    Channel                                  0x20000271   Data           1  pojline.o(.data)
    fireLine                                 0x20000272   Data           1  pojline.o(.data)
    .data                                    0x20000274   Section       16  powerandcharge.o(.data)
    acCheckCount                             0x20000274   Data           2  powerandcharge.o(.data)
    BatMeasTemp                              0x20000278   Data           4  powerandcharge.o(.data)
    BatMeasCount                             0x2000027c   Data           2  powerandcharge.o(.data)
    PowerSTR                                 0x2000027e   Data           6  powerandcharge.o(.data)
    .data                                    0x20000284   Section        2  relay.o(.data)
    StpicReg                                 0x20000284   Data           2  relay.o(.data)
    .data                                    0x20000288   Section       14  rs485.o(.data)
    rxCountByte                              0x20000288   Data           4  rs485.o(.data)
    step                                     0x2000028c   Data           4  rs485.o(.data)
    mScount                                  0x20000290   Data           4  rs485.o(.data)
    RS485FlagsStr                            0x20000294   Data           2  rs485.o(.data)
    .data                                    0x20000296   Section        6  time.o(.data)
    RtcTimeSTR                               0x20000296   Data           6  time.o(.data)
    .data                                    0x2000029c   Section       16  zummer.o(.data)
    ZemmerReg                                0x2000029c   Data           1  zummer.o(.data)
    IntervalBeep                             0x2000029e   Data           2  zummer.o(.data)
    NumberBeep                               0x200002a0   Data           1  zummer.o(.data)
    faultOld                                 0x200002a4   Data           4  zummer.o(.data)
    mScount                                  0x200002a8   Data           2  zummer.o(.data)
    State                                    0x200002aa   Data           2  zummer.o(.data)
    .data                                    0x200002ac   Section        8  swtimers.o(.data)
    GSwTimersState                           0x200002ac   Data           8  swtimers.o(.data)
    .data                                    0x200002b4   Section        2  main.o(.data)
    mScountForZumTEST                        0x200002b4   Data           2  main.o(.data)
    .data                                    0x200002b6   Section        3  mb_motherboard.o(.data)
    MBWorkRegStr                             0x200002b6   Data           3  mb_motherboard.o(.data)
    .data                                    0x200002b9   Section        5  sb_sirenboard.o(.data)
    SirenDataStr                             0x200002b9   Data           5  sb_sirenboard.o(.data)
    .bss                                     0x200002c0   Section      252  scheduler.o(.bss)
    TaskQueue                                0x200002c0   Data          84  scheduler.o(.bss)
    TaskWithTime                             0x20000314   Data         168  scheduler.o(.bss)
    .bss                                     0x200003bc   Section       12  uart_st.o(.bss)
    U3Handlers                               0x200003bc   Data          12  uart_st.o(.bss)
    .bss                                     0x200003c8   Section       20  buttons.o(.bss)
    ButtonStatesStr                          0x200003c8   Data          20  buttons.o(.bss)
    .bss                                     0x200003dc   Section     1024  config.o(.bss)
    DataForFLASHStr                          0x200003dc   Data        1024  config.o(.bss)
    .bss                                     0x200007dc   Section       12  faults.o(.bss)
    FaultRegStr                              0x200007dc   Data          12  faults.o(.bss)
    .bss                                     0x200007e8   Section       44  linecheck.o(.bss)
    SpLineContextArray                       0x200007e8   Data          44  linecheck.o(.bss)
    .bss                                     0x20000814   Section       20  logging.o(.bss)
    eventForEep                              0x20000814   Data          10  logging.o(.bss)
    eventFromEep                             0x2000081e   Data          10  logging.o(.bss)
    .bss                                     0x20000828   Section       56  pojline.o(.bss)
    FireLineContextArr                       0x20000828   Data          56  pojline.o(.bss)
    .bss                                     0x20000860   Section      202  rs485.o(.bss)
    RS485RxBufStr                            0x20000860   Data          96  rs485.o(.bss)
    RS485TxBufStr                            0x200008c0   Data          96  rs485.o(.bss)
    RS485CountsStr                           0x20000920   Data          10  rs485.o(.bss)
    .bss                                     0x2000092a   Section       12  eepm95128.o(.bss)
    EepInfoStr                               0x2000092a   Data          12  eepm95128.o(.bss)
    .bss                                     0x20000936   Section       20  fsmmessage.o(.bss)
    .bss                                     0x2000094a   Section       32  swtimers.o(.bss)
    SwTimers                                 0x2000094a   Data          16  swtimers.o(.bss)
    GSwTimers                                0x2000095a   Data          16  swtimers.o(.bss)
    .bss                                     0x2000096a   Section       10  fp_facepanel.o(.bss)
    FPDataStr                                0x2000096a   Data          10  fp_facepanel.o(.bss)
    .bss                                     0x20000974   Section       96  libspace.o(.bss)
    HEAP                                     0x200009d8   Section      512  startup_stm32f10x_md.o(HEAP)
    Heap_Mem                                 0x200009d8   Data         512  startup_stm32f10x_md.o(HEAP)
    STACK                                    0x20000bd8   Section     1024  startup_stm32f10x_md.o(STACK)
    Stack_Mem                                0x20000bd8   Data        1024  startup_stm32f10x_md.o(STACK)
    __initial_sp                             0x20000fd8   Data           0  startup_stm32f10x_md.o(STACK)

    Global Symbols

    Symbol Name                              Value     Ov Type        Size  Object(Section)

    BuildAttributes$$THM_ISAv4$P$D$K$B$S$PE$A:L22UL41UL21$X:L11$S22US41US21$IEEE1$IW$USESV6$~STKCKD$USESV7$~SHL$OSPACE$ROPI$EBA8$UX$STANDARDLIB$REQ8$PRES8$EABIv2 0x00000000   Number         0  anon$$obj.o ABSOLUTE
    __ARM_use_no_argv                        0x00000000   Number         0  main.o ABSOLUTE
    __ARM_exceptions_init                     - Undefined Weak Reference
    __alloca_initialize                       - Undefined Weak Reference
    __cpp_initialize__aeabi_                  - Undefined Weak Reference
    __cxa_finalize                            - Undefined Weak Reference
    __rt_locale                               - Undefined Weak Reference
    __sigvec_lookup                           - Undefined Weak Reference
    _atexit_init                              - Undefined Weak Reference
    _call_atexit_fns                          - Undefined Weak Reference
    _clock_init                               - Undefined Weak Reference
    _fp_trap_init                             - Undefined Weak Reference
    _fp_trap_shutdown                         - Undefined Weak Reference
    _get_lc_collate                           - Undefined Weak Reference
    _get_lc_ctype                             - Undefined Weak Reference
    _get_lc_monetary                          - Undefined Weak Reference
    _get_lc_numeric                           - Undefined Weak Reference
    _get_lc_time                              - Undefined Weak Reference
    _getenv_init                              - Undefined Weak Reference
    _handle_redirection                       - Undefined Weak Reference
    _init_alloc                               - Undefined Weak Reference
    _init_user_alloc                          - Undefined Weak Reference
    _initio                                   - Undefined Weak Reference
    _rand_init                                - Undefined Weak Reference
    _signal_finish                            - Undefined Weak Reference
    _signal_init                              - Undefined Weak Reference
    _terminate_alloc                          - Undefined Weak Reference
    _terminate_user_alloc                     - Undefined Weak Reference
    _terminateio                              - Undefined Weak Reference
    __Vectors_Size                           0x000000ec   Number         0  startup_stm32f10x_md.o ABSOLUTE
    __Vectors                                0x08000000   Data           4  startup_stm32f10x_md.o(RESET)
    __Vectors_End                            0x080000ec   Data           0  startup_stm32f10x_md.o(RESET)
    __main                                   0x080000ed   Thumb Code     8  __main.o(!!!main)
    __scatterload                            0x080000f5   Thumb Code     0  __scatter.o(!!!scatter)
    __scatterload_rt2                        0x080000f5   Thumb Code    44  __scatter.o(!!!scatter)
    __scatterload_rt2_thumb_only             0x080000f5   Thumb Code     0  __scatter.o(!!!scatter)
    __scatterload_null                       0x08000103   Thumb Code     0  __scatter.o(!!!scatter)
    __decompress                             0x08000129   Thumb Code    58  __dczerorl.o(!!dczerorl)
    __decompress0                            0x08000129   Thumb Code     0  __dczerorl.o(!!dczerorl)
    __scatterload_zeroinit                   0x08000165   Thumb Code    28  __scatter_zi.o(!!handler_zi)
    __rt_lib_init                            0x08000181   Thumb Code     0  libinit.o(.ARM.Collect$$libinit$$00000000)
    __rt_lib_init_alloca_1                   0x08000183   Thumb Code     0  libinit2.o(.ARM.Collect$$libinit$$0000002C)
    __rt_lib_init_argv_1                     0x08000183   Thumb Code     0  libinit2.o(.ARM.Collect$$libinit$$0000002A)
    __rt_lib_init_atexit_1                   0x08000183   Thumb Code     0  libinit2.o(.ARM.Collect$$libinit$$00000019)
    __rt_lib_init_clock_1                    0x08000183   Thumb Code     0  libinit2.o(.ARM.Collect$$libinit$$0000001F)
    __rt_lib_init_cpp_1                      0x08000183   Thumb Code     0  libinit2.o(.ARM.Collect$$libinit$$00000030)
    __rt_lib_init_exceptions_1               0x08000183   Thumb Code     0  libinit2.o(.ARM.Collect$$libinit$$0000002E)
    __rt_lib_init_fp_1                       0x08000183   Thumb Code     0  libinit2.o(.ARM.Collect$$libinit$$00000002)
    __rt_lib_init_fp_trap_1                  0x08000183   Thumb Code     0  libinit2.o(.ARM.Collect$$libinit$$0000001D)
    __rt_lib_init_getenv_1                   0x08000183   Thumb Code     0  libinit2.o(.ARM.Collect$$libinit$$00000021)
    __rt_lib_init_heap_1                     0x08000183   Thumb Code     0  libinit2.o(.ARM.Collect$$libinit$$00000008)
    __rt_lib_init_lc_collate_1               0x08000183   Thumb Code     0  libinit2.o(.ARM.Collect$$libinit$$0000000F)
    __rt_lib_init_lc_ctype_1                 0x08000183   Thumb Code     0  libinit2.o(.ARM.Collect$$libinit$$00000011)
    __rt_lib_init_lc_monetary_1              0x08000183   Thumb Code     0  libinit2.o(.ARM.Collect$$libinit$$00000013)
    __rt_lib_init_lc_numeric_1               0x08000183   Thumb Code     0  libinit2.o(.ARM.Collect$$libinit$$00000015)
    __rt_lib_init_lc_time_1                  0x08000183   Thumb Code     0  libinit2.o(.ARM.Collect$$libinit$$00000017)
    __rt_lib_init_rand_1                     0x08000183   Thumb Code     0  libinit2.o(.ARM.Collect$$libinit$$0000000C)
    __rt_lib_init_return                     0x08000183   Thumb Code     0  libinit2.o(.ARM.Collect$$libinit$$00000031)
    __rt_lib_init_signal_1                   0x08000183   Thumb Code     0  libinit2.o(.ARM.Collect$$libinit$$0000001B)
    __rt_lib_init_stdio_1                    0x08000183   Thumb Code     0  libinit2.o(.ARM.Collect$$libinit$$00000023)
    __rt_lib_init_user_alloc_1               0x08000183   Thumb Code     0  libinit2.o(.ARM.Collect$$libinit$$0000000A)
    __rt_lib_shutdown                        0x08000185   Thumb Code     0  libshutdown.o(.ARM.Collect$$libshutdown$$00000000)
    __rt_lib_shutdown_fp_trap_1              0x08000187   Thumb Code     0  libshutdown2.o(.ARM.Collect$$libshutdown$$00000006)
    __rt_lib_shutdown_heap_1                 0x08000187   Thumb Code     0  libshutdown2.o(.ARM.Collect$$libshutdown$$0000000E)
    __rt_lib_shutdown_return                 0x08000187   Thumb Code     0  libshutdown2.o(.ARM.Collect$$libshutdown$$0000000F)
    __rt_lib_shutdown_signal_1               0x08000187   Thumb Code     0  libshutdown2.o(.ARM.Collect$$libshutdown$$00000009)
    __rt_lib_shutdown_stdio_1                0x08000187   Thumb Code     0  libshutdown2.o(.ARM.Collect$$libshutdown$$00000003)
    __rt_lib_shutdown_user_alloc_1           0x08000187   Thumb Code     0  libshutdown2.o(.ARM.Collect$$libshutdown$$0000000B)
    __rt_entry                               0x08000189   Thumb Code     0  rtentry.o(.ARM.Collect$$rtentry$$00000000)
    __rt_entry_presh_1                       0x08000189   Thumb Code     0  rtentry2.o(.ARM.Collect$$rtentry$$00000002)
    __rt_entry_sh                            0x08000189   Thumb Code     0  rtentry4.o(.ARM.Collect$$rtentry$$00000004)
    __rt_entry_li                            0x0800018f   Thumb Code     0  rtentry2.o(.ARM.Collect$$rtentry$$0000000A)
    __rt_entry_postsh_1                      0x0800018f   Thumb Code     0  rtentry2.o(.ARM.Collect$$rtentry$$00000009)
    __rt_entry_main                          0x08000193   Thumb Code     0  rtentry2.o(.ARM.Collect$$rtentry$$0000000D)
    __rt_entry_postli_1                      0x08000193   Thumb Code     0  rtentry2.o(.ARM.Collect$$rtentry$$0000000C)
    __rt_exit                                0x0800019b   Thumb Code     0  rtexit.o(.ARM.Collect$$rtexit$$00000000)
    __rt_exit_ls                             0x0800019d   Thumb Code     0  rtexit2.o(.ARM.Collect$$rtexit$$00000003)
    __rt_exit_prels_1                        0x0800019d   Thumb Code     0  rtexit2.o(.ARM.Collect$$rtexit$$00000002)
    __rt_exit_exit                           0x080001a1   Thumb Code     0  rtexit2.o(.ARM.Collect$$rtexit$$00000004)
    Reset_Handler                            0x080001a9   Thumb Code     4  startup_stm32f10x_md.o(.text)
    DebugMon_Handler                         0x080001b9   Thumb Code     2  startup_stm32f10x_md.o(.text)
    PendSV_Handler                           0x080001bb   Thumb Code     2  startup_stm32f10x_md.o(.text)
    ADC1_2_IRQHandler                        0x080001bf   Thumb Code     0  startup_stm32f10x_md.o(.text)
    CAN1_RX1_IRQHandler                      0x080001bf   Thumb Code     0  startup_stm32f10x_md.o(.text)
    CAN1_SCE_IRQHandler                      0x080001bf   Thumb Code     0  startup_stm32f10x_md.o(.text)
    DMA1_Channel1_IRQHandler                 0x080001bf   Thumb Code     0  startup_stm32f10x_md.o(.text)
    DMA1_Channel3_IRQHandler                 0x080001bf   Thumb Code     0  startup_stm32f10x_md.o(.text)
    DMA1_Channel4_IRQHandler                 0x080001bf   Thumb Code     0  startup_stm32f10x_md.o(.text)
    DMA1_Channel6_IRQHandler                 0x080001bf   Thumb Code     0  startup_stm32f10x_md.o(.text)
    DMA1_Channel7_IRQHandler                 0x080001bf   Thumb Code     0  startup_stm32f10x_md.o(.text)
    EXTI0_IRQHandler                         0x080001bf   Thumb Code     0  startup_stm32f10x_md.o(.text)
    EXTI15_10_IRQHandler                     0x080001bf   Thumb Code     0  startup_stm32f10x_md.o(.text)
    EXTI1_IRQHandler                         0x080001bf   Thumb Code     0  startup_stm32f10x_md.o(.text)
    EXTI2_IRQHandler                         0x080001bf   Thumb Code     0  startup_stm32f10x_md.o(.text)
    EXTI3_IRQHandler                         0x080001bf   Thumb Code     0  startup_stm32f10x_md.o(.text)
    EXTI4_IRQHandler                         0x080001bf   Thumb Code     0  startup_stm32f10x_md.o(.text)
    EXTI9_5_IRQHandler                       0x080001bf   Thumb Code     0  startup_stm32f10x_md.o(.text)
    FLASH_IRQHandler                         0x080001bf   Thumb Code     0  startup_stm32f10x_md.o(.text)
    I2C1_ER_IRQHandler                       0x080001bf   Thumb Code     0  startup_stm32f10x_md.o(.text)
    I2C1_EV_IRQHandler                       0x080001bf   Thumb Code     0  startup_stm32f10x_md.o(.text)
    I2C2_ER_IRQHandler                       0x080001bf   Thumb Code     0  startup_stm32f10x_md.o(.text)
    I2C2_EV_IRQHandler                       0x080001bf   Thumb Code     0  startup_stm32f10x_md.o(.text)
    PVD_IRQHandler                           0x080001bf   Thumb Code     0  startup_stm32f10x_md.o(.text)
    RCC_IRQHandler                           0x080001bf   Thumb Code     0  startup_stm32f10x_md.o(.text)
    RTCAlarm_IRQHandler                      0x080001bf   Thumb Code     0  startup_stm32f10x_md.o(.text)
    SPI1_IRQHandler                          0x080001bf   Thumb Code     0  startup_stm32f10x_md.o(.text)
    TAMPER_IRQHandler                        0x080001bf   Thumb Code     0  startup_stm32f10x_md.o(.text)
    TIM1_BRK_IRQHandler                      0x080001bf   Thumb Code     0  startup_stm32f10x_md.o(.text)
    TIM1_CC_IRQHandler                       0x080001bf   Thumb Code     0  startup_stm32f10x_md.o(.text)
    TIM1_TRG_COM_IRQHandler                  0x080001bf   Thumb Code     0  startup_stm32f10x_md.o(.text)
    TIM1_UP_IRQHandler                       0x080001bf   Thumb Code     0  startup_stm32f10x_md.o(.text)
    TIM2_IRQHandler                          0x080001bf   Thumb Code     0  startup_stm32f10x_md.o(.text)
    TIM3_IRQHandler                          0x080001bf   Thumb Code     0  startup_stm32f10x_md.o(.text)
    TIM4_IRQHandler                          0x080001bf   Thumb Code     0  startup_stm32f10x_md.o(.text)
    USART2_IRQHandler                        0x080001bf   Thumb Code     0  startup_stm32f10x_md.o(.text)
    USBWakeUp_IRQHandler                     0x080001bf   Thumb Code     0  startup_stm32f10x_md.o(.text)
    USB_HP_CAN1_TX_IRQHandler                0x080001bf   Thumb Code     0  startup_stm32f10x_md.o(.text)
    USB_LP_CAN1_RX0_IRQHandler               0x080001bf   Thumb Code     0  startup_stm32f10x_md.o(.text)
    WWDG_IRQHandler                          0x080001bf   Thumb Code     0  startup_stm32f10x_md.o(.text)
    __user_initial_stackheap                 0x080001c1   Thumb Code     0  startup_stm32f10x_md.o(.text)
    IdleTask                                 0x080001e1   Thumb Code     2  scheduler.o(.text)
    Scheduler                                0x080001e3   Thumb Code    94  scheduler.o(.text)
    Scheduler_SetTask                        0x08000241   Thumb Code    46  scheduler.o(.text)
    Scheduler_TimerService                   0x0800026f   Thumb Code    98  scheduler.o(.text)
    Scheduler_GetTickCount                   0x080002d1   Thumb Code     6  scheduler.o(.text)
    Scheduler_SetTimerTask                   0x080002d7   Thumb Code    88  scheduler.o(.text)
    Scheduler_Init                           0x0800032f   Thumb Code    40  scheduler.o(.text)
    Scheduler_Start                          0x08000357   Thumb Code     8  scheduler.o(.text)
    Adc_Init                                 0x0800036d   Thumb Code   144  adc_st.o(.text)
    Adc_GetMeas                              0x080003fd   Thumb Code    66  adc_st.o(.text)
    Get_Crc16                                0x08000451   Thumb Code    56  crc16.o(.text)
    DMA1Ch2InitForTX                         0x0800048d   Thumb Code    60  dma_st.o(.text)
    DMA1Ch2StartTX                           0x080004c9   Thumb Code    28  dma_st.o(.text)
    DMA1_Channel2_IRQHandler                 0x080004e5   Thumb Code    46  dma_st.o(.text)
    DMA1Ch5InitForRX                         0x08000513   Thumb Code    90  dma_st.o(.text)
    StartDMA1Ch5ForRX                        0x0800056d   Thumb Code    28  dma_st.o(.text)
    DMA1_Channel5_IRQHandler                 0x08000589   Thumb Code    42  dma_st.o(.text)
    Gpio_Init                                0x080005dd   Thumb Code   222  gpio_st.o(.text)
    Gpio_CheckLoop                           0x080006bb   Thumb Code   208  gpio_st.o(.text)
    Gpio_GetState                            0x0800078b   Thumb Code    28  gpio_st.o(.text)
    RtcInit                                  0x080007e9   Thumb Code   210  rtc_st.o(.text)
    RtcGetCounter                            0x080008bb   Thumb Code    18  rtc_st.o(.text)
    RtcSetCounter                            0x080008cd   Thumb Code    38  rtc_st.o(.text)
    RTC_IRQHandler                           0x080008f3   Thumb Code    68  rtc_st.o(.text)
    Sys_Init                                 0x08000a05   Thumb Code    70  sys_st.o(.text)
    Stm32Flash_Lock                          0x08000a4b   Thumb Code    14  sys_st.o(.text)
    Stm32Flash_Unlock                        0x08000a59   Thumb Code    12  sys_st.o(.text)
    Stm32Flash_ErasePage                     0x08000a65   Thumb Code    82  sys_st.o(.text)
    Stm32Flash_WriteWord                     0x08000ab7   Thumb Code    94  sys_st.o(.text)
    Stm32Flash_ReadWord                      0x08000b15   Thumb Code     6  sys_st.o(.text)
    NMI_Handler                              0x08000b1b   Thumb Code     2  sys_st.o(.text)
    HardFault_Handler                        0x08000b1d   Thumb Code    14  sys_st.o(.text)
    MemManage_Handler                        0x08000b2b   Thumb Code     8  sys_st.o(.text)
    BusFault_Handler                         0x08000b33   Thumb Code     8  sys_st.o(.text)
    UsageFault_Handler                       0x08000b3b   Thumb Code     2  sys_st.o(.text)
    SVC_Handler                              0x08000b3d   Thumb Code     2  sys_st.o(.text)
    SysTick_Init                             0x08000b61   Thumb Code    16  sys_tick_st.o(.text)
    Tim1Init                                 0x08000b75   Thumb Code   138  timers_st.o(.text)
    TIM1_Handler                             0x08000bff   Thumb Code     2  timers_st.o(.text)
    Uart1_Init                               0x08000c2d   Thumb Code   116  uart_st.o(.text)
    Uart1_StarTx                             0x08000ca1   Thumb Code    46  uart_st.o(.text)
    USART1_IRQHandler                        0x08000cdd   Thumb Code   124  uart_st.o(.text)
    Uart3_Init                               0x08000d59   Thumb Code   130  uart_st.o(.text)
    Uart3_Handler                            0x08000ddb   Thumb Code     4  uart_st.o(.text)
    USART3_IRQHandler                        0x08000ded   Thumb Code   116  uart_st.o(.text)
    Spi2_Init                                0x08000e9d   Thumb Code   166  spi_st.o(.text)
    Spi2_GetStat                             0x08000f43   Thumb Code    12  spi_st.o(.text)
    Spi2_TxRxByte                            0x08000f4f   Thumb Code   102  spi_st.o(.text)
    SPI2_IRQHandler                          0x08000fb5   Thumb Code    44  spi_st.o(.text)
    PAmp_Init                                0x08000ff5   Thumb Code    36  amplifier.o(.text)
    PAmp_Control                             0x08001019   Thumb Code    66  amplifier.o(.text)
    PAmp_GetStat                             0x0800105b   Thumb Code     6  amplifier.o(.text)
    Blink_Loop                               0x0800106d   Thumb Code   162  blink.o(.text)
    Blink                                    0x0800110f   Thumb Code    24  blink.o(.text)
    ButtonFP                                 0x08001131   Thumb Code     4  buttons.o(.text)
    Button_Update                            0x08001135   Thumb Code    54  buttons.o(.text)
    Button                                   0x0800116b   Thumb Code     4  buttons.o(.text)
    Button_Instant                           0x0800116f   Thumb Code    14  buttons.o(.text)
    Button_IsPress                           0x0800117d   Thumb Code    14  buttons.o(.text)
    Button_IsRelease                         0x0800118b   Thumb Code    14  buttons.o(.text)
    Button_IsToggle                          0x08001199   Thumb Code    14  buttons.o(.text)
    Button_ClrToggle                         0x080011a7   Thumb Code    16  buttons.o(.text)
    Button_UpDown                            0x080011b7   Thumb Code   170  buttons.o(.text)
    Button_LeftRigth                         0x08001261   Thumb Code    94  buttons.o(.text)
    Config                                   0x080012d9   Thumb Code     4  config.o(.text)
    Config_Save                              0x080012dd   Thumb Code    18  config.o(.text)
    Config_Init                              0x080012ef   Thumb Code   192  config.o(.text)
    Config_SaveLoop                          0x080013af   Thumb Code    74  config.o(.text)
    FaultsLoop                               0x08001419   Thumb Code   278  faults.o(.text)
    Faults                                   0x0800152f   Thumb Code     4  faults.o(.text)
    VoiceMessage_Init                        0x08001615   Thumb Code    12  jq6500.o(.text)
    VoiceMessage_Cmd                         0x08001621   Thumb Code     6  jq6500.o(.text)
    VoiceMessage_UpdateLoop                  0x08001627   Thumb Code    68  jq6500.o(.text)
    SpeakerLine                              0x0800180d   Thumb Code    16  linecheck.o(.text)
    SpeakerLine_Init                         0x080018a1   Thumb Code    36  linecheck.o(.text)
    SpeakerLine_MeasLoop                     0x080018c5   Thumb Code   146  linecheck.o(.text)
    SpeakerLine_SteadyStateLoop              0x08001957   Thumb Code   170  linecheck.o(.text)
    SpeakerLine_Param                        0x08001a01   Thumb Code     4  linecheck.o(.text)
    SpeakerLine_SaveRef                      0x08001a05   Thumb Code    34  linecheck.o(.text)
    SpeakerLine_GetDefStatus                 0x08001a27   Thumb Code    56  linecheck.o(.text)
    SpeakerLine_FSMLoop                      0x08001ac5   Thumb Code    32  linecheck.o(.text)
    Log_Init                                 0x08001b6b   Thumb Code    12  logging.o(.text)
    Log_Counts                               0x08001b77   Thumb Code     4  logging.o(.text)
    Log_ResetCountUnreadEvents               0x08001b7b   Thumb Code    14  logging.o(.text)
    Log_SaveEvent                            0x08001b89   Thumb Code    80  logging.o(.text)
    Log_GetEvent                             0x08001bd9   Thumb Code   102  logging.o(.text)
    FireLine_Init                            0x08001e3f   Thumb Code    68  pojline.o(.text)
    FireLine_MeasLoop                        0x08001e83   Thumb Code   126  pojline.o(.text)
    FireLine_FSMLoop                         0x08001f01   Thumb Code    40  pojline.o(.text)
    FireLine                                 0x08001f29   Thumb Code    14  pojline.o(.text)
    FireLine_GetPhysicalState                0x08001f37   Thumb Code    36  pojline.o(.text)
    FireLine_GetContext                      0x08001f5b   Thumb Code    66  pojline.o(.text)
    PowerAndCharge_Init                      0x0800200f   Thumb Code    46  powerandcharge.o(.text)
    PowerAndCharge_Loop                      0x0800203d   Thumb Code   224  powerandcharge.o(.text)
    Power                                    0x0800211d   Thumb Code     4  powerandcharge.o(.text)
    Charger_Activate                         0x08002121   Thumb Code    12  powerandcharge.o(.text)
    Charger_Deactivate                       0x0800212d   Thumb Code    10  powerandcharge.o(.text)
    Relay_Init                               0x08002161   Thumb Code    70  relay.o(.text)
    Relay_UpdateLoop                         0x080021a7   Thumb Code    42  relay.o(.text)
    SpeakerRelays                            0x080021d1   Thumb Code   150  relay.o(.text)
    OutputRelays                             0x08002267   Thumb Code    26  relay.o(.text)
    LedRs485Act                              0x08002281   Thumb Code    30  relay.o(.text)
    RS485_SB_ErrorConnect                    0x08002453   Thumb Code     8  rs485.o(.text)
    RS485_Init                               0x080024f5   Thumb Code    74  rs485.o(.text)
    RS485_Flags                              0x0800253f   Thumb Code     4  rs485.o(.text)
    RS485_RxBuf                              0x08002543   Thumb Code     4  rs485.o(.text)
    RS485_StartBufTx                         0x08002547   Thumb Code    50  rs485.o(.text)
    RS485_SB_BuildAndTxPack                  0x08002579   Thumb Code    44  rs485.o(.text)
    RS485_MB_BuildAndTxPack                  0x080025a5   Thumb Code    44  rs485.o(.text)
    RS485_MB_MasterLoop                      0x080025d1   Thumb Code   100  rs485.o(.text)
    RS485_FP_BuildAndTxEventPack             0x08002635   Thumb Code    48  rs485.o(.text)
    RS485_FP_BuildAndTxEepInfoPack           0x08002665   Thumb Code   120  rs485.o(.text)
    RS485_FP_BuildAndTxFireLineContextPack   0x080026dd   Thumb Code    48  rs485.o(.text)
    Time_Init                                0x08002711   Thumb Code     8  time.o(.text)
    TimeUTC_Set                              0x08002719   Thumb Code    12  time.o(.text)
    TimeUTC_Get                              0x08002725   Thumb Code     8  time.o(.text)
    Time_To_Rtc                              0x0800272d   Thumb Code    28  time.o(.text)
    Rtc_To_Time                              0x08002749   Thumb Code    48  time.o(.text)
    Time_Get                                 0x08002779   Thumb Code     4  time.o(.text)
    AnalogSwitch_Init                        0x08002781   Thumb Code   106  analogswitch.o(.text)
    AnalogSwitch_Activate                    0x080027eb   Thumb Code    12  analogswitch.o(.text)
    AnalogSwitch_Deactivate                  0x080027f7   Thumb Code    10  analogswitch.o(.text)
    AnalogSwitch_Prior_Set                   0x08002801   Thumb Code   152  analogswitch.o(.text)
    Zummer_Init                              0x080028a5   Thumb Code     8  zummer.o(.text)
    Zummer                                   0x080028ad   Thumb Code    32  zummer.o(.text)
    Zummer_Fault                             0x080028cd   Thumb Code    68  zummer.o(.text)
    Zummer_Loop                              0x08002911   Thumb Code   138  zummer.o(.text)
    Zummer_Beep                              0x0800299b   Thumb Code    30  zummer.o(.text)
    Zummer_BeepOff                           0x080029b9   Thumb Code    24  zummer.o(.text)
    EepM95128_Info                           0x08002a83   Thumb Code     4  eepm95128.o(.text)
    EepM95128_WritePage                      0x08002a87   Thumb Code    94  eepm95128.o(.text)
    EepM95128_Init                           0x08002ae5   Thumb Code    52  eepm95128.o(.text)
    EepM95128_ReadBuffer                     0x08002b19   Thumb Code    72  eepm95128.o(.text)
    EepM95128_WriteBuffer                    0x08002b61   Thumb Code   422  eepm95128.o(.text)
    FsmMessages_Init                         0x08002d19   Thumb Code    24  fsmmessage.o(.text)
    FsmMessages_Process                      0x08002d31   Thumb Code    58  fsmmessage.o(.text)
    FsmMessage_SendWithParam                 0x08002d6b   Thumb Code    36  fsmmessage.o(.text)
    FsmMessage_Send                          0x08002d8f   Thumb Code    22  fsmmessage.o(.text)
    FsmMessages_Get                          0x08002da5   Thumb Code    30  fsmmessage.o(.text)
    FsmMessages_GetWithParam                 0x08002dc3   Thumb Code    16  fsmmessage.o(.text)
    SwTimers_Loop                            0x08002dd9   Thumb Code    50  swtimers.o(.text)
    SwTimers_Init                            0x08002e0b   Thumb Code    32  swtimers.o(.text)
    SwTimers_Get                             0x08002e2b   Thumb Code    10  swtimers.o(.text)
    SwTimers_Clr                             0x08002e35   Thumb Code    10  swtimers.o(.text)
    GlobSwTimer_Get                          0x08002e3f   Thumb Code    10  swtimers.o(.text)
    GlobSwTimer_Stop                         0x08002e49   Thumb Code     8  swtimers.o(.text)
    GlobSwTimer_Start                        0x08002e51   Thumb Code    22  swtimers.o(.text)
    GlobSwTimer_Pause                        0x08002e67   Thumb Code    16  swtimers.o(.text)
    GlobSwTimer_Continue                     0x08002e77   Thumb Code    16  swtimers.o(.text)
    PriorityGet                              0x08002e95   Thumb Code    76  main.o(.text)
    LoggingLoop                              0x08002ee1   Thumb Code   436  main.o(.text)
    Task_Executors                           0x08003095   Thumb Code    42  main.o(.text)
    Task_ParsingCmdSB                        0x080030bf   Thumb Code    30  main.o(.text)
    Task_ParsingCmdFP                        0x080030dd   Thumb Code   448  main.o(.text)
    Task_InternalProtocol                    0x0800329d   Thumb Code   104  main.o(.text)
    Task_LockModeUnit                        0x08003305   Thumb Code    18  main.o(.text)
    Task_ControlModeUnit                     0x08003317   Thumb Code   260  main.o(.text)
    Task_ConfigModeUnit                      0x0800341b   Thumb Code    58  main.o(.text)
    Task_PojLineControlModeUnit              0x08003455   Thumb Code   352  main.o(.text)
    Task_GetKeyState                         0x080035b5   Thumb Code    84  main.o(.text)
    main                                     0x08003609   Thumb Code   240  main.o(.text)
    SysTick_Handler                          0x080036f9   Thumb Code   136  main.o(.text)
    FacePanelSaveData                        0x08003785   Thumb Code    58  fp_facepanel.o(.text)
    FacePanel                                0x080037bf   Thumb Code     4  fp_facepanel.o(.text)
    MotherBoard_BuildingPackForRS485         0x080037c9   Thumb Code   298  mb_motherboard.o(.text)
    MotherBoard_WorkReg                      0x080038f3   Thumb Code     4  mb_motherboard.o(.text)
    SirenBoard_SaveData                      0x080038fd   Thumb Code    20  sb_sirenboard.o(.text)
    SirenBoard_BuildingPackForRS485          0x08003911   Thumb Code    22  sb_sirenboard.o(.text)
    SirenBoard_ClrData                       0x08003927   Thumb Code    10  sb_sirenboard.o(.text)
    SirenBoard                               0x08003931   Thumb Code     4  sb_sirenboard.o(.text)
    SirenBoard_Set                           0x08003935   Thumb Code   144  sb_sirenboard.o(.text)
    strcpy                                   0x080039c9   Thumb Code    72  strcpy.o(.text)
    __use_two_region_memory                  0x08003a11   Thumb Code     2  heapauxi.o(.text)
    __rt_heap_escrow$2region                 0x08003a13   Thumb Code     2  heapauxi.o(.text)
    __rt_heap_expand$2region                 0x08003a15   Thumb Code     2  heapauxi.o(.text)
    __user_setup_stackheap                   0x08003a17   Thumb Code    74  sys_stackheap_outer.o(.text)
    exit                                     0x08003a61   Thumb Code    12  exit.o(.text)
    __user_libspace                          0x08003a6d   Thumb Code     8  libspace.o(.text)
    __user_perproc_libspace                  0x08003a6d   Thumb Code     0  libspace.o(.text)
    __user_perthread_libspace                0x08003a6d   Thumb Code     0  libspace.o(.text)
    _sys_exit                                0x08003a75   Thumb Code     8  sys_exit.o(.text)
    __I$use$semihosting                      0x08003a81   Thumb Code     0  use_no_semi.o(.text)
    __use_no_semihosting_swi                 0x08003a81   Thumb Code     2  use_no_semi.o(.text)
    JqCmdChipResetArray                      0x08003a82   Data           4  jq6500.o(.constdata)
    __semihosting_library_function           0x08003a83   Thumb Code     0  indicate_semi.o(.text)
    JqCmdPlayArray                           0x08003a86   Data           4  jq6500.o(.constdata)
    JqCmdPauseArray                          0x08003a8a   Data           4  jq6500.o(.constdata)
    JqCmdSleepModeArray                      0x08003a8e   Data           4  jq6500.o(.constdata)
    JqCmdNextArray                           0x08003a92   Data           4  jq6500.o(.constdata)
    JqCmdPreArray                            0x08003a96   Data           4  jq6500.o(.constdata)
    JqCmdVolMaxArray                         0x08003a9a   Data           5  jq6500.o(.constdata)
    JqCmdVolUpArray                          0x08003a9f   Data           4  jq6500.o(.constdata)
    JqCmdVolDownArray                        0x08003aa3   Data           4  jq6500.o(.constdata)
    JqCmdReservArray                         0x08003aa7   Data           4  jq6500.o(.constdata)
    Region$$Table$$Base                      0x08003aac   Number         0  anon$$obj.o(Region$$Table)
    Region$$Table$$Limit                     0x08003acc   Number         0  anon$$obj.o(Region$$Table)
    Crc16Table                               0x20000004   Data         512  crc16.o(.data)
    GpioAState                               0x20000204   Data           2  gpio_st.o(.data)
    GpioBState                               0x20000206   Data           2  gpio_st.o(.data)
    GpioCState                               0x20000208   Data           2  gpio_st.o(.data)
    JqCmdLoopArray                           0x20000244   Data           5  jq6500.o(.data)
    JqCmdFolderSwArray                       0x20000249   Data           5  jq6500.o(.data)
    FsmMessageSTR                            0x20000936   Data          20  fsmmessage.o(.bss)
    __libspace_start                         0x20000974   Data          96  libspace.o(.bss)
    __temporary_stack_top$libspace           0x200009d4   Data           0  libspace.o(.bss)



==============================================================================

Memory Map of the image

  Image Entry point : 0x080001a9

  Load Region LR_1 (Base: 0x08000000, Size: 0x00003d8c, Max: 0xffffffff, ABSOLUTE, COMPRESSED[0x00003cdc])

    Execution Region ER_RO (Base: 0x08000000, Size: 0x00003acc, Max: 0xffffffff, ABSOLUTE)

    Base Addr    Size         Type   Attr      Idx    E Section Name        Object

    0x08000000   0x000000ec   Data   RO            3    RESET               startup_stm32f10x_md.o
    0x080000ec   0x00000008   Code   RO          743  * !!!main             c_w.l(__main.o)
    0x080000f4   0x00000034   Code   RO          899    !!!scatter          c_w.l(__scatter.o)
    0x08000128   0x0000003a   Code   RO          897    !!dczerorl          c_w.l(__dczerorl.o)
    0x08000162   0x00000002   PAD
    0x08000164   0x0000001c   Code   RO          901    !!handler_zi        c_w.l(__scatter_zi.o)
    0x08000180   0x00000002   Code   RO          770    .ARM.Collect$$libinit$$00000000  c_w.l(libinit.o)
    0x08000182   0x00000000   Code   RO          777    .ARM.Collect$$libinit$$00000002  c_w.l(libinit2.o)
    0x08000182   0x00000000   Code   RO          780    .ARM.Collect$$libinit$$00000008  c_w.l(libinit2.o)
    0x08000182   0x00000000   Code   RO          782    .ARM.Collect$$libinit$$0000000A  c_w.l(libinit2.o)
    0x08000182   0x00000000   Code   RO          784    .ARM.Collect$$libinit$$0000000C  c_w.l(libinit2.o)
    0x08000182   0x00000000   Code   RO          787    .ARM.Collect$$libinit$$0000000F  c_w.l(libinit2.o)
    0x08000182   0x00000000   Code   RO          789    .ARM.Collect$$libinit$$00000011  c_w.l(libinit2.o)
    0x08000182   0x00000000   Code   RO          791    .ARM.Collect$$libinit$$00000013  c_w.l(libinit2.o)
    0x08000182   0x00000000   Code   RO          793    .ARM.Collect$$libinit$$00000015  c_w.l(libinit2.o)
    0x08000182   0x00000000   Code   RO          795    .ARM.Collect$$libinit$$00000017  c_w.l(libinit2.o)
    0x08000182   0x00000000   Code   RO          797    .ARM.Collect$$libinit$$00000019  c_w.l(libinit2.o)
    0x08000182   0x00000000   Code   RO          799    .ARM.Collect$$libinit$$0000001B  c_w.l(libinit2.o)
    0x08000182   0x00000000   Code   RO          801    .ARM.Collect$$libinit$$0000001D  c_w.l(libinit2.o)
    0x08000182   0x00000000   Code   RO          803    .ARM.Collect$$libinit$$0000001F  c_w.l(libinit2.o)
    0x08000182   0x00000000   Code   RO          805    .ARM.Collect$$libinit$$00000021  c_w.l(libinit2.o)
    0x08000182   0x00000000   Code   RO          807    .ARM.Collect$$libinit$$00000023  c_w.l(libinit2.o)
    0x08000182   0x00000000   Code   RO          811    .ARM.Collect$$libinit$$0000002A  c_w.l(libinit2.o)
    0x08000182   0x00000000   Code   RO          813    .ARM.Collect$$libinit$$0000002C  c_w.l(libinit2.o)
    0x08000182   0x00000000   Code   RO          815    .ARM.Collect$$libinit$$0000002E  c_w.l(libinit2.o)
    0x08000182   0x00000000   Code   RO          817    .ARM.Collect$$libinit$$00000030  c_w.l(libinit2.o)
    0x08000182   0x00000002   Code   RO          818    .ARM.Collect$$libinit$$00000031  c_w.l(libinit2.o)
    0x08000184   0x00000002   Code   RO          838    .ARM.Collect$$libshutdown$$00000000  c_w.l(libshutdown.o)
    0x08000186   0x00000000   Code   RO          852    .ARM.Collect$$libshutdown$$00000003  c_w.l(libshutdown2.o)
    0x08000186   0x00000000   Code   RO          855    .ARM.Collect$$libshutdown$$00000006  c_w.l(libshutdown2.o)
    0x08000186   0x00000000   Code   RO          858    .ARM.Collect$$libshutdown$$00000009  c_w.l(libshutdown2.o)
    0x08000186   0x00000000   Code   RO          860    .ARM.Collect$$libshutdown$$0000000B  c_w.l(libshutdown2.o)
    0x08000186   0x00000000   Code   RO          863    .ARM.Collect$$libshutdown$$0000000E  c_w.l(libshutdown2.o)
    0x08000186   0x00000002   Code   RO          864    .ARM.Collect$$libshutdown$$0000000F  c_w.l(libshutdown2.o)
    0x08000188   0x00000000   Code   RO          745    .ARM.Collect$$rtentry$$00000000  c_w.l(rtentry.o)
    0x08000188   0x00000000   Code   RO          747    .ARM.Collect$$rtentry$$00000002  c_w.l(rtentry2.o)
    0x08000188   0x00000006   Code   RO          759    .ARM.Collect$$rtentry$$00000004  c_w.l(rtentry4.o)
    0x0800018e   0x00000000   Code   RO          749    .ARM.Collect$$rtentry$$00000009  c_w.l(rtentry2.o)
    0x0800018e   0x00000004   Code   RO          750    .ARM.Collect$$rtentry$$0000000A  c_w.l(rtentry2.o)
    0x08000192   0x00000000   Code   RO          752    .ARM.Collect$$rtentry$$0000000C  c_w.l(rtentry2.o)
    0x08000192   0x00000008   Code   RO          753    .ARM.Collect$$rtentry$$0000000D  c_w.l(rtentry2.o)
    0x0800019a   0x00000002   Code   RO          774    .ARM.Collect$$rtexit$$00000000  c_w.l(rtexit.o)
    0x0800019c   0x00000000   Code   RO          820    .ARM.Collect$$rtexit$$00000002  c_w.l(rtexit2.o)
    0x0800019c   0x00000004   Code   RO          821    .ARM.Collect$$rtexit$$00000003  c_w.l(rtexit2.o)
    0x080001a0   0x00000006   Code   RO          822    .ARM.Collect$$rtexit$$00000004  c_w.l(rtexit2.o)
    0x080001a6   0x00000002   PAD
    0x080001a8   0x00000038   Code   RO            4  * .text               startup_stm32f10x_md.o
    0x080001e0   0x0000018c   Code   RO           39    .text               scheduler.o
    0x0800036c   0x000000e4   Code   RO           71    .text               adc_st.o
    0x08000450   0x0000003c   Code   RO           86    .text               crc16.o
    0x0800048c   0x00000150   Code   RO          104    .text               dma_st.o
    0x080005dc   0x0000020c   Code   RO          123    .text               gpio_st.o
    0x080007e8   0x0000015c   Code   RO          156    .text               rtc_st.o
    0x08000944   0x0000021c   Code   RO          171    .text               sys_st.o
    0x08000b60   0x00000014   Code   RO          186    .text               sys_tick_st.o
    0x08000b74   0x00000098   Code   RO          201    .text               timers_st.o
    0x08000c0c   0x00000290   Code   RO          216    .text               uart_st.o
    0x08000e9c   0x00000158   Code   RO          238    .text               spi_st.o
    0x08000ff4   0x00000078   Code   RO          255    .text               amplifier.o
    0x0800106c   0x000000c4   Code   RO          275    .text               blink.o
    0x08001130   0x000001a8   Code   RO          292    .text               buttons.o
    0x080012d8   0x00000140   Code   RO          313    .text               config.o
    0x08001418   0x00000124   Code   RO          387    .text               faults.o
    0x0800153c   0x00000168   Code   RO          420    .text               jq6500.o
    0x080016a4   0x00000444   Code   RO          439    .text               linecheck.o
    0x08001ae8   0x00000164   Code   RO          454    .text               logging.o
    0x08001c4c   0x00000364   Code   RO          478    .text               pojline.o
    0x08001fb0   0x000001a0   Code   RO          496    .text               powerandcharge.o
    0x08002150   0x0000015c   Code   RO          513    .text               relay.o
    0x080022ac   0x00000464   Code   RO          527    .text               rs485.o
    0x08002710   0x00000070   Code   RO          545    .text               time.o
    0x08002780   0x00000124   Code   RO          559    .text               analogswitch.o
    0x080028a4   0x00000148   Code   RO          574    .text               zummer.o
    0x080029ec   0x0000032c   Code   RO          594    .text               eepm95128.o
    0x08002d18   0x000000c0   Code   RO          608    .text               fsmmessage.o
    0x08002dd8   0x000000bc   Code   RO          626    .text               swtimers.o
    0x08002e94   0x000008f0   Code   RO          644    .text               main.o
    0x08003784   0x00000044   Code   RO          686    .text               fp_facepanel.o
    0x080037c8   0x00000134   Code   RO          703    .text               mb_motherboard.o
    0x080038fc   0x000000cc   Code   RO          720    .text               sb_sirenboard.o
    0x080039c8   0x00000048   Code   RO          739    .text               c_w.l(strcpy.o)
    0x08003a10   0x00000006   Code   RO          741    .text               c_w.l(heapauxi.o)
    0x08003a16   0x0000004a   Code   RO          761    .text               c_w.l(sys_stackheap_outer.o)
    0x08003a60   0x0000000c   Code   RO          763    .text               c_w.l(exit.o)
    0x08003a6c   0x00000008   Code   RO          771    .text               c_w.l(libspace.o)
    0x08003a74   0x0000000c   Code   RO          830    .text               c_w.l(sys_exit.o)
    0x08003a80   0x00000002   Code   RO          841    .text               c_w.l(use_no_semi.o)
    0x08003a82   0x00000000   Code   RO          843    .text               c_w.l(indicate_semi.o)
    0x08003a82   0x00000029   Data   RO          421    .constdata          jq6500.o
    0x08003aab   0x00000001   PAD
    0x08003aac   0x00000020   Data   RO          895    Region$$Table       anon$$obj.o


    Execution Region ER_RW (Base: 0x20000000, Size: 0x000002c0, Max: 0xffffffff, ABSOLUTE, COMPRESSED[0x00000210])

    Base Addr    Size         Type   Attr      Idx    E Section Name        Object

    0x20000000   0x00000004   Data   RW           41    .data               scheduler.o
    0x20000004   0x00000200   Data   RW           87    .data               crc16.o
    0x20000204   0x0000001a   Data   RW          124    .data               gpio_st.o
    0x2000021e   0x00000002   PAD
    0x20000220   0x00000008   Data   RW          218    .data               uart_st.o
    0x20000228   0x00000001   Data   RW          239    .data               spi_st.o
    0x20000229   0x00000001   Data   RW          256    .data               amplifier.o
    0x2000022a   0x00000004   Data   RW          276    .data               blink.o
    0x2000022e   0x00000002   PAD
    0x20000230   0x0000000e   Data   RW          294    .data               buttons.o
    0x2000023e   0x00000002   PAD
    0x20000240   0x00000004   Data   RW          389    .data               faults.o
    0x20000244   0x0000000d   Data   RW          422    .data               jq6500.o
    0x20000251   0x00000001   PAD
    0x20000252   0x00000015   Data   RW          441    .data               linecheck.o
    0x20000267   0x00000004   Data   RW          456    .data               logging.o
    0x2000026b   0x00000001   PAD
    0x2000026c   0x00000007   Data   RW          480    .data               pojline.o
    0x20000273   0x00000001   PAD
    0x20000274   0x00000010   Data   RW          497    .data               powerandcharge.o
    0x20000284   0x00000002   Data   RW          514    .data               relay.o
    0x20000286   0x00000002   PAD
    0x20000288   0x0000000e   Data   RW          529    .data               rs485.o
    0x20000296   0x00000006   Data   RW          546    .data               time.o
    0x2000029c   0x00000010   Data   RW          575    .data               zummer.o
    0x200002ac   0x00000008   Data   RW          628    .data               swtimers.o
    0x200002b4   0x00000002   Data   RW          646    .data               main.o
    0x200002b6   0x00000003   Data   RW          704    .data               mb_motherboard.o
    0x200002b9   0x00000005   Data   RW          721    .data               sb_sirenboard.o


    Execution Region ER_ZI (Base: 0x200002c0, Size: 0x00000d18, Max: 0xffffffff, ABSOLUTE)

    Base Addr    Size         Type   Attr      Idx    E Section Name        Object

    0x200002c0   0x000000fc   Zero   RW           40    .bss                scheduler.o
    0x200003bc   0x0000000c   Zero   RW          217    .bss                uart_st.o
    0x200003c8   0x00000014   Zero   RW          293    .bss                buttons.o
    0x200003dc   0x00000400   Zero   RW          314    .bss                config.o
    0x200007dc   0x0000000c   Zero   RW          388    .bss                faults.o
    0x200007e8   0x0000002c   Zero   RW          440    .bss                linecheck.o
    0x20000814   0x00000014   Zero   RW          455    .bss                logging.o
    0x20000828   0x00000038   Zero   RW          479    .bss                pojline.o
    0x20000860   0x000000ca   Zero   RW          528    .bss                rs485.o
    0x2000092a   0x0000000c   Zero   RW          595    .bss                eepm95128.o
    0x20000936   0x00000014   Zero   RW          609    .bss                fsmmessage.o
    0x2000094a   0x00000020   Zero   RW          627    .bss                swtimers.o
    0x2000096a   0x0000000a   Zero   RW          687    .bss                fp_facepanel.o
    0x20000974   0x00000060   Zero   RW          772    .bss                c_w.l(libspace.o)
    0x200009d4   0x00000004   PAD
    0x200009d8   0x00000200   Zero   RW            2    HEAP                startup_stm32f10x_md.o
    0x20000bd8   0x00000400   Zero   RW            1    STACK               startup_stm32f10x_md.o


==============================================================================

Image component sizes


      Code (inc. data)   RO Data    RW Data    ZI Data      Debug   Object Name

       228         18          0          0          0        687   adc_st.o
       120         12          0          1          0       1034   amplifier.o
       292         20          0          0          0       2081   analogswitch.o
       196         10          0          4          0       1575   blink.o
       424         26          0         14         20       4887   buttons.o
       320         32          0          0       1024       7729   config.o
        60          4          0        512          0       1057   crc16.o
       336         18          0          0          0      16878   dma_st.o
       812         18          0          0         12       3527   eepm95128.o
       292         10          0          4         12       2292   faults.o
        68          6          0          0         10       2286   fp_facepanel.o
       192          6          0          0         20       2353   fsmmessage.o
       524         66          0         26          0       1612   gpio_st.o
       360         76         41         13          0       3393   jq6500.o
      1092         60          0         21         44       4171   linecheck.o
       356         14          0          4         20       5520   logging.o
      2288         32          0          2          0       3992   main.o
       308          6          0          3          0       2859   mb_motherboard.o
       868         20          0          7         56       4374   pojline.o
       416         26          0         16          0       3128   powerandcharge.o
       348         14          0          2          0       1789   relay.o
      1124         64          0         14        202       6703   rs485.o
       348         14          0          0          0       1081   rtc_st.o
       204          4          0          5          0       2819   sb_sirenboard.o
       396         14          0          4        252     204715   scheduler.o
       344         20          0          1          0       1571   spi_st.o
        56         22        236          0       1536        820   startup_stm32f10x_md.o
       188         14          0          8         32       2198   swtimers.o
       540         34          0          0          0       2267   sys_st.o
        20          4          0          0          0        419   sys_tick_st.o
         0          0          0          0          0       4212   system_stm32f10x.o
       112          4          0          6          0       1693   time.o
       152         12          0          0          0        600   timers_st.o
       656         36          0          8         12      18006   uart_st.o
       328         28          0         16          0       1617   zummer.o

    ----------------------------------------------------------------------
     14368        764        310        704       3252     325945   Object Totals
         0          0         32          0          0          0   (incl. Generated)
         0          0          1         13          0          0   (incl. Padding)

    ----------------------------------------------------------------------

      Code (inc. data)   RO Data    RW Data    ZI Data      Debug   Library Member Name

        58          0          0          0          0          0   __dczerorl.o
         8          0          0          0          0         68   __main.o
        52          8          0          0          0          0   __scatter.o
        28          0          0          0          0          0   __scatter_zi.o
        12          0          0          0          0         72   exit.o
         6          0          0          0          0        152   heapauxi.o
         0          0          0          0          0          0   indicate_semi.o
         2          0          0          0          0          0   libinit.o
         2          0          0          0          0          0   libinit2.o
         2          0          0          0          0          0   libshutdown.o
         2          0          0          0          0          0   libshutdown2.o
         8          4          0          0         96         68   libspace.o
         0          0          0          0          0          0   rtentry.o
        12          0          0          0          0          0   rtentry2.o
         6          0          0          0          0          0   rtentry4.o
         2          0          0          0          0          0   rtexit.o
        10          0          0          0          0          0   rtexit2.o
        72          0          0          0          0         80   strcpy.o
        12          4          0          0          0         68   sys_exit.o
        74          0          0          0          0         80   sys_stackheap_outer.o
         2          0          0          0          0         68   use_no_semi.o

    ----------------------------------------------------------------------
       374         16          0          0        100        656   Library Totals
         4          0          0          0          4          0   (incl. Padding)

    ----------------------------------------------------------------------

      Code (inc. data)   RO Data    RW Data    ZI Data      Debug   Library Name

       370         16          0          0         96        656   c_w.l

    ----------------------------------------------------------------------
       374         16          0          0        100        656   Library Totals

    ----------------------------------------------------------------------

==============================================================================


      Code (inc. data)   RO Data    RW Data    ZI Data      Debug   

     14742        780        310        704       3352     322545   Grand Totals
     14742        780        310        528       3352     322545   ELF Image Totals (compressed)
     14742        780        310        528          0          0   ROM Totals

==============================================================================

    Total RO  Size (Code + RO Data)                15052 (  14.70kB)
    Total RW  Size (RW Data + ZI Data)              4056 (   3.96kB)
    Total ROM Size (Code + RO Data + RW Data)      15580 (  15.21kB)

==============================================================================

