<html>
<body>
<pre>
<h1>µVision Build Log</h1>
<h2>Project:</h2>
D:\02_Keil5_17_Project\01_KeilProjects_NEW8000\In Work\NEW8000_MB\NEW8000MBV2_SWv003\NEW8000MBV2_SWv003.uvproj
Project File Date:  09/11/2020

<h2>Output:</h2>
Rebuild target 'NEW8000MBV2_SWv003'
assembling startup_stm32f10x_md.s...
compiling system_stm32f10x.c...
compiling Scheduler.c...
compiling adc_ST.c...
compiling crc16.c...
compiling dma_ST.c...
compiling gpio_ST.c...
compiling lcd_3_Wire.c...
compiling rtc_ST.c...
compiling sys_ST.c...
compiling sys_tick_ST.c...
compiling timers_ST.c...
compiling uart_ST.c...
compiling spi_ST.c...
compiling Amplifier.c...
compiling Blink.c...
compiling Buttons.c...
compiling Config.c...
compiling Faults.c...
compiling Jq6500.c...
compiling LineCheck.c...
compiling Logging.c...
compiling PojLine.c...
compiling PowerAndCharge.c...
compiling Relay.c...
compiling Rs485.c...
compiling Time.c...
compiling AnalogSwitch.c...
compiling Zummer.c...
compiling EepM95128.c...
compiling FsmMessage.c...
compiling SwTimers.c...
compiling main.c...
compiling FP_FacePanel.c...
compiling MB_MotherBoard.c...
compiling SB_SirenBoard.c...
linking...
Program Size: Code=14742 RO-data=310 RW-data=704 ZI-data=3352  
FromELF: creating hex file...
".\OutputFiles\NEW8000MBV2_SWv003.axf" - 0 Error(s), 0 Warning(s).
Load "D:\\02_Keil5_17_Project\\01_KeilProjects_NEW8000\\In Work\\NEW8000_MB\\NEW8000MBV2_SWv003\\OutputFiles\\NEW8000MBV2_SWv003.axf" 
Erase Done.
Programming Done.
Verify OK.
Application running ...
</pre>
</body>
</html>
