<html>
<body>
<pre>
<h1>µVision Build Log</h1>
<h2>Tool Versions:</h2>
IDE-Version: µVision V5.17.0.0
Copyright (C) 2015 ARM Ltd and ARM Germany GmbH. All rights reserved.
License Information: home home, home, LIC=TIVNB-2Y5LT-CX0U6-DJQ04-S64JA-9NQD9
 
Tool Versions:
Toolchain:       MDK-ARM Standard  Version: 5.17
Toolchain Path:  C:\Keil_v5\ARM\ARMCC\Bin
C Compiler:      Armcc.exe V5.06 update 1 (build 61)
Assembler:       Armasm.exe V5.06 update 1 (build 61)
Linker/Locator:  ArmLink.exe V5.06 update 1 (build 61)
Library Manager: ArmAr.exe V5.06 update 1 (build 61)
Hex Converter:   FromElf.exe V5.06 update 1 (build 61)
CPU DLL:         SARMCM3.DLL V5.17
Dialog DLL:      DARMSTM.DLL V1.65.0.0
Target DLL:      STLink\ST-LINKIII-KEIL_SWO.dll V2.0.18.0
Dialog DLL:      TARMSTM.DLL V1.64.0.0
 
<h2>Project:</h2>
D:\05_NEW8000\09_NEW8000_Soft\New8000\In Work\NEW8000_FP\STM32F103_NEW8000FPV2_SWv004\STM32F103_NEW8000FPV2_SWv004.uvproj
Project File Date:  10/23/2020

<h2>Output:</h2>
*** Using Compiler 'V5.06 update 1 (build 61)', folder: 'C:\Keil_v5\ARM\ARMCC\Bin'
Rebuild target 'STM32F103_NEW8000FPV2_SWv004'
assembling startup_stm32f10x_md.s...
compiling system_stm32f10x.c...
compiling Scheduler.c...
compiling ascii_lm6063.c...
compiling ascii_wg12864.c...
compiling crc16.c...
compiling lcd12864.c...
compiling LogoRoxton.c...
compiling gpio_ST.c...
compiling sm1628.c...
compiling rtc_ST.c...
compiling spi_ST.c...
compiling sys_ST.c...
compiling sys_tick_ST.c...
compiling timers_ST.c...
compiling uart_ST.c...
compiling Blink.c...
compiling Buttons.c...
compiling Faults.c...
compiling Rs485.c...
compiling Led.c...
compiling Rtc.c...
compiling Lcd.c...
compiling LcdMenu.c...
compiling FsmMessage.c...
compiling SwTimers.c...
compiling FP_FacePanel.c...
compiling main.c...
compiling SB_SirenBoard.c...
compiling MB_MotherBoard.c...
linking...
Program Size: Code=20350 RO-data=4454 RW-data=640 ZI-data=3344  
FromELF: creating hex file...
".\OutFile\STM32F103_NEW8000FPV2_SWv004.axf" - 0 Error(s), 0 Warning(s).
Build Time Elapsed:  00:00:05
</pre>
</body>
</html>
