<!doctype html public "-//w3c//dtd html 4.0 transitional//en">
<html><head>
<title>Static Call Graph - [.\OutFile\STM32F103_NEW8000FPV2_SWv004.axf]</title></head>
<body><HR>
<H1>Static Call Graph for image .\OutFile\STM32F103_NEW8000FPV2_SWv004.axf</H1><HR>
<BR><P>#&#060CALLGRAPH&#062# ARM Linker, 5060061: Last Updated: Mon Oct 12 17:33:15 2020
<BR><P>
<H3>Maximum Stack Usage =        124 bytes + Unknown(Functions without stacksize, Cycles, Untraceable Function Pointers)</H3><H3>
Call chain for Maximum Stack Depth:</H3>
Task_CofigModeUnit &rArr; Menu_Update &rArr; Page_Header &rArr; LcdLine &rArr; LcdPixel
<P>
<H3>
Functions with no stack information
</H3><UL>
 <LI><a href="#[108]">__user_initial_stackheap</a>
</UL>
</UL>
<P>
<H3>
Mutually Recursive functions
</H3> <LI><a href="#[a]">DebugMon_Handler</a>&nbsp;&nbsp;&nbsp;&rArr;&nbsp;&nbsp;&nbsp;<a href="#[a]">DebugMon_Handler</a><BR>
 <LI><a href="#[b]">PendSV_Handler</a>&nbsp;&nbsp;&nbsp;&rArr;&nbsp;&nbsp;&nbsp;<a href="#[b]">PendSV_Handler</a><BR>
 <LI><a href="#[1f]">ADC1_2_IRQHandler</a>&nbsp;&nbsp;&nbsp;&rArr;&nbsp;&nbsp;&nbsp;<a href="#[1f]">ADC1_2_IRQHandler</a><BR>
</UL>
<P>
<H3>
Function Pointers
</H3><UL>
 <LI><a href="#[1f]">ADC1_2_IRQHandler</a> from startup_stm32f10x_md.o(.text) referenced from startup_stm32f10x_md.o(RESET)
 <LI><a href="#[7]">BusFault_Handler</a> from sys_st.o(.text) referenced from startup_stm32f10x_md.o(RESET)
 <LI><a href="#[22]">CAN1_RX1_IRQHandler</a> from startup_stm32f10x_md.o(.text) referenced from startup_stm32f10x_md.o(RESET)
 <LI><a href="#[23]">CAN1_SCE_IRQHandler</a> from startup_stm32f10x_md.o(.text) referenced from startup_stm32f10x_md.o(RESET)
 <LI><a href="#[18]">DMA1_Channel1_IRQHandler</a> from startup_stm32f10x_md.o(.text) referenced from startup_stm32f10x_md.o(RESET)
 <LI><a href="#[19]">DMA1_Channel2_IRQHandler</a> from startup_stm32f10x_md.o(.text) referenced from startup_stm32f10x_md.o(RESET)
 <LI><a href="#[1a]">DMA1_Channel3_IRQHandler</a> from startup_stm32f10x_md.o(.text) referenced from startup_stm32f10x_md.o(RESET)
 <LI><a href="#[1b]">DMA1_Channel4_IRQHandler</a> from uart_st.o(.text) referenced from startup_stm32f10x_md.o(RESET)
 <LI><a href="#[1c]">DMA1_Channel5_IRQHandler</a> from startup_stm32f10x_md.o(.text) referenced from startup_stm32f10x_md.o(RESET)
 <LI><a href="#[1d]">DMA1_Channel6_IRQHandler</a> from startup_stm32f10x_md.o(.text) referenced from startup_stm32f10x_md.o(RESET)
 <LI><a href="#[1e]">DMA1_Channel7_IRQHandler</a> from startup_stm32f10x_md.o(.text) referenced from startup_stm32f10x_md.o(RESET)
 <LI><a href="#[a]">DebugMon_Handler</a> from startup_stm32f10x_md.o(.text) referenced from startup_stm32f10x_md.o(RESET)
 <LI><a href="#[13]">EXTI0_IRQHandler</a> from startup_stm32f10x_md.o(.text) referenced from startup_stm32f10x_md.o(RESET)
 <LI><a href="#[35]">EXTI15_10_IRQHandler</a> from startup_stm32f10x_md.o(.text) referenced from startup_stm32f10x_md.o(RESET)
 <LI><a href="#[14]">EXTI1_IRQHandler</a> from startup_stm32f10x_md.o(.text) referenced from startup_stm32f10x_md.o(RESET)
 <LI><a href="#[15]">EXTI2_IRQHandler</a> from startup_stm32f10x_md.o(.text) referenced from startup_stm32f10x_md.o(RESET)
 <LI><a href="#[16]">EXTI3_IRQHandler</a> from startup_stm32f10x_md.o(.text) referenced from startup_stm32f10x_md.o(RESET)
 <LI><a href="#[17]">EXTI4_IRQHandler</a> from startup_stm32f10x_md.o(.text) referenced from startup_stm32f10x_md.o(RESET)
 <LI><a href="#[24]">EXTI9_5_IRQHandler</a> from startup_stm32f10x_md.o(.text) referenced from startup_stm32f10x_md.o(RESET)
 <LI><a href="#[11]">FLASH_IRQHandler</a> from startup_stm32f10x_md.o(.text) referenced from startup_stm32f10x_md.o(RESET)
 <LI><a href="#[5]">HardFault_Handler</a> from sys_st.o(.emb_text) referenced from startup_stm32f10x_md.o(RESET)
 <LI><a href="#[2d]">I2C1_ER_IRQHandler</a> from startup_stm32f10x_md.o(.text) referenced from startup_stm32f10x_md.o(RESET)
 <LI><a href="#[2c]">I2C1_EV_IRQHandler</a> from startup_stm32f10x_md.o(.text) referenced from startup_stm32f10x_md.o(RESET)
 <LI><a href="#[2f]">I2C2_ER_IRQHandler</a> from startup_stm32f10x_md.o(.text) referenced from startup_stm32f10x_md.o(RESET)
 <LI><a href="#[2e]">I2C2_EV_IRQHandler</a> from startup_stm32f10x_md.o(.text) referenced from startup_stm32f10x_md.o(RESET)
 <LI><a href="#[4e]">IdleTask</a> from scheduler.o(.text) referenced 9 times from scheduler.o(.text)
 <LI><a href="#[6]">MemManage_Handler</a> from sys_st.o(.text) referenced from startup_stm32f10x_md.o(RESET)
 <LI><a href="#[4]">NMI_Handler</a> from sys_st.o(.text) referenced from startup_stm32f10x_md.o(RESET)
 <LI><a href="#[e]">PVD_IRQHandler</a> from startup_stm32f10x_md.o(.text) referenced from startup_stm32f10x_md.o(RESET)
 <LI><a href="#[b]">PendSV_Handler</a> from startup_stm32f10x_md.o(.text) referenced from startup_stm32f10x_md.o(RESET)
 <LI><a href="#[12]">RCC_IRQHandler</a> from startup_stm32f10x_md.o(.text) referenced from startup_stm32f10x_md.o(RESET)
 <LI><a href="#[3a]">RS485_RxBufClrHead</a> from rs485.o(.text) referenced from rs485.o(.text)
 <LI><a href="#[39]">RS485_RxPacket</a> from rs485.o(.text) referenced from rs485.o(.text)
 <LI><a href="#[3b]">RS485_TxBufComplete</a> from rs485.o(.text) referenced from rs485.o(.text)
 <LI><a href="#[36]">RTCAlarm_IRQHandler</a> from startup_stm32f10x_md.o(.text) referenced from startup_stm32f10x_md.o(RESET)
 <LI><a href="#[10]">RTC_IRQHandler</a> from rtc_st.o(.text) referenced from startup_stm32f10x_md.o(RESET)
 <LI><a href="#[3]">Reset_Handler</a> from startup_stm32f10x_md.o(.text) referenced from startup_stm32f10x_md.o(RESET)
 <LI><a href="#[30]">SPI1_IRQHandler</a> from startup_stm32f10x_md.o(.text) referenced from startup_stm32f10x_md.o(RESET)
 <LI><a href="#[31]">SPI2_IRQHandler</a> from spi_st.o(.text) referenced from startup_stm32f10x_md.o(RESET)
 <LI><a href="#[9]">SVC_Handler</a> from sys_st.o(.text) referenced from startup_stm32f10x_md.o(RESET)
 <LI><a href="#[c]">SysTick_Handler</a> from main.o(.text) referenced from startup_stm32f10x_md.o(RESET)
 <LI><a href="#[f]">TAMPER_IRQHandler</a> from startup_stm32f10x_md.o(.text) referenced from startup_stm32f10x_md.o(RESET)
 <LI><a href="#[25]">TIM1_BRK_IRQHandler</a> from startup_stm32f10x_md.o(.text) referenced from startup_stm32f10x_md.o(RESET)
 <LI><a href="#[28]">TIM1_CC_IRQHandler</a> from startup_stm32f10x_md.o(.text) referenced from startup_stm32f10x_md.o(RESET)
 <LI><a href="#[27]">TIM1_TRG_COM_IRQHandler</a> from startup_stm32f10x_md.o(.text) referenced from startup_stm32f10x_md.o(RESET)
 <LI><a href="#[26]">TIM1_UP_IRQHandler</a> from startup_stm32f10x_md.o(.text) referenced from startup_stm32f10x_md.o(RESET)
 <LI><a href="#[29]">TIM2_IRQHandler</a> from startup_stm32f10x_md.o(.text) referenced from startup_stm32f10x_md.o(RESET)
 <LI><a href="#[2a]">TIM3_IRQHandler</a> from startup_stm32f10x_md.o(.text) referenced from startup_stm32f10x_md.o(RESET)
 <LI><a href="#[2b]">TIM4_IRQHandler</a> from startup_stm32f10x_md.o(.text) referenced from startup_stm32f10x_md.o(RESET)
 <LI><a href="#[fb]">Task_Begin</a> from main.o(.text) referenced from main.o(.text)
 <LI><a href="#[ed]">Task_CofigModeUnit</a> from main.o(.text) referenced from main.o(.text)
 <LI><a href="#[f0]">Task_ControlModeUnit</a> from main.o(.text) referenced from main.o(.text)
 <LI><a href="#[eb]">Task_ErrorConnectMB</a> from main.o(.text) referenced from main.o(.text)
 <LI><a href="#[dd]">Task_FaultsGet</a> from main.o(.text) referenced 2 times from main.o(.text)
 <LI><a href="#[f8]">Task_GetControl</a> from main.o(.text) referenced 2 times from main.o(.text)
 <LI><a href="#[f7]">Task_KeyControl</a> from main.o(.text) referenced from main.o(.text)
 <LI><a href="#[de]">Task_LcdUpdate</a> from main.o(.text) referenced 2 times from main.o(.text)
 <LI><a href="#[f6]">Task_LockModeUnit</a> from main.o(.text) referenced from main.o(.text)
 <LI><a href="#[ec]">Task_PollingRS485</a> from main.o(.text) referenced 2 times from main.o(.text)
 <LI><a href="#[dc]">Task_PriorityGet</a> from main.o(.text) referenced 2 times from main.o(.text)
 <LI><a href="#[e2]">Task_RS485ParsingCmdFromMB</a> from main.o(.text) referenced from main.o(.text)
 <LI><a href="#[32]">USART1_IRQHandler</a> from uart_st.o(.text) referenced from startup_stm32f10x_md.o(RESET)
 <LI><a href="#[33]">USART2_IRQHandler</a> from startup_stm32f10x_md.o(.text) referenced from startup_stm32f10x_md.o(RESET)
 <LI><a href="#[34]">USART3_IRQHandler</a> from startup_stm32f10x_md.o(.text) referenced from startup_stm32f10x_md.o(RESET)
 <LI><a href="#[37]">USBWakeUp_IRQHandler</a> from startup_stm32f10x_md.o(.text) referenced from startup_stm32f10x_md.o(RESET)
 <LI><a href="#[20]">USB_HP_CAN1_TX_IRQHandler</a> from startup_stm32f10x_md.o(.text) referenced from startup_stm32f10x_md.o(RESET)
 <LI><a href="#[21]">USB_LP_CAN1_RX0_IRQHandler</a> from startup_stm32f10x_md.o(.text) referenced from startup_stm32f10x_md.o(RESET)
 <LI><a href="#[8]">UsageFault_Handler</a> from sys_st.o(.text) referenced from startup_stm32f10x_md.o(RESET)
 <LI><a href="#[d]">WWDG_IRQHandler</a> from startup_stm32f10x_md.o(.text) referenced from startup_stm32f10x_md.o(RESET)
 <LI><a href="#[3c]">__main</a> from __main.o(!!!main) referenced from startup_stm32f10x_md.o(.text)
</UL>
<P>
<H3>
Global Symbols
</H3>
<P><STRONG><a name="[3c]"></a>__main</STRONG> (Thumb, 8 bytes, Stack size 0 bytes, __main.o(!!!main))
<BR><BR>[Calls]<UL><LI><a href="#[40]">&gt;&gt;</a>&nbsp;&nbsp;&nbsp;__scatterload
<LI><a href="#[41]">&gt;&gt;</a>&nbsp;&nbsp;&nbsp;__rt_entry
</UL>

<P><STRONG><a name="[40]"></a>__scatterload</STRONG> (Thumb, 0 bytes, Stack size unknown bytes, __scatter.o(!!!scatter))
<BR><BR>[Called By]<UL><LI><a href="#[3c]">&gt;&gt;</a>&nbsp;&nbsp;&nbsp;__main
</UL>

<P><STRONG><a name="[42]"></a>__scatterload_rt2</STRONG> (Thumb, 44 bytes, Stack size unknown bytes, __scatter.o(!!!scatter), UNUSED)
<BR><BR>[Calls]<UL><LI><a href="#[41]">&gt;&gt;</a>&nbsp;&nbsp;&nbsp;__rt_entry
</UL>

<P><STRONG><a name="[10a]"></a>__scatterload_rt2_thumb_only</STRONG> (Thumb, 0 bytes, Stack size unknown bytes, __scatter.o(!!!scatter), UNUSED)

<P><STRONG><a name="[10b]"></a>__scatterload_null</STRONG> (Thumb, 0 bytes, Stack size unknown bytes, __scatter.o(!!!scatter), UNUSED)

<P><STRONG><a name="[10c]"></a>__decompress</STRONG> (Thumb, 90 bytes, Stack size unknown bytes, __dczerorl2.o(!!dczerorl2), UNUSED)

<P><STRONG><a name="[10d]"></a>__decompress1</STRONG> (Thumb, 0 bytes, Stack size unknown bytes, __dczerorl2.o(!!dczerorl2), UNUSED)

<P><STRONG><a name="[10e]"></a>__scatterload_zeroinit</STRONG> (Thumb, 28 bytes, Stack size unknown bytes, __scatter_zi.o(!!handler_zi), UNUSED)

<P><STRONG><a name="[46]"></a>__rt_lib_init</STRONG> (Thumb, 0 bytes, Stack size unknown bytes, libinit.o(.ARM.Collect$$libinit$$00000000))
<BR><BR>[Called By]<UL><LI><a href="#[45]">&gt;&gt;</a>&nbsp;&nbsp;&nbsp;__rt_entry_li
</UL>

<P><STRONG><a name="[10f]"></a>__rt_lib_init_alloca_1</STRONG> (Thumb, 0 bytes, Stack size unknown bytes, libinit2.o(.ARM.Collect$$libinit$$0000002E))

<P><STRONG><a name="[110]"></a>__rt_lib_init_argv_1</STRONG> (Thumb, 0 bytes, Stack size unknown bytes, libinit2.o(.ARM.Collect$$libinit$$0000002C))

<P><STRONG><a name="[111]"></a>__rt_lib_init_atexit_1</STRONG> (Thumb, 0 bytes, Stack size unknown bytes, libinit2.o(.ARM.Collect$$libinit$$0000001B))

<P><STRONG><a name="[112]"></a>__rt_lib_init_clock_1</STRONG> (Thumb, 0 bytes, Stack size unknown bytes, libinit2.o(.ARM.Collect$$libinit$$00000021))

<P><STRONG><a name="[113]"></a>__rt_lib_init_cpp_1</STRONG> (Thumb, 0 bytes, Stack size unknown bytes, libinit2.o(.ARM.Collect$$libinit$$00000032))

<P><STRONG><a name="[114]"></a>__rt_lib_init_exceptions_1</STRONG> (Thumb, 0 bytes, Stack size unknown bytes, libinit2.o(.ARM.Collect$$libinit$$00000030))

<P><STRONG><a name="[115]"></a>__rt_lib_init_fp_1</STRONG> (Thumb, 0 bytes, Stack size unknown bytes, libinit2.o(.ARM.Collect$$libinit$$00000002))

<P><STRONG><a name="[116]"></a>__rt_lib_init_fp_trap_1</STRONG> (Thumb, 0 bytes, Stack size unknown bytes, libinit2.o(.ARM.Collect$$libinit$$0000001F))

<P><STRONG><a name="[117]"></a>__rt_lib_init_getenv_1</STRONG> (Thumb, 0 bytes, Stack size unknown bytes, libinit2.o(.ARM.Collect$$libinit$$00000023))

<P><STRONG><a name="[118]"></a>__rt_lib_init_heap_1</STRONG> (Thumb, 0 bytes, Stack size unknown bytes, libinit2.o(.ARM.Collect$$libinit$$0000000A))

<P><STRONG><a name="[119]"></a>__rt_lib_init_lc_collate_1</STRONG> (Thumb, 0 bytes, Stack size unknown bytes, libinit2.o(.ARM.Collect$$libinit$$00000011))

<P><STRONG><a name="[11a]"></a>__rt_lib_init_lc_ctype_1</STRONG> (Thumb, 0 bytes, Stack size unknown bytes, libinit2.o(.ARM.Collect$$libinit$$00000013))

<P><STRONG><a name="[11b]"></a>__rt_lib_init_lc_monetary_1</STRONG> (Thumb, 0 bytes, Stack size unknown bytes, libinit2.o(.ARM.Collect$$libinit$$00000015))

<P><STRONG><a name="[11c]"></a>__rt_lib_init_lc_numeric_1</STRONG> (Thumb, 0 bytes, Stack size unknown bytes, libinit2.o(.ARM.Collect$$libinit$$00000017))

<P><STRONG><a name="[11d]"></a>__rt_lib_init_lc_time_1</STRONG> (Thumb, 0 bytes, Stack size unknown bytes, libinit2.o(.ARM.Collect$$libinit$$00000019))

<P><STRONG><a name="[11e]"></a>__rt_lib_init_preinit_1</STRONG> (Thumb, 0 bytes, Stack size unknown bytes, libinit2.o(.ARM.Collect$$libinit$$00000004))

<P><STRONG><a name="[11f]"></a>__rt_lib_init_rand_1</STRONG> (Thumb, 0 bytes, Stack size unknown bytes, libinit2.o(.ARM.Collect$$libinit$$0000000E))

<P><STRONG><a name="[120]"></a>__rt_lib_init_return</STRONG> (Thumb, 0 bytes, Stack size unknown bytes, libinit2.o(.ARM.Collect$$libinit$$00000033))

<P><STRONG><a name="[121]"></a>__rt_lib_init_signal_1</STRONG> (Thumb, 0 bytes, Stack size unknown bytes, libinit2.o(.ARM.Collect$$libinit$$0000001D))

<P><STRONG><a name="[122]"></a>__rt_lib_init_stdio_1</STRONG> (Thumb, 0 bytes, Stack size unknown bytes, libinit2.o(.ARM.Collect$$libinit$$00000025))

<P><STRONG><a name="[123]"></a>__rt_lib_init_user_alloc_1</STRONG> (Thumb, 0 bytes, Stack size unknown bytes, libinit2.o(.ARM.Collect$$libinit$$0000000C))

<P><STRONG><a name="[4b]"></a>__rt_lib_shutdown</STRONG> (Thumb, 0 bytes, Stack size unknown bytes, libshutdown.o(.ARM.Collect$$libshutdown$$00000000))
<BR><BR>[Called By]<UL><LI><a href="#[4a]">&gt;&gt;</a>&nbsp;&nbsp;&nbsp;__rt_exit_ls
</UL>

<P><STRONG><a name="[124]"></a>__rt_lib_shutdown_cpp_1</STRONG> (Thumb, 0 bytes, Stack size unknown bytes, libshutdown2.o(.ARM.Collect$$libshutdown$$00000002))

<P><STRONG><a name="[125]"></a>__rt_lib_shutdown_fp_trap_1</STRONG> (Thumb, 0 bytes, Stack size unknown bytes, libshutdown2.o(.ARM.Collect$$libshutdown$$00000007))

<P><STRONG><a name="[126]"></a>__rt_lib_shutdown_heap_1</STRONG> (Thumb, 0 bytes, Stack size unknown bytes, libshutdown2.o(.ARM.Collect$$libshutdown$$0000000F))

<P><STRONG><a name="[127]"></a>__rt_lib_shutdown_return</STRONG> (Thumb, 0 bytes, Stack size unknown bytes, libshutdown2.o(.ARM.Collect$$libshutdown$$00000010))

<P><STRONG><a name="[128]"></a>__rt_lib_shutdown_signal_1</STRONG> (Thumb, 0 bytes, Stack size unknown bytes, libshutdown2.o(.ARM.Collect$$libshutdown$$0000000A))

<P><STRONG><a name="[129]"></a>__rt_lib_shutdown_stdio_1</STRONG> (Thumb, 0 bytes, Stack size unknown bytes, libshutdown2.o(.ARM.Collect$$libshutdown$$00000004))

<P><STRONG><a name="[12a]"></a>__rt_lib_shutdown_user_alloc_1</STRONG> (Thumb, 0 bytes, Stack size unknown bytes, libshutdown2.o(.ARM.Collect$$libshutdown$$0000000C))

<P><STRONG><a name="[41]"></a>__rt_entry</STRONG> (Thumb, 0 bytes, Stack size unknown bytes, __rtentry.o(.ARM.Collect$$rtentry$$00000000))
<BR><BR>[Called By]<UL><LI><a href="#[42]">&gt;&gt;</a>&nbsp;&nbsp;&nbsp;__scatterload_rt2
<LI><a href="#[3c]">&gt;&gt;</a>&nbsp;&nbsp;&nbsp;__main
</UL>

<P><STRONG><a name="[12b]"></a>__rt_entry_presh_1</STRONG> (Thumb, 0 bytes, Stack size unknown bytes, __rtentry2.o(.ARM.Collect$$rtentry$$00000002))

<P><STRONG><a name="[43]"></a>__rt_entry_sh</STRONG> (Thumb, 0 bytes, Stack size unknown bytes, __rtentry4.o(.ARM.Collect$$rtentry$$00000004))
<BR><BR>[Stack]<UL><LI>Max Depth = 8 + Unknown Stack Size
<LI>Call Chain = __rt_entry_sh &rArr; __user_setup_stackheap
</UL>
<BR>[Calls]<UL><LI><a href="#[44]">&gt;&gt;</a>&nbsp;&nbsp;&nbsp;__user_setup_stackheap
</UL>

<P><STRONG><a name="[45]"></a>__rt_entry_li</STRONG> (Thumb, 0 bytes, Stack size unknown bytes, __rtentry2.o(.ARM.Collect$$rtentry$$0000000A))
<BR><BR>[Calls]<UL><LI><a href="#[46]">&gt;&gt;</a>&nbsp;&nbsp;&nbsp;__rt_lib_init
</UL>

<P><STRONG><a name="[12c]"></a>__rt_entry_postsh_1</STRONG> (Thumb, 0 bytes, Stack size unknown bytes, __rtentry2.o(.ARM.Collect$$rtentry$$00000009))

<P><STRONG><a name="[47]"></a>__rt_entry_main</STRONG> (Thumb, 0 bytes, Stack size unknown bytes, __rtentry2.o(.ARM.Collect$$rtentry$$0000000D))
<BR><BR>[Stack]<UL><LI>Max Depth = 48 + Unknown Stack Size
<LI>Call Chain = __rt_entry_main &rArr; main &rArr; LcdInit &rArr; Lcd12864_Init &rArr; Lcd12864_Send &rArr; Lcd12864Strob &rArr; Pause
</UL>
<BR>[Calls]<UL><LI><a href="#[49]">&gt;&gt;</a>&nbsp;&nbsp;&nbsp;exit
<LI><a href="#[48]">&gt;&gt;</a>&nbsp;&nbsp;&nbsp;main
</UL>

<P><STRONG><a name="[12d]"></a>__rt_entry_postli_1</STRONG> (Thumb, 0 bytes, Stack size unknown bytes, __rtentry2.o(.ARM.Collect$$rtentry$$0000000C))

<P><STRONG><a name="[109]"></a>__rt_exit</STRONG> (Thumb, 0 bytes, Stack size unknown bytes, rtexit.o(.ARM.Collect$$rtexit$$00000000))
<BR><BR>[Called By]<UL><LI><a href="#[49]">&gt;&gt;</a>&nbsp;&nbsp;&nbsp;exit
</UL>

<P><STRONG><a name="[4a]"></a>__rt_exit_ls</STRONG> (Thumb, 0 bytes, Stack size unknown bytes, rtexit2.o(.ARM.Collect$$rtexit$$00000003))
<BR><BR>[Calls]<UL><LI><a href="#[4b]">&gt;&gt;</a>&nbsp;&nbsp;&nbsp;__rt_lib_shutdown
</UL>

<P><STRONG><a name="[12e]"></a>__rt_exit_prels_1</STRONG> (Thumb, 0 bytes, Stack size unknown bytes, rtexit2.o(.ARM.Collect$$rtexit$$00000002))

<P><STRONG><a name="[4c]"></a>__rt_exit_exit</STRONG> (Thumb, 0 bytes, Stack size unknown bytes, rtexit2.o(.ARM.Collect$$rtexit$$00000004))
<BR><BR>[Calls]<UL><LI><a href="#[4d]">&gt;&gt;</a>&nbsp;&nbsp;&nbsp;_sys_exit
</UL>

<P><STRONG><a name="[5]"></a>HardFault_Handler</STRONG> (Thumb, 18 bytes, Stack size 0 bytes, sys_st.o(.emb_text))
<BR><BR>[Stack]<UL><LI>Max Depth = 80<LI>Call Chain = HardFault_Handler &rArr; HardFault_Handler_2 &rArr; LcdUpdateAll &rArr; Lcd12864_UpdateAll &rArr; Lcd12864_Update &rArr; Lcd12864_Send &rArr; Lcd12864Strob &rArr; Pause
</UL>
<BR>[Calls]<UL><LI><a href="#[3d]">&gt;&gt;</a>&nbsp;&nbsp;&nbsp;HardFault_Handler_2
</UL>
<BR>[Address Reference Count : 1]<UL><LI> startup_stm32f10x_md.o(RESET)
</UL>
<P><STRONG><a name="[3]"></a>Reset_Handler</STRONG> (Thumb, 4 bytes, Stack size 0 bytes, startup_stm32f10x_md.o(.text))
<BR>[Address Reference Count : 1]<UL><LI> startup_stm32f10x_md.o(RESET)
</UL>
<P><STRONG><a name="[a]"></a>DebugMon_Handler</STRONG> (Thumb, 2 bytes, Stack size 0 bytes, startup_stm32f10x_md.o(.text))
<BR><BR>[Calls]<UL><LI><a href="#[a]">&gt;&gt;</a>&nbsp;&nbsp;&nbsp;DebugMon_Handler
</UL>
<BR>[Called By]<UL><LI><a href="#[a]">&gt;&gt;</a>&nbsp;&nbsp;&nbsp;DebugMon_Handler
</UL>
<BR>[Address Reference Count : 1]<UL><LI> startup_stm32f10x_md.o(RESET)
</UL>
<P><STRONG><a name="[b]"></a>PendSV_Handler</STRONG> (Thumb, 2 bytes, Stack size 0 bytes, startup_stm32f10x_md.o(.text))
<BR><BR>[Calls]<UL><LI><a href="#[b]">&gt;&gt;</a>&nbsp;&nbsp;&nbsp;PendSV_Handler
</UL>
<BR>[Called By]<UL><LI><a href="#[b]">&gt;&gt;</a>&nbsp;&nbsp;&nbsp;PendSV_Handler
</UL>
<BR>[Address Reference Count : 1]<UL><LI> startup_stm32f10x_md.o(RESET)
</UL>
<P><STRONG><a name="[1f]"></a>ADC1_2_IRQHandler</STRONG> (Thumb, 0 bytes, Stack size 0 bytes, startup_stm32f10x_md.o(.text))
<BR><BR>[Calls]<UL><LI><a href="#[1f]">&gt;&gt;</a>&nbsp;&nbsp;&nbsp;ADC1_2_IRQHandler
</UL>
<BR>[Called By]<UL><LI><a href="#[1f]">&gt;&gt;</a>&nbsp;&nbsp;&nbsp;ADC1_2_IRQHandler
</UL>
<BR>[Address Reference Count : 1]<UL><LI> startup_stm32f10x_md.o(RESET)
</UL>
<P><STRONG><a name="[22]"></a>CAN1_RX1_IRQHandler</STRONG> (Thumb, 0 bytes, Stack size 0 bytes, startup_stm32f10x_md.o(.text))
<BR>[Address Reference Count : 1]<UL><LI> startup_stm32f10x_md.o(RESET)
</UL>
<P><STRONG><a name="[23]"></a>CAN1_SCE_IRQHandler</STRONG> (Thumb, 0 bytes, Stack size 0 bytes, startup_stm32f10x_md.o(.text))
<BR>[Address Reference Count : 1]<UL><LI> startup_stm32f10x_md.o(RESET)
</UL>
<P><STRONG><a name="[18]"></a>DMA1_Channel1_IRQHandler</STRONG> (Thumb, 0 bytes, Stack size 0 bytes, startup_stm32f10x_md.o(.text))
<BR>[Address Reference Count : 1]<UL><LI> startup_stm32f10x_md.o(RESET)
</UL>
<P><STRONG><a name="[19]"></a>DMA1_Channel2_IRQHandler</STRONG> (Thumb, 0 bytes, Stack size 0 bytes, startup_stm32f10x_md.o(.text))
<BR>[Address Reference Count : 1]<UL><LI> startup_stm32f10x_md.o(RESET)
</UL>
<P><STRONG><a name="[1a]"></a>DMA1_Channel3_IRQHandler</STRONG> (Thumb, 0 bytes, Stack size 0 bytes, startup_stm32f10x_md.o(.text))
<BR>[Address Reference Count : 1]<UL><LI> startup_stm32f10x_md.o(RESET)
</UL>
<P><STRONG><a name="[1c]"></a>DMA1_Channel5_IRQHandler</STRONG> (Thumb, 0 bytes, Stack size 0 bytes, startup_stm32f10x_md.o(.text))
<BR>[Address Reference Count : 1]<UL><LI> startup_stm32f10x_md.o(RESET)
</UL>
<P><STRONG><a name="[1d]"></a>DMA1_Channel6_IRQHandler</STRONG> (Thumb, 0 bytes, Stack size 0 bytes, startup_stm32f10x_md.o(.text))
<BR>[Address Reference Count : 1]<UL><LI> startup_stm32f10x_md.o(RESET)
</UL>
<P><STRONG><a name="[1e]"></a>DMA1_Channel7_IRQHandler</STRONG> (Thumb, 0 bytes, Stack size 0 bytes, startup_stm32f10x_md.o(.text))
<BR>[Address Reference Count : 1]<UL><LI> startup_stm32f10x_md.o(RESET)
</UL>
<P><STRONG><a name="[13]"></a>EXTI0_IRQHandler</STRONG> (Thumb, 0 bytes, Stack size 0 bytes, startup_stm32f10x_md.o(.text))
<BR>[Address Reference Count : 1]<UL><LI> startup_stm32f10x_md.o(RESET)
</UL>
<P><STRONG><a name="[35]"></a>EXTI15_10_IRQHandler</STRONG> (Thumb, 0 bytes, Stack size 0 bytes, startup_stm32f10x_md.o(.text))
<BR>[Address Reference Count : 1]<UL><LI> startup_stm32f10x_md.o(RESET)
</UL>
<P><STRONG><a name="[14]"></a>EXTI1_IRQHandler</STRONG> (Thumb, 0 bytes, Stack size 0 bytes, startup_stm32f10x_md.o(.text))
<BR>[Address Reference Count : 1]<UL><LI> startup_stm32f10x_md.o(RESET)
</UL>
<P><STRONG><a name="[15]"></a>EXTI2_IRQHandler</STRONG> (Thumb, 0 bytes, Stack size 0 bytes, startup_stm32f10x_md.o(.text))
<BR>[Address Reference Count : 1]<UL><LI> startup_stm32f10x_md.o(RESET)
</UL>
<P><STRONG><a name="[16]"></a>EXTI3_IRQHandler</STRONG> (Thumb, 0 bytes, Stack size 0 bytes, startup_stm32f10x_md.o(.text))
<BR>[Address Reference Count : 1]<UL><LI> startup_stm32f10x_md.o(RESET)
</UL>
<P><STRONG><a name="[17]"></a>EXTI4_IRQHandler</STRONG> (Thumb, 0 bytes, Stack size 0 bytes, startup_stm32f10x_md.o(.text))
<BR>[Address Reference Count : 1]<UL><LI> startup_stm32f10x_md.o(RESET)
</UL>
<P><STRONG><a name="[24]"></a>EXTI9_5_IRQHandler</STRONG> (Thumb, 0 bytes, Stack size 0 bytes, startup_stm32f10x_md.o(.text))
<BR>[Address Reference Count : 1]<UL><LI> startup_stm32f10x_md.o(RESET)
</UL>
<P><STRONG><a name="[11]"></a>FLASH_IRQHandler</STRONG> (Thumb, 0 bytes, Stack size 0 bytes, startup_stm32f10x_md.o(.text))
<BR>[Address Reference Count : 1]<UL><LI> startup_stm32f10x_md.o(RESET)
</UL>
<P><STRONG><a name="[2d]"></a>I2C1_ER_IRQHandler</STRONG> (Thumb, 0 bytes, Stack size 0 bytes, startup_stm32f10x_md.o(.text))
<BR>[Address Reference Count : 1]<UL><LI> startup_stm32f10x_md.o(RESET)
</UL>
<P><STRONG><a name="[2c]"></a>I2C1_EV_IRQHandler</STRONG> (Thumb, 0 bytes, Stack size 0 bytes, startup_stm32f10x_md.o(.text))
<BR>[Address Reference Count : 1]<UL><LI> startup_stm32f10x_md.o(RESET)
</UL>
<P><STRONG><a name="[2f]"></a>I2C2_ER_IRQHandler</STRONG> (Thumb, 0 bytes, Stack size 0 bytes, startup_stm32f10x_md.o(.text))
<BR>[Address Reference Count : 1]<UL><LI> startup_stm32f10x_md.o(RESET)
</UL>
<P><STRONG><a name="[2e]"></a>I2C2_EV_IRQHandler</STRONG> (Thumb, 0 bytes, Stack size 0 bytes, startup_stm32f10x_md.o(.text))
<BR>[Address Reference Count : 1]<UL><LI> startup_stm32f10x_md.o(RESET)
</UL>
<P><STRONG><a name="[e]"></a>PVD_IRQHandler</STRONG> (Thumb, 0 bytes, Stack size 0 bytes, startup_stm32f10x_md.o(.text))
<BR>[Address Reference Count : 1]<UL><LI> startup_stm32f10x_md.o(RESET)
</UL>
<P><STRONG><a name="[12]"></a>RCC_IRQHandler</STRONG> (Thumb, 0 bytes, Stack size 0 bytes, startup_stm32f10x_md.o(.text))
<BR>[Address Reference Count : 1]<UL><LI> startup_stm32f10x_md.o(RESET)
</UL>
<P><STRONG><a name="[36]"></a>RTCAlarm_IRQHandler</STRONG> (Thumb, 0 bytes, Stack size 0 bytes, startup_stm32f10x_md.o(.text))
<BR>[Address Reference Count : 1]<UL><LI> startup_stm32f10x_md.o(RESET)
</UL>
<P><STRONG><a name="[30]"></a>SPI1_IRQHandler</STRONG> (Thumb, 0 bytes, Stack size 0 bytes, startup_stm32f10x_md.o(.text))
<BR>[Address Reference Count : 1]<UL><LI> startup_stm32f10x_md.o(RESET)
</UL>
<P><STRONG><a name="[f]"></a>TAMPER_IRQHandler</STRONG> (Thumb, 0 bytes, Stack size 0 bytes, startup_stm32f10x_md.o(.text))
<BR>[Address Reference Count : 1]<UL><LI> startup_stm32f10x_md.o(RESET)
</UL>
<P><STRONG><a name="[25]"></a>TIM1_BRK_IRQHandler</STRONG> (Thumb, 0 bytes, Stack size 0 bytes, startup_stm32f10x_md.o(.text))
<BR>[Address Reference Count : 1]<UL><LI> startup_stm32f10x_md.o(RESET)
</UL>
<P><STRONG><a name="[28]"></a>TIM1_CC_IRQHandler</STRONG> (Thumb, 0 bytes, Stack size 0 bytes, startup_stm32f10x_md.o(.text))
<BR>[Address Reference Count : 1]<UL><LI> startup_stm32f10x_md.o(RESET)
</UL>
<P><STRONG><a name="[27]"></a>TIM1_TRG_COM_IRQHandler</STRONG> (Thumb, 0 bytes, Stack size 0 bytes, startup_stm32f10x_md.o(.text))
<BR>[Address Reference Count : 1]<UL><LI> startup_stm32f10x_md.o(RESET)
</UL>
<P><STRONG><a name="[26]"></a>TIM1_UP_IRQHandler</STRONG> (Thumb, 0 bytes, Stack size 0 bytes, startup_stm32f10x_md.o(.text))
<BR>[Address Reference Count : 1]<UL><LI> startup_stm32f10x_md.o(RESET)
</UL>
<P><STRONG><a name="[29]"></a>TIM2_IRQHandler</STRONG> (Thumb, 0 bytes, Stack size 0 bytes, startup_stm32f10x_md.o(.text))
<BR>[Address Reference Count : 1]<UL><LI> startup_stm32f10x_md.o(RESET)
</UL>
<P><STRONG><a name="[2a]"></a>TIM3_IRQHandler</STRONG> (Thumb, 0 bytes, Stack size 0 bytes, startup_stm32f10x_md.o(.text))
<BR>[Address Reference Count : 1]<UL><LI> startup_stm32f10x_md.o(RESET)
</UL>
<P><STRONG><a name="[2b]"></a>TIM4_IRQHandler</STRONG> (Thumb, 0 bytes, Stack size 0 bytes, startup_stm32f10x_md.o(.text))
<BR>[Address Reference Count : 1]<UL><LI> startup_stm32f10x_md.o(RESET)
</UL>
<P><STRONG><a name="[33]"></a>USART2_IRQHandler</STRONG> (Thumb, 0 bytes, Stack size 0 bytes, startup_stm32f10x_md.o(.text))
<BR>[Address Reference Count : 1]<UL><LI> startup_stm32f10x_md.o(RESET)
</UL>
<P><STRONG><a name="[34]"></a>USART3_IRQHandler</STRONG> (Thumb, 0 bytes, Stack size 0 bytes, startup_stm32f10x_md.o(.text))
<BR>[Address Reference Count : 1]<UL><LI> startup_stm32f10x_md.o(RESET)
</UL>
<P><STRONG><a name="[37]"></a>USBWakeUp_IRQHandler</STRONG> (Thumb, 0 bytes, Stack size 0 bytes, startup_stm32f10x_md.o(.text))
<BR>[Address Reference Count : 1]<UL><LI> startup_stm32f10x_md.o(RESET)
</UL>
<P><STRONG><a name="[20]"></a>USB_HP_CAN1_TX_IRQHandler</STRONG> (Thumb, 0 bytes, Stack size 0 bytes, startup_stm32f10x_md.o(.text))
<BR>[Address Reference Count : 1]<UL><LI> startup_stm32f10x_md.o(RESET)
</UL>
<P><STRONG><a name="[21]"></a>USB_LP_CAN1_RX0_IRQHandler</STRONG> (Thumb, 0 bytes, Stack size 0 bytes, startup_stm32f10x_md.o(.text))
<BR>[Address Reference Count : 1]<UL><LI> startup_stm32f10x_md.o(RESET)
</UL>
<P><STRONG><a name="[d]"></a>WWDG_IRQHandler</STRONG> (Thumb, 0 bytes, Stack size 0 bytes, startup_stm32f10x_md.o(.text))
<BR>[Address Reference Count : 1]<UL><LI> startup_stm32f10x_md.o(RESET)
</UL>
<P><STRONG><a name="[108]"></a>__user_initial_stackheap</STRONG> (Thumb, 0 bytes, Stack size unknown bytes, startup_stm32f10x_md.o(.text))
<BR><BR>[Called By]<UL><LI><a href="#[44]">&gt;&gt;</a>&nbsp;&nbsp;&nbsp;__user_setup_stackheap
</UL>

<P><STRONG><a name="[4e]"></a>IdleTask</STRONG> (Thumb, 2 bytes, Stack size 0 bytes, scheduler.o(.text))
<BR><BR>[Called By]<UL><LI><a href="#[4f]">&gt;&gt;</a>&nbsp;&nbsp;&nbsp;Scheduler
</UL>
<BR>[Address Reference Count : 1]<UL><LI> scheduler.o(.text)
</UL>
<P><STRONG><a name="[4f]"></a>Scheduler</STRONG> (Thumb, 92 bytes, Stack size 16 bytes, scheduler.o(.text))
<BR><BR>[Stack]<UL><LI>Max Depth = 16<LI>Call Chain = Scheduler
</UL>
<BR>[Calls]<UL><LI><a href="#[4e]">&gt;&gt;</a>&nbsp;&nbsp;&nbsp;IdleTask
</UL>
<BR>[Called By]<UL><LI><a href="#[48]">&gt;&gt;</a>&nbsp;&nbsp;&nbsp;main
</UL>

<P><STRONG><a name="[51]"></a>Scheduler_SetTask</STRONG> (Thumb, 44 bytes, Stack size 0 bytes, scheduler.o(.text))
<BR><BR>[Called By]<UL><LI><a href="#[50]">&gt;&gt;</a>&nbsp;&nbsp;&nbsp;Scheduler_TimerService
<LI><a href="#[48]">&gt;&gt;</a>&nbsp;&nbsp;&nbsp;main
<LI><a href="#[fb]">&gt;&gt;</a>&nbsp;&nbsp;&nbsp;Task_Begin
<LI><a href="#[f8]">&gt;&gt;</a>&nbsp;&nbsp;&nbsp;Task_GetControl
<LI><a href="#[f7]">&gt;&gt;</a>&nbsp;&nbsp;&nbsp;Task_KeyControl
<LI><a href="#[ec]">&gt;&gt;</a>&nbsp;&nbsp;&nbsp;Task_PollingRS485
<LI><a href="#[de]">&gt;&gt;</a>&nbsp;&nbsp;&nbsp;Task_LcdUpdate
<LI><a href="#[dd]">&gt;&gt;</a>&nbsp;&nbsp;&nbsp;Task_FaultsGet
<LI><a href="#[dc]">&gt;&gt;</a>&nbsp;&nbsp;&nbsp;Task_PriorityGet
</UL>

<P><STRONG><a name="[50]"></a>Scheduler_TimerService</STRONG> (Thumb, 96 bytes, Stack size 8 bytes, scheduler.o(.text))
<BR><BR>[Stack]<UL><LI>Max Depth = 8<LI>Call Chain = Scheduler_TimerService
</UL>
<BR>[Calls]<UL><LI><a href="#[51]">&gt;&gt;</a>&nbsp;&nbsp;&nbsp;Scheduler_SetTask
</UL>
<BR>[Called By]<UL><LI><a href="#[c]">&gt;&gt;</a>&nbsp;&nbsp;&nbsp;SysTick_Handler
</UL>

<P><STRONG><a name="[12f]"></a>Scheduler_GetTickCount</STRONG> (Thumb, 6 bytes, Stack size 0 bytes, scheduler.o(.text), UNUSED)

<P><STRONG><a name="[fa]"></a>Scheduler_SetTimerTask</STRONG> (Thumb, 84 bytes, Stack size 12 bytes, scheduler.o(.text))
<BR><BR>[Stack]<UL><LI>Max Depth = 12<LI>Call Chain = Scheduler_SetTimerTask
</UL>
<BR>[Called By]<UL><LI><a href="#[f8]">&gt;&gt;</a>&nbsp;&nbsp;&nbsp;Task_GetControl
</UL>

<P><STRONG><a name="[103]"></a>Scheduler_Init</STRONG> (Thumb, 38 bytes, Stack size 0 bytes, scheduler.o(.text))
<BR><BR>[Called By]<UL><LI><a href="#[48]">&gt;&gt;</a>&nbsp;&nbsp;&nbsp;main
</UL>

<P><STRONG><a name="[52]"></a>Scheduler_Start</STRONG> (Thumb, 8 bytes, Stack size 8 bytes, scheduler.o(.text), UNUSED)
<BR><BR>[Calls]<UL><LI><a href="#[53]">&gt;&gt;</a>&nbsp;&nbsp;&nbsp;SysTickInit
</UL>

<P><STRONG><a name="[8b]"></a>Get_Crc16</STRONG> (Thumb, 56 bytes, Stack size 8 bytes, crc16.o(.text))
<BR><BR>[Stack]<UL><LI>Max Depth = 8<LI>Call Chain = Get_Crc16
</UL>
<BR>[Called By]<UL><LI><a href="#[39]">&gt;&gt;</a>&nbsp;&nbsp;&nbsp;RS485_RxPacket
<LI><a href="#[8a]">&gt;&gt;</a>&nbsp;&nbsp;&nbsp;RS485_PackCrcCalc
</UL>

<P><STRONG><a name="[ff]"></a>GpioInit</STRONG> (Thumb, 48 bytes, Stack size 0 bytes, gpio_st.o(.text))
<BR><BR>[Called By]<UL><LI><a href="#[48]">&gt;&gt;</a>&nbsp;&nbsp;&nbsp;main
</UL>

<P><STRONG><a name="[f9]"></a>GpioCheck</STRONG> (Thumb, 172 bytes, Stack size 0 bytes, gpio_st.o(.text))
<BR><BR>[Called By]<UL><LI><a href="#[fb]">&gt;&gt;</a>&nbsp;&nbsp;&nbsp;Task_Begin
<LI><a href="#[f8]">&gt;&gt;</a>&nbsp;&nbsp;&nbsp;Task_GetControl
</UL>

<P><STRONG><a name="[97]"></a>KeyGetState</STRONG> (Thumb, 66 bytes, Stack size 0 bytes, gpio_st.o(.text))
<BR><BR>[Called By]<UL><LI><a href="#[91]">&gt;&gt;</a>&nbsp;&nbsp;&nbsp;RS485_TxDataToMB
<LI><a href="#[f7]">&gt;&gt;</a>&nbsp;&nbsp;&nbsp;Task_KeyControl
<LI><a href="#[df]">&gt;&gt;</a>&nbsp;&nbsp;&nbsp;Task_LedUpdate
</UL>

<P><STRONG><a name="[130]"></a>MicGetStateIs</STRONG> (Thumb, 88 bytes, Stack size 0 bytes, gpio_st.o(.text), UNUSED)

<P><STRONG><a name="[78]"></a>MicState</STRONG> (Thumb, 8 bytes, Stack size 0 bytes, gpio_st.o(.text))
<BR><BR>[Called By]<UL><LI><a href="#[c0]">&gt;&gt;</a>&nbsp;&nbsp;&nbsp;Print_MicState
<LI><a href="#[91]">&gt;&gt;</a>&nbsp;&nbsp;&nbsp;RS485_TxDataToMB
<LI><a href="#[77]">&gt;&gt;</a>&nbsp;&nbsp;&nbsp;Faults_Loop
<LI><a href="#[f6]">&gt;&gt;</a>&nbsp;&nbsp;&nbsp;Task_LockModeUnit
<LI><a href="#[f0]">&gt;&gt;</a>&nbsp;&nbsp;&nbsp;Task_ControlModeUnit
<LI><a href="#[dc]">&gt;&gt;</a>&nbsp;&nbsp;&nbsp;Task_PriorityGet
</UL>

<P><STRONG><a name="[59]"></a>Lcd12864_Send</STRONG> (Thumb, 58 bytes, Stack size 16 bytes, lcd12864.o(.text))
<BR><BR>[Stack]<UL><LI>Max Depth = 32<LI>Call Chain = Lcd12864_Send &rArr; Lcd12864Strob &rArr; Pause
</UL>
<BR>[Calls]<UL><LI><a href="#[54]">&gt;&gt;</a>&nbsp;&nbsp;&nbsp;Lcd12864Strob
<LI><a href="#[55]">&gt;&gt;</a>&nbsp;&nbsp;&nbsp;Pause
</UL>
<BR>[Called By]<UL><LI><a href="#[a6]">&gt;&gt;</a>&nbsp;&nbsp;&nbsp;LcdImage
<LI><a href="#[5c]">&gt;&gt;</a>&nbsp;&nbsp;&nbsp;Lcd12864_Update
<LI><a href="#[5a]">&gt;&gt;</a>&nbsp;&nbsp;&nbsp;Lcd12864_Init
</UL>

<P><STRONG><a name="[9b]"></a>Lcd12864_BackLight</STRONG> (Thumb, 26 bytes, Stack size 0 bytes, lcd12864.o(.text))
<BR><BR>[Called By]<UL><LI><a href="#[9a]">&gt;&gt;</a>&nbsp;&nbsp;&nbsp;LcdBackLight
</UL>

<P><STRONG><a name="[5a]"></a>Lcd12864_Init</STRONG> (Thumb, 96 bytes, Stack size 8 bytes, lcd12864.o(.text))
<BR><BR>[Stack]<UL><LI>Max Depth = 40<LI>Call Chain = Lcd12864_Init &rArr; Lcd12864_Send &rArr; Lcd12864Strob &rArr; Pause
</UL>
<BR>[Calls]<UL><LI><a href="#[59]">&gt;&gt;</a>&nbsp;&nbsp;&nbsp;Lcd12864_Send
<LI><a href="#[56]">&gt;&gt;</a>&nbsp;&nbsp;&nbsp;Lcd12864ReadStatusReg
<LI><a href="#[5b]">&gt;&gt;</a>&nbsp;&nbsp;&nbsp;Lcd12864GpioInit
</UL>
<BR>[Called By]<UL><LI><a href="#[98]">&gt;&gt;</a>&nbsp;&nbsp;&nbsp;LcdInit
</UL>

<P><STRONG><a name="[99]"></a>Lcd12864_VideoBuf</STRONG> (Thumb, 4 bytes, Stack size 0 bytes, lcd12864.o(.text))
<BR><BR>[Called By]<UL><LI><a href="#[98]">&gt;&gt;</a>&nbsp;&nbsp;&nbsp;LcdInit
</UL>

<P><STRONG><a name="[5c]"></a>Lcd12864_Update</STRONG> (Thumb, 244 bytes, Stack size 8 bytes, lcd12864.o(.text))
<BR><BR>[Stack]<UL><LI>Max Depth = 40<LI>Call Chain = Lcd12864_Update &rArr; Lcd12864_Send &rArr; Lcd12864Strob &rArr; Pause
</UL>
<BR>[Calls]<UL><LI><a href="#[59]">&gt;&gt;</a>&nbsp;&nbsp;&nbsp;Lcd12864_Send
</UL>
<BR>[Called By]<UL><LI><a href="#[6a]">&gt;&gt;</a>&nbsp;&nbsp;&nbsp;LcdUpdate
<LI><a href="#[5d]">&gt;&gt;</a>&nbsp;&nbsp;&nbsp;Lcd12864_UpdateAll
</UL>

<P><STRONG><a name="[5d]"></a>Lcd12864_UpdateAll</STRONG> (Thumb, 14 bytes, Stack size 8 bytes, lcd12864.o(.text))
<BR><BR>[Stack]<UL><LI>Max Depth = 48<LI>Call Chain = Lcd12864_UpdateAll &rArr; Lcd12864_Update &rArr; Lcd12864_Send &rArr; Lcd12864Strob &rArr; Pause
</UL>
<BR>[Calls]<UL><LI><a href="#[5c]">&gt;&gt;</a>&nbsp;&nbsp;&nbsp;Lcd12864_Update
</UL>
<BR>[Called By]<UL><LI><a href="#[6c]">&gt;&gt;</a>&nbsp;&nbsp;&nbsp;LcdUpdateAll
</UL>

<P><STRONG><a name="[131]"></a>RtcInit</STRONG> (Thumb, 210 bytes, Stack size 0 bytes, rtc_st.o(.text), UNUSED)

<P><STRONG><a name="[132]"></a>GetCounterRTC</STRONG> (Thumb, 18 bytes, Stack size 0 bytes, rtc_st.o(.text), UNUSED)

<P><STRONG><a name="[133]"></a>SetCounterRTC</STRONG> (Thumb, 38 bytes, Stack size 0 bytes, rtc_st.o(.text), UNUSED)

<P><STRONG><a name="[10]"></a>RTC_IRQHandler</STRONG> (Thumb, 68 bytes, Stack size 0 bytes, rtc_st.o(.text))
<BR>[Address Reference Count : 1]<UL><LI> startup_stm32f10x_md.o(RESET)
</UL>
<P><STRONG><a name="[62]"></a>Sm1628SendLed</STRONG> (Thumb, 64 bytes, Stack size 16 bytes, sm1628.o(.text))
<BR><BR>[Stack]<UL><LI>Max Depth = 40<LI>Call Chain = Sm1628SendLed &rArr; Sm1628SendCmd &rArr; Sm1628SendByte &rArr; Spi2TxData
</UL>
<BR>[Calls]<UL><LI><a href="#[60]">&gt;&gt;</a>&nbsp;&nbsp;&nbsp;Sm1628SendCmd
<LI><a href="#[5e]">&gt;&gt;</a>&nbsp;&nbsp;&nbsp;Sm1628SendByte
</UL>
<BR>[Called By]<UL><LI><a href="#[7d]">&gt;&gt;</a>&nbsp;&nbsp;&nbsp;LedUpdate
</UL>

<P><STRONG><a name="[66]"></a>Sm1628ReadButton</STRONG> (Thumb, 206 bytes, Stack size 8 bytes, sm1628.o(.text))
<BR><BR>[Stack]<UL><LI>Max Depth = 40<LI>Call Chain = Sm1628ReadButton &rArr; Sm1628ReadData &rArr; Sm1628SendByte &rArr; Spi2TxData
</UL>
<BR>[Calls]<UL><LI><a href="#[63]">&gt;&gt;</a>&nbsp;&nbsp;&nbsp;Sm1628ReadData
</UL>
<BR>[Called By]<UL><LI><a href="#[73]">&gt;&gt;</a>&nbsp;&nbsp;&nbsp;Button_CheckLoop
</UL>

<P><STRONG><a name="[72]"></a>SM1628Buttons</STRONG> (Thumb, 4 bytes, Stack size 0 bytes, sm1628.o(.text))
<BR><BR>[Called By]<UL><LI><a href="#[71]">&gt;&gt;</a>&nbsp;&nbsp;&nbsp;ButtonSorting
</UL>

<P><STRONG><a name="[100]"></a>Spi2Init</STRONG> (Thumb, 110 bytes, Stack size 0 bytes, spi_st.o(.text))
<BR><BR>[Called By]<UL><LI><a href="#[48]">&gt;&gt;</a>&nbsp;&nbsp;&nbsp;main
</UL>

<P><STRONG><a name="[64]"></a>Spi2BiDirMode</STRONG> (Thumb, 54 bytes, Stack size 0 bytes, spi_st.o(.text))
<BR><BR>[Called By]<UL><LI><a href="#[63]">&gt;&gt;</a>&nbsp;&nbsp;&nbsp;Sm1628ReadData
</UL>

<P><STRONG><a name="[5f]"></a>Spi2TxData</STRONG> (Thumb, 80 bytes, Stack size 8 bytes, spi_st.o(.text))
<BR><BR>[Stack]<UL><LI>Max Depth = 8<LI>Call Chain = Spi2TxData
</UL>
<BR>[Called By]<UL><LI><a href="#[5e]">&gt;&gt;</a>&nbsp;&nbsp;&nbsp;Sm1628SendByte
</UL>

<P><STRONG><a name="[65]"></a>Spi2RxData</STRONG> (Thumb, 90 bytes, Stack size 8 bytes, spi_st.o(.text))
<BR><BR>[Stack]<UL><LI>Max Depth = 8<LI>Call Chain = Spi2RxData
</UL>
<BR>[Called By]<UL><LI><a href="#[63]">&gt;&gt;</a>&nbsp;&nbsp;&nbsp;Sm1628ReadData
</UL>

<P><STRONG><a name="[31]"></a>SPI2_IRQHandler</STRONG> (Thumb, 26 bytes, Stack size 0 bytes, spi_st.o(.text))
<BR>[Address Reference Count : 1]<UL><LI> startup_stm32f10x_md.o(RESET)
</UL>
<P><STRONG><a name="[3e]"></a>InitRCC</STRONG> (Thumb, 194 bytes, Stack size 0 bytes, sys_st.o(.text))
<BR><BR>[Called By]<UL><LI><a href="#[3f]">&gt;&gt;</a>&nbsp;&nbsp;&nbsp;SysInit
</UL>

<P><STRONG><a name="[3f]"></a>SysInit</STRONG> (Thumb, 80 bytes, Stack size 4 bytes, sys_st.o(.text))
<BR><BR>[Stack]<UL><LI>Max Depth = 4<LI>Call Chain = SysInit
</UL>
<BR>[Calls]<UL><LI><a href="#[3e]">&gt;&gt;</a>&nbsp;&nbsp;&nbsp;InitRCC
</UL>
<BR>[Called By]<UL><LI><a href="#[48]">&gt;&gt;</a>&nbsp;&nbsp;&nbsp;main
</UL>

<P><STRONG><a name="[4]"></a>NMI_Handler</STRONG> (Thumb, 26 bytes, Stack size 8 bytes, sys_st.o(.text))
<BR><BR>[Stack]<UL><LI>Max Depth = 56<LI>Call Chain = NMI_Handler &rArr; LcdUpdate &rArr; Lcd12864_Update &rArr; Lcd12864_Send &rArr; Lcd12864Strob &rArr; Pause
</UL>
<BR>[Calls]<UL><LI><a href="#[6a]">&gt;&gt;</a>&nbsp;&nbsp;&nbsp;LcdUpdate
<LI><a href="#[69]">&gt;&gt;</a>&nbsp;&nbsp;&nbsp;LcdSetCursor
<LI><a href="#[68]">&gt;&gt;</a>&nbsp;&nbsp;&nbsp;LcdOutStr
<LI><a href="#[67]">&gt;&gt;</a>&nbsp;&nbsp;&nbsp;LcdClear
</UL>
<BR>[Address Reference Count : 1]<UL><LI> startup_stm32f10x_md.o(RESET)
</UL>
<P><STRONG><a name="[3d]"></a>HardFault_Handler_2</STRONG> (Thumb, 120 bytes, Stack size 24 bytes, sys_st.o(.text))
<BR><BR>[Stack]<UL><LI>Max Depth = 80<LI>Call Chain = HardFault_Handler_2 &rArr; LcdUpdateAll &rArr; Lcd12864_UpdateAll &rArr; Lcd12864_Update &rArr; Lcd12864_Send &rArr; Lcd12864Strob &rArr; Pause
</UL>
<BR>[Calls]<UL><LI><a href="#[6c]">&gt;&gt;</a>&nbsp;&nbsp;&nbsp;LcdUpdateAll
<LI><a href="#[69]">&gt;&gt;</a>&nbsp;&nbsp;&nbsp;LcdSetCursor
<LI><a href="#[6b]">&gt;&gt;</a>&nbsp;&nbsp;&nbsp;LcdPrintHEX
<LI><a href="#[68]">&gt;&gt;</a>&nbsp;&nbsp;&nbsp;LcdOutStr
<LI><a href="#[67]">&gt;&gt;</a>&nbsp;&nbsp;&nbsp;LcdClear
</UL>
<BR>[Called By]<UL><LI><a href="#[5]">&gt;&gt;</a>&nbsp;&nbsp;&nbsp;HardFault_Handler
</UL>

<P><STRONG><a name="[6]"></a>MemManage_Handler</STRONG> (Thumb, 26 bytes, Stack size 8 bytes, sys_st.o(.text))
<BR><BR>[Stack]<UL><LI>Max Depth = 56<LI>Call Chain = MemManage_Handler &rArr; LcdUpdate &rArr; Lcd12864_Update &rArr; Lcd12864_Send &rArr; Lcd12864Strob &rArr; Pause
</UL>
<BR>[Calls]<UL><LI><a href="#[6a]">&gt;&gt;</a>&nbsp;&nbsp;&nbsp;LcdUpdate
<LI><a href="#[69]">&gt;&gt;</a>&nbsp;&nbsp;&nbsp;LcdSetCursor
<LI><a href="#[68]">&gt;&gt;</a>&nbsp;&nbsp;&nbsp;LcdOutStr
<LI><a href="#[67]">&gt;&gt;</a>&nbsp;&nbsp;&nbsp;LcdClear
</UL>
<BR>[Address Reference Count : 1]<UL><LI> startup_stm32f10x_md.o(RESET)
</UL>
<P><STRONG><a name="[7]"></a>BusFault_Handler</STRONG> (Thumb, 26 bytes, Stack size 8 bytes, sys_st.o(.text))
<BR><BR>[Stack]<UL><LI>Max Depth = 56<LI>Call Chain = BusFault_Handler &rArr; LcdUpdate &rArr; Lcd12864_Update &rArr; Lcd12864_Send &rArr; Lcd12864Strob &rArr; Pause
</UL>
<BR>[Calls]<UL><LI><a href="#[6a]">&gt;&gt;</a>&nbsp;&nbsp;&nbsp;LcdUpdate
<LI><a href="#[69]">&gt;&gt;</a>&nbsp;&nbsp;&nbsp;LcdSetCursor
<LI><a href="#[68]">&gt;&gt;</a>&nbsp;&nbsp;&nbsp;LcdOutStr
<LI><a href="#[67]">&gt;&gt;</a>&nbsp;&nbsp;&nbsp;LcdClear
</UL>
<BR>[Address Reference Count : 1]<UL><LI> startup_stm32f10x_md.o(RESET)
</UL>
<P><STRONG><a name="[8]"></a>UsageFault_Handler</STRONG> (Thumb, 26 bytes, Stack size 8 bytes, sys_st.o(.text))
<BR><BR>[Stack]<UL><LI>Max Depth = 56<LI>Call Chain = UsageFault_Handler &rArr; LcdUpdate &rArr; Lcd12864_Update &rArr; Lcd12864_Send &rArr; Lcd12864Strob &rArr; Pause
</UL>
<BR>[Calls]<UL><LI><a href="#[6a]">&gt;&gt;</a>&nbsp;&nbsp;&nbsp;LcdUpdate
<LI><a href="#[69]">&gt;&gt;</a>&nbsp;&nbsp;&nbsp;LcdSetCursor
<LI><a href="#[68]">&gt;&gt;</a>&nbsp;&nbsp;&nbsp;LcdOutStr
<LI><a href="#[67]">&gt;&gt;</a>&nbsp;&nbsp;&nbsp;LcdClear
</UL>
<BR>[Address Reference Count : 1]<UL><LI> startup_stm32f10x_md.o(RESET)
</UL>
<P><STRONG><a name="[9]"></a>SVC_Handler</STRONG> (Thumb, 26 bytes, Stack size 8 bytes, sys_st.o(.text))
<BR><BR>[Stack]<UL><LI>Max Depth = 56<LI>Call Chain = SVC_Handler &rArr; LcdUpdate &rArr; Lcd12864_Update &rArr; Lcd12864_Send &rArr; Lcd12864Strob &rArr; Pause
</UL>
<BR>[Calls]<UL><LI><a href="#[6a]">&gt;&gt;</a>&nbsp;&nbsp;&nbsp;LcdUpdate
<LI><a href="#[69]">&gt;&gt;</a>&nbsp;&nbsp;&nbsp;LcdSetCursor
<LI><a href="#[68]">&gt;&gt;</a>&nbsp;&nbsp;&nbsp;LcdOutStr
<LI><a href="#[67]">&gt;&gt;</a>&nbsp;&nbsp;&nbsp;LcdClear
</UL>
<BR>[Address Reference Count : 1]<UL><LI> startup_stm32f10x_md.o(RESET)
</UL>
<P><STRONG><a name="[53]"></a>SysTickInit</STRONG> (Thumb, 16 bytes, Stack size 0 bytes, sys_tick_st.o(.text))
<BR><BR>[Called By]<UL><LI><a href="#[52]">&gt;&gt;</a>&nbsp;&nbsp;&nbsp;Scheduler_Start
<LI><a href="#[48]">&gt;&gt;</a>&nbsp;&nbsp;&nbsp;main
</UL>

<P><STRONG><a name="[6d]"></a>DMA1Ch4InitForTx</STRONG> (Thumb, 48 bytes, Stack size 8 bytes, uart_st.o(.text))
<BR><BR>[Stack]<UL><LI>Max Depth = 8<LI>Call Chain = DMA1Ch4InitForTx
</UL>
<BR>[Calls]<UL><LI><a href="#[6e]">&gt;&gt;</a>&nbsp;&nbsp;&nbsp;NVIC_EnableIRQ
</UL>
<BR>[Called By]<UL><LI><a href="#[6f]">&gt;&gt;</a>&nbsp;&nbsp;&nbsp;Uart1Init
</UL>

<P><STRONG><a name="[6f]"></a>Uart1Init</STRONG> (Thumb, 164 bytes, Stack size 16 bytes, uart_st.o(.text))
<BR><BR>[Stack]<UL><LI>Max Depth = 24<LI>Call Chain = Uart1Init &rArr; DMA1Ch4InitForTx
</UL>
<BR>[Calls]<UL><LI><a href="#[6d]">&gt;&gt;</a>&nbsp;&nbsp;&nbsp;DMA1Ch4InitForTx
<LI><a href="#[6e]">&gt;&gt;</a>&nbsp;&nbsp;&nbsp;NVIC_EnableIRQ
</UL>
<BR>[Called By]<UL><LI><a href="#[8e]">&gt;&gt;</a>&nbsp;&nbsp;&nbsp;RS485_Init
</UL>

<P><STRONG><a name="[134]"></a>Uart1ManagingRx</STRONG> (Thumb, 38 bytes, Stack size 0 bytes, uart_st.o(.text), UNUSED)

<P><STRONG><a name="[135]"></a>Uart1StarTx</STRONG> (Thumb, 54 bytes, Stack size 0 bytes, uart_st.o(.text), UNUSED)

<P><STRONG><a name="[8f]"></a>Uart1Handler</STRONG> (Thumb, 4 bytes, Stack size 0 bytes, uart_st.o(.text))
<BR><BR>[Called By]<UL><LI><a href="#[8e]">&gt;&gt;</a>&nbsp;&nbsp;&nbsp;RS485_Init
</UL>

<P><STRONG><a name="[32]"></a>USART1_IRQHandler</STRONG> (Thumb, 116 bytes, Stack size 8 bytes, uart_st.o(.text))
<BR><BR>[Stack]<UL><LI>Max Depth = 8<LI>Call Chain = USART1_IRQHandler
</UL>
<BR>[Calls]<UL><LI><a href="#[70]">&gt;&gt;</a>&nbsp;&nbsp;&nbsp;Usart1ClrErrFlag
</UL>
<BR>[Address Reference Count : 1]<UL><LI> startup_stm32f10x_md.o(RESET)
</UL>
<P><STRONG><a name="[8d]"></a>DMA1Ch4StartTx</STRONG> (Thumb, 28 bytes, Stack size 0 bytes, uart_st.o(.text))
<BR><BR>[Called By]<UL><LI><a href="#[8c]">&gt;&gt;</a>&nbsp;&nbsp;&nbsp;RS485_StartBufTx
</UL>

<P><STRONG><a name="[1b]"></a>DMA1_Channel4_IRQHandler</STRONG> (Thumb, 50 bytes, Stack size 0 bytes, uart_st.o(.text))
<BR>[Address Reference Count : 1]<UL><LI> startup_stm32f10x_md.o(RESET)
</UL>
<P><STRONG><a name="[105]"></a>Blink_Loop</STRONG> (Thumb, 162 bytes, Stack size 0 bytes, blink.o(.text))
<BR><BR>[Called By]<UL><LI><a href="#[c]">&gt;&gt;</a>&nbsp;&nbsp;&nbsp;SysTick_Handler
</UL>

<P><STRONG><a name="[80]"></a>Blink</STRONG> (Thumb, 24 bytes, Stack size 0 bytes, blink.o(.text))
<BR><BR>[Called By]<UL><LI><a href="#[b9]">&gt;&gt;</a>&nbsp;&nbsp;&nbsp;Menu_InputConfigUpdate
<LI><a href="#[85]">&gt;&gt;</a>&nbsp;&nbsp;&nbsp;LedPresetControl
<LI><a href="#[83]">&gt;&gt;</a>&nbsp;&nbsp;&nbsp;LedAmpIndication
<LI><a href="#[81]">&gt;&gt;</a>&nbsp;&nbsp;&nbsp;LedBatteryIndication
<LI><a href="#[7e]">&gt;&gt;</a>&nbsp;&nbsp;&nbsp;LedPowerIndication
<LI><a href="#[c]">&gt;&gt;</a>&nbsp;&nbsp;&nbsp;SysTick_Handler
<LI><a href="#[ed]">&gt;&gt;</a>&nbsp;&nbsp;&nbsp;Task_CofigModeUnit
<LI><a href="#[eb]">&gt;&gt;</a>&nbsp;&nbsp;&nbsp;Task_ErrorConnectMB
<LI><a href="#[df]">&gt;&gt;</a>&nbsp;&nbsp;&nbsp;Task_LedUpdate
<LI><a href="#[d8]">&gt;&gt;</a>&nbsp;&nbsp;&nbsp;AlgorithmAlert
</UL>

<P><STRONG><a name="[136]"></a>Button</STRONG> (Thumb, 4 bytes, Stack size 0 bytes, buttons.o(.text), UNUSED)

<P><STRONG><a name="[73]"></a>Button_CheckLoop</STRONG> (Thumb, 70 bytes, Stack size 8 bytes, buttons.o(.text))
<BR><BR>[Stack]<UL><LI>Max Depth = 48<LI>Call Chain = Button_CheckLoop &rArr; Sm1628ReadButton &rArr; Sm1628ReadData &rArr; Sm1628SendByte &rArr; Spi2TxData
</UL>
<BR>[Calls]<UL><LI><a href="#[71]">&gt;&gt;</a>&nbsp;&nbsp;&nbsp;ButtonSorting
<LI><a href="#[66]">&gt;&gt;</a>&nbsp;&nbsp;&nbsp;Sm1628ReadButton
</UL>
<BR>[Called By]<UL><LI><a href="#[f8]">&gt;&gt;</a>&nbsp;&nbsp;&nbsp;Task_GetControl
</UL>

<P><STRONG><a name="[f5]"></a>Button_GetAlg</STRONG> (Thumb, 6 bytes, Stack size 0 bytes, buttons.o(.text))
<BR><BR>[Called By]<UL><LI><a href="#[f0]">&gt;&gt;</a>&nbsp;&nbsp;&nbsp;Task_ControlModeUnit
</UL>

<P><STRONG><a name="[f4]"></a>Button_GetControl</STRONG> (Thumb, 6 bytes, Stack size 0 bytes, buttons.o(.text))
<BR><BR>[Called By]<UL><LI><a href="#[f6]">&gt;&gt;</a>&nbsp;&nbsp;&nbsp;Task_LockModeUnit
<LI><a href="#[f0]">&gt;&gt;</a>&nbsp;&nbsp;&nbsp;Task_ControlModeUnit
</UL>

<P><STRONG><a name="[75]"></a>Button_Instant</STRONG> (Thumb, 14 bytes, Stack size 0 bytes, buttons.o(.text))
<BR><BR>[Called By]<UL><LI><a href="#[76]">&gt;&gt;</a>&nbsp;&nbsp;&nbsp;Button_LeftRigth
<LI><a href="#[74]">&gt;&gt;</a>&nbsp;&nbsp;&nbsp;Button_UpDown
</UL>

<P><STRONG><a name="[db]"></a>Button_IsPress</STRONG> (Thumb, 14 bytes, Stack size 0 bytes, buttons.o(.text))
<BR><BR>[Called By]<UL><LI><a href="#[f6]">&gt;&gt;</a>&nbsp;&nbsp;&nbsp;Task_LockModeUnit
<LI><a href="#[f0]">&gt;&gt;</a>&nbsp;&nbsp;&nbsp;Task_ControlModeUnit
<LI><a href="#[ed]">&gt;&gt;</a>&nbsp;&nbsp;&nbsp;Task_CofigModeUnit
<LI><a href="#[dc]">&gt;&gt;</a>&nbsp;&nbsp;&nbsp;Task_PriorityGet
<LI><a href="#[d8]">&gt;&gt;</a>&nbsp;&nbsp;&nbsp;AlgorithmAlert
</UL>

<P><STRONG><a name="[d9]"></a>Button_IsRelease</STRONG> (Thumb, 14 bytes, Stack size 0 bytes, buttons.o(.text))
<BR><BR>[Called By]<UL><LI><a href="#[dc]">&gt;&gt;</a>&nbsp;&nbsp;&nbsp;Task_PriorityGet
<LI><a href="#[d8]">&gt;&gt;</a>&nbsp;&nbsp;&nbsp;AlgorithmAlert
</UL>

<P><STRONG><a name="[d7]"></a>Button_IsToggle</STRONG> (Thumb, 14 bytes, Stack size 0 bytes, buttons.o(.text))
<BR><BR>[Called By]<UL><LI><a href="#[ed]">&gt;&gt;</a>&nbsp;&nbsp;&nbsp;Task_CofigModeUnit
<LI><a href="#[d8]">&gt;&gt;</a>&nbsp;&nbsp;&nbsp;AlgorithmAlert
<LI><a href="#[d4]">&gt;&gt;</a>&nbsp;&nbsp;&nbsp;LedDisactiveSound
</UL>

<P><STRONG><a name="[d6]"></a>Button_ClrToggle</STRONG> (Thumb, 16 bytes, Stack size 0 bytes, buttons.o(.text))
<BR><BR>[Called By]<UL><LI><a href="#[f6]">&gt;&gt;</a>&nbsp;&nbsp;&nbsp;Task_LockModeUnit
<LI><a href="#[f0]">&gt;&gt;</a>&nbsp;&nbsp;&nbsp;Task_ControlModeUnit
<LI><a href="#[ed]">&gt;&gt;</a>&nbsp;&nbsp;&nbsp;Task_CofigModeUnit
<LI><a href="#[e2]">&gt;&gt;</a>&nbsp;&nbsp;&nbsp;Task_RS485ParsingCmdFromMB
<LI><a href="#[d8]">&gt;&gt;</a>&nbsp;&nbsp;&nbsp;AlgorithmAlert
<LI><a href="#[d4]">&gt;&gt;</a>&nbsp;&nbsp;&nbsp;LedDisactiveSound
</UL>

<P><STRONG><a name="[74]"></a>Button_UpDown</STRONG> (Thumb, 170 bytes, Stack size 12 bytes, buttons.o(.text))
<BR><BR>[Stack]<UL><LI>Max Depth = 12<LI>Call Chain = Button_UpDown
</UL>
<BR>[Calls]<UL><LI><a href="#[75]">&gt;&gt;</a>&nbsp;&nbsp;&nbsp;Button_Instant
</UL>
<BR>[Called By]<UL><LI><a href="#[ed]">&gt;&gt;</a>&nbsp;&nbsp;&nbsp;Task_CofigModeUnit
</UL>

<P><STRONG><a name="[76]"></a>Button_LeftRigth</STRONG> (Thumb, 94 bytes, Stack size 12 bytes, buttons.o(.text))
<BR><BR>[Stack]<UL><LI>Max Depth = 12<LI>Call Chain = Button_LeftRigth
</UL>
<BR>[Calls]<UL><LI><a href="#[75]">&gt;&gt;</a>&nbsp;&nbsp;&nbsp;Button_Instant
</UL>
<BR>[Called By]<UL><LI><a href="#[ed]">&gt;&gt;</a>&nbsp;&nbsp;&nbsp;Task_CofigModeUnit
</UL>

<P><STRONG><a name="[77]"></a>Faults_Loop</STRONG> (Thumb, 276 bytes, Stack size 8 bytes, faults.o(.text))
<BR><BR>[Stack]<UL><LI>Max Depth = 8<LI>Call Chain = Faults_Loop
</UL>
<BR>[Calls]<UL><LI><a href="#[7a]">&gt;&gt;</a>&nbsp;&nbsp;&nbsp;SpLine_GetOutStateForLed
<LI><a href="#[7c]">&gt;&gt;</a>&nbsp;&nbsp;&nbsp;Siren
<LI><a href="#[79]">&gt;&gt;</a>&nbsp;&nbsp;&nbsp;PowerDevice
<LI><a href="#[7b]">&gt;&gt;</a>&nbsp;&nbsp;&nbsp;FireLine_GetLineState
<LI><a href="#[78]">&gt;&gt;</a>&nbsp;&nbsp;&nbsp;MicState
</UL>
<BR>[Called By]<UL><LI><a href="#[dd]">&gt;&gt;</a>&nbsp;&nbsp;&nbsp;Task_FaultsGet
</UL>

<P><STRONG><a name="[137]"></a>Faults_CompareAllLinesWith</STRONG> (Thumb, 4 bytes, Stack size 0 bytes, faults.o(.text), UNUSED)

<P><STRONG><a name="[cf]"></a>Faults</STRONG> (Thumb, 4 bytes, Stack size 0 bytes, faults.o(.text))
<BR><BR>[Called By]<UL><LI><a href="#[ce]">&gt;&gt;</a>&nbsp;&nbsp;&nbsp;Display_Faults
<LI><a href="#[f6]">&gt;&gt;</a>&nbsp;&nbsp;&nbsp;Task_LockModeUnit
<LI><a href="#[f0]">&gt;&gt;</a>&nbsp;&nbsp;&nbsp;Task_ControlModeUnit
<LI><a href="#[df]">&gt;&gt;</a>&nbsp;&nbsp;&nbsp;Task_LedUpdate
</UL>

<P><STRONG><a name="[7d]"></a>LedUpdate</STRONG> (Thumb, 10 bytes, Stack size 8 bytes, led.o(.text))
<BR><BR>[Stack]<UL><LI>Max Depth = 48<LI>Call Chain = LedUpdate &rArr; Sm1628SendLed &rArr; Sm1628SendCmd &rArr; Sm1628SendByte &rArr; Spi2TxData
</UL>
<BR>[Calls]<UL><LI><a href="#[62]">&gt;&gt;</a>&nbsp;&nbsp;&nbsp;Sm1628SendLed
</UL>
<BR>[Called By]<UL><LI><a href="#[eb]">&gt;&gt;</a>&nbsp;&nbsp;&nbsp;Task_ErrorConnectMB
<LI><a href="#[df]">&gt;&gt;</a>&nbsp;&nbsp;&nbsp;Task_LedUpdate
</UL>

<P><STRONG><a name="[e0]"></a>LedSetAll</STRONG> (Thumb, 20 bytes, Stack size 0 bytes, led.o(.text))
<BR><BR>[Called By]<UL><LI><a href="#[c]">&gt;&gt;</a>&nbsp;&nbsp;&nbsp;SysTick_Handler
<LI><a href="#[f7]">&gt;&gt;</a>&nbsp;&nbsp;&nbsp;Task_KeyControl
<LI><a href="#[eb]">&gt;&gt;</a>&nbsp;&nbsp;&nbsp;Task_ErrorConnectMB
<LI><a href="#[df]">&gt;&gt;</a>&nbsp;&nbsp;&nbsp;Task_LedUpdate
</UL>

<P><STRONG><a name="[87]"></a>LedControl</STRONG> (Thumb, 120 bytes, Stack size 16 bytes, led.o(.text))
<BR><BR>[Stack]<UL><LI>Max Depth = 16<LI>Call Chain = LedControl
</UL>
<BR>[Called By]<UL><LI><a href="#[c0]">&gt;&gt;</a>&nbsp;&nbsp;&nbsp;Print_MicState
<LI><a href="#[85]">&gt;&gt;</a>&nbsp;&nbsp;&nbsp;LedPresetControl
<LI><a href="#[c]">&gt;&gt;</a>&nbsp;&nbsp;&nbsp;SysTick_Handler
<LI><a href="#[eb]">&gt;&gt;</a>&nbsp;&nbsp;&nbsp;Task_ErrorConnectMB
<LI><a href="#[df]">&gt;&gt;</a>&nbsp;&nbsp;&nbsp;Task_LedUpdate
<LI><a href="#[d8]">&gt;&gt;</a>&nbsp;&nbsp;&nbsp;AlgorithmAlert
</UL>

<P><STRONG><a name="[88]"></a>LedPusk</STRONG> (Thumb, 34 bytes, Stack size 0 bytes, led.o(.text))
<BR><BR>[Called By]<UL><LI><a href="#[85]">&gt;&gt;</a>&nbsp;&nbsp;&nbsp;LedPresetControl
<LI><a href="#[f6]">&gt;&gt;</a>&nbsp;&nbsp;&nbsp;Task_LockModeUnit
<LI><a href="#[f0]">&gt;&gt;</a>&nbsp;&nbsp;&nbsp;Task_ControlModeUnit
<LI><a href="#[d8]">&gt;&gt;</a>&nbsp;&nbsp;&nbsp;AlgorithmAlert
</UL>

<P><STRONG><a name="[89]"></a>LedPoj</STRONG> (Thumb, 34 bytes, Stack size 0 bytes, led.o(.text))
<BR><BR>[Called By]<UL><LI><a href="#[85]">&gt;&gt;</a>&nbsp;&nbsp;&nbsp;LedPresetControl
<LI><a href="#[f6]">&gt;&gt;</a>&nbsp;&nbsp;&nbsp;Task_LockModeUnit
<LI><a href="#[f0]">&gt;&gt;</a>&nbsp;&nbsp;&nbsp;Task_ControlModeUnit
</UL>

<P><STRONG><a name="[da]"></a>LedAlert</STRONG> (Thumb, 34 bytes, Stack size 0 bytes, led.o(.text), UNUSED)
<BR><BR>[Called By]<UL><LI><a href="#[d8]">&gt;&gt;</a>&nbsp;&nbsp;&nbsp;AlgorithmAlert
</UL>

<P><STRONG><a name="[d5]"></a>LedZummer</STRONG> (Thumb, 34 bytes, Stack size 0 bytes, led.o(.text))
<BR><BR>[Called By]<UL><LI><a href="#[d4]">&gt;&gt;</a>&nbsp;&nbsp;&nbsp;LedDisactiveSound
</UL>

<P><STRONG><a name="[e1]"></a>LedCommunication</STRONG> (Thumb, 92 bytes, Stack size 0 bytes, led.o(.text))
<BR><BR>[Called By]<UL><LI><a href="#[eb]">&gt;&gt;</a>&nbsp;&nbsp;&nbsp;Task_ErrorConnectMB
<LI><a href="#[df]">&gt;&gt;</a>&nbsp;&nbsp;&nbsp;Task_LedUpdate
</UL>

<P><STRONG><a name="[7e]"></a>LedPowerIndication</STRONG> (Thumb, 50 bytes, Stack size 16 bytes, led.o(.text))
<BR><BR>[Stack]<UL><LI>Max Depth = 16<LI>Call Chain = LedPowerIndication
</UL>
<BR>[Calls]<UL><LI><a href="#[7f]">&gt;&gt;</a>&nbsp;&nbsp;&nbsp;LedPower
<LI><a href="#[80]">&gt;&gt;</a>&nbsp;&nbsp;&nbsp;Blink
</UL>
<BR>[Called By]<UL><LI><a href="#[df]">&gt;&gt;</a>&nbsp;&nbsp;&nbsp;Task_LedUpdate
</UL>

<P><STRONG><a name="[81]"></a>LedBatteryIndication</STRONG> (Thumb, 64 bytes, Stack size 16 bytes, led.o(.text))
<BR><BR>[Stack]<UL><LI>Max Depth = 16<LI>Call Chain = LedBatteryIndication
</UL>
<BR>[Calls]<UL><LI><a href="#[82]">&gt;&gt;</a>&nbsp;&nbsp;&nbsp;LedBattery
<LI><a href="#[80]">&gt;&gt;</a>&nbsp;&nbsp;&nbsp;Blink
</UL>
<BR>[Called By]<UL><LI><a href="#[df]">&gt;&gt;</a>&nbsp;&nbsp;&nbsp;Task_LedUpdate
</UL>

<P><STRONG><a name="[83]"></a>LedAmpIndication</STRONG> (Thumb, 34 bytes, Stack size 16 bytes, led.o(.text))
<BR><BR>[Stack]<UL><LI>Max Depth = 16<LI>Call Chain = LedAmpIndication
</UL>
<BR>[Calls]<UL><LI><a href="#[84]">&gt;&gt;</a>&nbsp;&nbsp;&nbsp;LedAmp
<LI><a href="#[80]">&gt;&gt;</a>&nbsp;&nbsp;&nbsp;Blink
</UL>
<BR>[Called By]<UL><LI><a href="#[df]">&gt;&gt;</a>&nbsp;&nbsp;&nbsp;Task_LedUpdate
</UL>

<P><STRONG><a name="[85]"></a>LedPresetControl</STRONG> (Thumb, 152 bytes, Stack size 32 bytes, led.o(.text))
<BR><BR>[Stack]<UL><LI>Max Depth = 48<LI>Call Chain = LedPresetControl &rArr; LedControl
</UL>
<BR>[Calls]<UL><LI><a href="#[86]">&gt;&gt;</a>&nbsp;&nbsp;&nbsp;SpLine_GetOutState
<LI><a href="#[89]">&gt;&gt;</a>&nbsp;&nbsp;&nbsp;LedPoj
<LI><a href="#[88]">&gt;&gt;</a>&nbsp;&nbsp;&nbsp;LedPusk
<LI><a href="#[87]">&gt;&gt;</a>&nbsp;&nbsp;&nbsp;LedControl
<LI><a href="#[7a]">&gt;&gt;</a>&nbsp;&nbsp;&nbsp;SpLine_GetOutStateForLed
<LI><a href="#[80]">&gt;&gt;</a>&nbsp;&nbsp;&nbsp;Blink
</UL>
<BR>[Called By]<UL><LI><a href="#[f6]">&gt;&gt;</a>&nbsp;&nbsp;&nbsp;Task_LockModeUnit
<LI><a href="#[f0]">&gt;&gt;</a>&nbsp;&nbsp;&nbsp;Task_ControlModeUnit
</UL>

<P><STRONG><a name="[8e]"></a>RS485_Init</STRONG> (Thumb, 70 bytes, Stack size 8 bytes, rs485.o(.text))
<BR><BR>[Stack]<UL><LI>Max Depth = 32<LI>Call Chain = RS485_Init &rArr; Uart1Init &rArr; DMA1Ch4InitForTx
</UL>
<BR>[Calls]<UL><LI><a href="#[8f]">&gt;&gt;</a>&nbsp;&nbsp;&nbsp;Uart1Handler
<LI><a href="#[6f]">&gt;&gt;</a>&nbsp;&nbsp;&nbsp;Uart1Init
</UL>
<BR>[Called By]<UL><LI><a href="#[fb]">&gt;&gt;</a>&nbsp;&nbsp;&nbsp;Task_Begin
</UL>

<P><STRONG><a name="[106]"></a>RS485_TimeOutInc</STRONG> (Thumb, 50 bytes, Stack size 0 bytes, rs485.o(.text))
<BR><BR>[Called By]<UL><LI><a href="#[c]">&gt;&gt;</a>&nbsp;&nbsp;&nbsp;SysTick_Handler
</UL>

<P><STRONG><a name="[e4]"></a>RS485_Flags</STRONG> (Thumb, 4 bytes, Stack size 0 bytes, rs485.o(.text))
<BR><BR>[Called By]<UL><LI><a href="#[f8]">&gt;&gt;</a>&nbsp;&nbsp;&nbsp;Task_GetControl
<LI><a href="#[ec]">&gt;&gt;</a>&nbsp;&nbsp;&nbsp;Task_PollingRS485
<LI><a href="#[e2]">&gt;&gt;</a>&nbsp;&nbsp;&nbsp;Task_RS485ParsingCmdFromMB
</UL>

<P><STRONG><a name="[93]"></a>RS485_Cmd</STRONG> (Thumb, 4 bytes, Stack size 0 bytes, rs485.o(.text))
<BR><BR>[Called By]<UL><LI><a href="#[91]">&gt;&gt;</a>&nbsp;&nbsp;&nbsp;RS485_TxDataToMB
<LI><a href="#[f6]">&gt;&gt;</a>&nbsp;&nbsp;&nbsp;Task_LockModeUnit
<LI><a href="#[f0]">&gt;&gt;</a>&nbsp;&nbsp;&nbsp;Task_ControlModeUnit
<LI><a href="#[ed]">&gt;&gt;</a>&nbsp;&nbsp;&nbsp;Task_CofigModeUnit
<LI><a href="#[e2]">&gt;&gt;</a>&nbsp;&nbsp;&nbsp;Task_RS485ParsingCmdFromMB
<LI><a href="#[df]">&gt;&gt;</a>&nbsp;&nbsp;&nbsp;Task_LedUpdate
</UL>

<P><STRONG><a name="[e3]"></a>RS485_RxBuf</STRONG> (Thumb, 4 bytes, Stack size 0 bytes, rs485.o(.text))
<BR><BR>[Called By]<UL><LI><a href="#[e2]">&gt;&gt;</a>&nbsp;&nbsp;&nbsp;Task_RS485ParsingCmdFromMB
</UL>

<P><STRONG><a name="[92]"></a>RS485_TxBuf</STRONG> (Thumb, 4 bytes, Stack size 0 bytes, rs485.o(.text))
<BR><BR>[Called By]<UL><LI><a href="#[91]">&gt;&gt;</a>&nbsp;&nbsp;&nbsp;RS485_TxDataToMB
<LI><a href="#[f6]">&gt;&gt;</a>&nbsp;&nbsp;&nbsp;Task_LockModeUnit
<LI><a href="#[f0]">&gt;&gt;</a>&nbsp;&nbsp;&nbsp;Task_ControlModeUnit
<LI><a href="#[ed]">&gt;&gt;</a>&nbsp;&nbsp;&nbsp;Task_CofigModeUnit
<LI><a href="#[e2]">&gt;&gt;</a>&nbsp;&nbsp;&nbsp;Task_RS485ParsingCmdFromMB
</UL>

<P><STRONG><a name="[90]"></a>RS485_StartTxResponse</STRONG> (Thumb, 34 bytes, Stack size 8 bytes, rs485.o(.text))
<BR><BR>[Stack]<UL><LI>Max Depth = 24<LI>Call Chain = RS485_StartTxResponse &rArr; RS485_StartBufTx
</UL>
<BR>[Calls]<UL><LI><a href="#[8c]">&gt;&gt;</a>&nbsp;&nbsp;&nbsp;RS485_StartBufTx
<LI><a href="#[8a]">&gt;&gt;</a>&nbsp;&nbsp;&nbsp;RS485_PackCrcCalc
</UL>
<BR>[Called By]<UL><LI><a href="#[91]">&gt;&gt;</a>&nbsp;&nbsp;&nbsp;RS485_TxDataToMB
</UL>

<P><STRONG><a name="[91]"></a>RS485_TxDataToMB</STRONG> (Thumb, 256 bytes, Stack size 16 bytes, rs485.o(.text))
<BR><BR>[Stack]<UL><LI>Max Depth = 40<LI>Call Chain = RS485_TxDataToMB &rArr; RS485_StartTxResponse &rArr; RS485_StartBufTx
</UL>
<BR>[Calls]<UL><LI><a href="#[95]">&gt;&gt;</a>&nbsp;&nbsp;&nbsp;SpLine_Param
<LI><a href="#[96]">&gt;&gt;</a>&nbsp;&nbsp;&nbsp;Log
<LI><a href="#[94]">&gt;&gt;</a>&nbsp;&nbsp;&nbsp;FacePanel_WorkReg
<LI><a href="#[90]">&gt;&gt;</a>&nbsp;&nbsp;&nbsp;RS485_StartTxResponse
<LI><a href="#[92]">&gt;&gt;</a>&nbsp;&nbsp;&nbsp;RS485_TxBuf
<LI><a href="#[93]">&gt;&gt;</a>&nbsp;&nbsp;&nbsp;RS485_Cmd
<LI><a href="#[79]">&gt;&gt;</a>&nbsp;&nbsp;&nbsp;PowerDevice
<LI><a href="#[78]">&gt;&gt;</a>&nbsp;&nbsp;&nbsp;MicState
<LI><a href="#[97]">&gt;&gt;</a>&nbsp;&nbsp;&nbsp;KeyGetState
</UL>
<BR>[Called By]<UL><LI><a href="#[e2]">&gt;&gt;</a>&nbsp;&nbsp;&nbsp;Task_RS485ParsingCmdFromMB
</UL>

<P><STRONG><a name="[fe]"></a>TimeInit</STRONG> (Thumb, 40 bytes, Stack size 0 bytes, rtc.o(.text))
<BR><BR>[Called By]<UL><LI><a href="#[fb]">&gt;&gt;</a>&nbsp;&nbsp;&nbsp;Task_Begin
</UL>

<P><STRONG><a name="[e7]"></a>TimeFromMBSave</STRONG> (Thumb, 6 bytes, Stack size 0 bytes, rtc.o(.text))
<BR><BR>[Called By]<UL><LI><a href="#[e2]">&gt;&gt;</a>&nbsp;&nbsp;&nbsp;Task_RS485ParsingCmdFromMB
</UL>

<P><STRONG><a name="[ef]"></a>TimeFromMBGet</STRONG> (Thumb, 6 bytes, Stack size 0 bytes, rtc.o(.text))
<BR><BR>[Called By]<UL><LI><a href="#[f6]">&gt;&gt;</a>&nbsp;&nbsp;&nbsp;Task_LockModeUnit
<LI><a href="#[f0]">&gt;&gt;</a>&nbsp;&nbsp;&nbsp;Task_ControlModeUnit
<LI><a href="#[ed]">&gt;&gt;</a>&nbsp;&nbsp;&nbsp;Task_CofigModeUnit
</UL>

<P><STRONG><a name="[ae]"></a>DateAhdTimeGet</STRONG> (Thumb, 4 bytes, Stack size 0 bytes, rtc.o(.text))
<BR><BR>[Called By]<UL><LI><a href="#[bc]">&gt;&gt;</a>&nbsp;&nbsp;&nbsp;Menu_Update
<LI><a href="#[b5]">&gt;&gt;</a>&nbsp;&nbsp;&nbsp;DisplayDateAndTimeEvent
<LI><a href="#[ad]">&gt;&gt;</a>&nbsp;&nbsp;&nbsp;Page_Header
<LI><a href="#[ed]">&gt;&gt;</a>&nbsp;&nbsp;&nbsp;Task_CofigModeUnit
</UL>

<P><STRONG><a name="[b6]"></a>CounterToTimeAndDate</STRONG> (Thumb, 222 bytes, Stack size 20 bytes, rtc.o(.text))
<BR><BR>[Stack]<UL><LI>Max Depth = 20<LI>Call Chain = CounterToTimeAndDate
</UL>
<BR>[Called By]<UL><LI><a href="#[b5]">&gt;&gt;</a>&nbsp;&nbsp;&nbsp;DisplayDateAndTimeEvent
<LI><a href="#[f6]">&gt;&gt;</a>&nbsp;&nbsp;&nbsp;Task_LockModeUnit
<LI><a href="#[f0]">&gt;&gt;</a>&nbsp;&nbsp;&nbsp;Task_ControlModeUnit
<LI><a href="#[ed]">&gt;&gt;</a>&nbsp;&nbsp;&nbsp;Task_CofigModeUnit
</UL>

<P><STRONG><a name="[ee]"></a>TimeAndDateToCounter</STRONG> (Thumb, 134 bytes, Stack size 16 bytes, rtc.o(.text))
<BR><BR>[Stack]<UL><LI>Max Depth = 16<LI>Call Chain = TimeAndDateToCounter
</UL>
<BR>[Called By]<UL><LI><a href="#[ed]">&gt;&gt;</a>&nbsp;&nbsp;&nbsp;Task_CofigModeUnit
</UL>

<P><STRONG><a name="[98]"></a>LcdInit</STRONG> (Thumb, 16 bytes, Stack size 8 bytes, lcd.o(.text))
<BR><BR>[Stack]<UL><LI>Max Depth = 48<LI>Call Chain = LcdInit &rArr; Lcd12864_Init &rArr; Lcd12864_Send &rArr; Lcd12864Strob &rArr; Pause
</UL>
<BR>[Calls]<UL><LI><a href="#[99]">&gt;&gt;</a>&nbsp;&nbsp;&nbsp;Lcd12864_VideoBuf
<LI><a href="#[5a]">&gt;&gt;</a>&nbsp;&nbsp;&nbsp;Lcd12864_Init
</UL>
<BR>[Called By]<UL><LI><a href="#[48]">&gt;&gt;</a>&nbsp;&nbsp;&nbsp;main
</UL>

<P><STRONG><a name="[6a]"></a>LcdUpdate</STRONG> (Thumb, 8 bytes, Stack size 8 bytes, lcd.o(.text))
<BR><BR>[Stack]<UL><LI>Max Depth = 48<LI>Call Chain = LcdUpdate &rArr; Lcd12864_Update &rArr; Lcd12864_Send &rArr; Lcd12864Strob &rArr; Pause
</UL>
<BR>[Calls]<UL><LI><a href="#[5c]">&gt;&gt;</a>&nbsp;&nbsp;&nbsp;Lcd12864_Update
</UL>
<BR>[Called By]<UL><LI><a href="#[9]">&gt;&gt;</a>&nbsp;&nbsp;&nbsp;SVC_Handler
<LI><a href="#[8]">&gt;&gt;</a>&nbsp;&nbsp;&nbsp;UsageFault_Handler
<LI><a href="#[7]">&gt;&gt;</a>&nbsp;&nbsp;&nbsp;BusFault_Handler
<LI><a href="#[6]">&gt;&gt;</a>&nbsp;&nbsp;&nbsp;MemManage_Handler
<LI><a href="#[4]">&gt;&gt;</a>&nbsp;&nbsp;&nbsp;NMI_Handler
<LI><a href="#[de]">&gt;&gt;</a>&nbsp;&nbsp;&nbsp;Task_LcdUpdate
</UL>

<P><STRONG><a name="[6c]"></a>LcdUpdateAll</STRONG> (Thumb, 8 bytes, Stack size 8 bytes, lcd.o(.text))
<BR><BR>[Stack]<UL><LI>Max Depth = 56<LI>Call Chain = LcdUpdateAll &rArr; Lcd12864_UpdateAll &rArr; Lcd12864_Update &rArr; Lcd12864_Send &rArr; Lcd12864Strob &rArr; Pause
</UL>
<BR>[Calls]<UL><LI><a href="#[5d]">&gt;&gt;</a>&nbsp;&nbsp;&nbsp;Lcd12864_UpdateAll
</UL>
<BR>[Called By]<UL><LI><a href="#[af]">&gt;&gt;</a>&nbsp;&nbsp;&nbsp;Menu_Logo
<LI><a href="#[3d]">&gt;&gt;</a>&nbsp;&nbsp;&nbsp;HardFault_Handler_2
</UL>

<P><STRONG><a name="[9a]"></a>LcdBackLight</STRONG> (Thumb, 12 bytes, Stack size 8 bytes, lcd.o(.text))
<BR><BR>[Stack]<UL><LI>Max Depth = 8<LI>Call Chain = LcdBackLight
</UL>
<BR>[Calls]<UL><LI><a href="#[9b]">&gt;&gt;</a>&nbsp;&nbsp;&nbsp;Lcd12864_BackLight
</UL>
<BR>[Called By]<UL><LI><a href="#[c]">&gt;&gt;</a>&nbsp;&nbsp;&nbsp;SysTick_Handler
</UL>

<P><STRONG><a name="[67]"></a>LcdClear</STRONG> (Thumb, 24 bytes, Stack size 0 bytes, lcd.o(.text))
<BR><BR>[Called By]<UL><LI><a href="#[d3]">&gt;&gt;</a>&nbsp;&nbsp;&nbsp;Display_Test
<LI><a href="#[bf]">&gt;&gt;</a>&nbsp;&nbsp;&nbsp;Print_ErrConnect
<LI><a href="#[bc]">&gt;&gt;</a>&nbsp;&nbsp;&nbsp;Menu_Update
<LI><a href="#[af]">&gt;&gt;</a>&nbsp;&nbsp;&nbsp;Menu_Logo
<LI><a href="#[9]">&gt;&gt;</a>&nbsp;&nbsp;&nbsp;SVC_Handler
<LI><a href="#[8]">&gt;&gt;</a>&nbsp;&nbsp;&nbsp;UsageFault_Handler
<LI><a href="#[7]">&gt;&gt;</a>&nbsp;&nbsp;&nbsp;BusFault_Handler
<LI><a href="#[6]">&gt;&gt;</a>&nbsp;&nbsp;&nbsp;MemManage_Handler
<LI><a href="#[4]">&gt;&gt;</a>&nbsp;&nbsp;&nbsp;NMI_Handler
<LI><a href="#[3d]">&gt;&gt;</a>&nbsp;&nbsp;&nbsp;HardFault_Handler_2
<LI><a href="#[f6]">&gt;&gt;</a>&nbsp;&nbsp;&nbsp;Task_LockModeUnit
<LI><a href="#[f0]">&gt;&gt;</a>&nbsp;&nbsp;&nbsp;Task_ControlModeUnit
</UL>

<P><STRONG><a name="[138]"></a>LcdFilling</STRONG> (Thumb, 24 bytes, Stack size 0 bytes, lcd.o(.text), UNUSED)

<P><STRONG><a name="[9d]"></a>LcdPixel</STRONG> (Thumb, 96 bytes, Stack size 20 bytes, lcd.o(.text))
<BR><BR>[Stack]<UL><LI>Max Depth = 20<LI>Call Chain = LcdPixel
</UL>
<BR>[Called By]<UL><LI><a href="#[9e]">&gt;&gt;</a>&nbsp;&nbsp;&nbsp;LcdCircle
<LI><a href="#[9c]">&gt;&gt;</a>&nbsp;&nbsp;&nbsp;LcdLine
</UL>

<P><STRONG><a name="[9c]"></a>LcdLine</STRONG> (Thumb, 190 bytes, Stack size 40 bytes, lcd.o(.text))
<BR><BR>[Stack]<UL><LI>Max Depth = 60<LI>Call Chain = LcdLine &rArr; LcdPixel
</UL>
<BR>[Calls]<UL><LI><a href="#[9d]">&gt;&gt;</a>&nbsp;&nbsp;&nbsp;LcdPixel
</UL>
<BR>[Called By]<UL><LI><a href="#[b0]">&gt;&gt;</a>&nbsp;&nbsp;&nbsp;Menu_ProgressBar
<LI><a href="#[ad]">&gt;&gt;</a>&nbsp;&nbsp;&nbsp;Page_Header
<LI><a href="#[9f]">&gt;&gt;</a>&nbsp;&nbsp;&nbsp;LcdBar
</UL>

<P><STRONG><a name="[9e]"></a>LcdCircle</STRONG> (Thumb, 218 bytes, Stack size 32 bytes, lcd.o(.text), UNUSED)
<BR><BR>[Calls]<UL><LI><a href="#[9d]">&gt;&gt;</a>&nbsp;&nbsp;&nbsp;LcdPixel
</UL>
<BR>[Called By]<UL><LI><a href="#[b0]">&gt;&gt;</a>&nbsp;&nbsp;&nbsp;Menu_ProgressBar
</UL>

<P><STRONG><a name="[9f]"></a>LcdBar</STRONG> (Thumb, 220 bytes, Stack size 40 bytes, lcd.o(.text), UNUSED)
<BR><BR>[Calls]<UL><LI><a href="#[9c]">&gt;&gt;</a>&nbsp;&nbsp;&nbsp;LcdLine
</UL>

<P><STRONG><a name="[69]"></a>LcdSetCursor</STRONG> (Thumb, 28 bytes, Stack size 0 bytes, lcd.o(.text))
<BR><BR>[Called By]<UL><LI><a href="#[d1]">&gt;&gt;</a>&nbsp;&nbsp;&nbsp;Display_AddressGroupAndMicState
<LI><a href="#[d0]">&gt;&gt;</a>&nbsp;&nbsp;&nbsp;Display_Manual
<LI><a href="#[ce]">&gt;&gt;</a>&nbsp;&nbsp;&nbsp;Display_Faults
<LI><a href="#[cc]">&gt;&gt;</a>&nbsp;&nbsp;&nbsp;Display_Fire
<LI><a href="#[cb]">&gt;&gt;</a>&nbsp;&nbsp;&nbsp;Display_PuskButtonActivation
<LI><a href="#[ca]">&gt;&gt;</a>&nbsp;&nbsp;&nbsp;Display_Mic
<LI><a href="#[c0]">&gt;&gt;</a>&nbsp;&nbsp;&nbsp;Print_MicState
<LI><a href="#[bf]">&gt;&gt;</a>&nbsp;&nbsp;&nbsp;Print_ErrConnect
<LI><a href="#[bc]">&gt;&gt;</a>&nbsp;&nbsp;&nbsp;Menu_Update
<LI><a href="#[b9]">&gt;&gt;</a>&nbsp;&nbsp;&nbsp;Menu_InputConfigUpdate
<LI><a href="#[b8]">&gt;&gt;</a>&nbsp;&nbsp;&nbsp;Menu_CalendarUpdate
<LI><a href="#[b7]">&gt;&gt;</a>&nbsp;&nbsp;&nbsp;Menu_TimeUpdate
<LI><a href="#[b5]">&gt;&gt;</a>&nbsp;&nbsp;&nbsp;DisplayDateAndTimeEvent
<LI><a href="#[b4]">&gt;&gt;</a>&nbsp;&nbsp;&nbsp;Menu_GroupUpdate
<LI><a href="#[b2]">&gt;&gt;</a>&nbsp;&nbsp;&nbsp;Menu_AddressUpdate
<LI><a href="#[c8]">&gt;&gt;</a>&nbsp;&nbsp;&nbsp;PrintFaults
<LI><a href="#[c7]">&gt;&gt;</a>&nbsp;&nbsp;&nbsp;PrintActive
<LI><a href="#[ad]">&gt;&gt;</a>&nbsp;&nbsp;&nbsp;Page_Header
<LI><a href="#[ab]">&gt;&gt;</a>&nbsp;&nbsp;&nbsp;LcdPrint
<LI><a href="#[a3]">&gt;&gt;</a>&nbsp;&nbsp;&nbsp;LcdStringBig
<LI><a href="#[a0]">&gt;&gt;</a>&nbsp;&nbsp;&nbsp;LcdStringBold
<LI><a href="#[9]">&gt;&gt;</a>&nbsp;&nbsp;&nbsp;SVC_Handler
<LI><a href="#[8]">&gt;&gt;</a>&nbsp;&nbsp;&nbsp;UsageFault_Handler
<LI><a href="#[7]">&gt;&gt;</a>&nbsp;&nbsp;&nbsp;BusFault_Handler
<LI><a href="#[6]">&gt;&gt;</a>&nbsp;&nbsp;&nbsp;MemManage_Handler
<LI><a href="#[4]">&gt;&gt;</a>&nbsp;&nbsp;&nbsp;NMI_Handler
<LI><a href="#[3d]">&gt;&gt;</a>&nbsp;&nbsp;&nbsp;HardFault_Handler_2
</UL>

<P><STRONG><a name="[a2]"></a>clean_lcd_buf</STRONG> (Thumb, 20 bytes, Stack size 0 bytes, lcd.o(.text))
<BR><BR>[Called By]<UL><LI><a href="#[a3]">&gt;&gt;</a>&nbsp;&nbsp;&nbsp;LcdStringBig
<LI><a href="#[a0]">&gt;&gt;</a>&nbsp;&nbsp;&nbsp;LcdStringBold
<LI><a href="#[68]">&gt;&gt;</a>&nbsp;&nbsp;&nbsp;LcdOutStr
</UL>

<P><STRONG><a name="[a5]"></a>LcdChr</STRONG> (Thumb, 66 bytes, Stack size 12 bytes, lcd.o(.text))
<BR><BR>[Stack]<UL><LI>Max Depth = 12<LI>Call Chain = LcdChr
</UL>
<BR>[Called By]<UL><LI><a href="#[bc]">&gt;&gt;</a>&nbsp;&nbsp;&nbsp;Menu_Update
<LI><a href="#[b8]">&gt;&gt;</a>&nbsp;&nbsp;&nbsp;Menu_CalendarUpdate
<LI><a href="#[b7]">&gt;&gt;</a>&nbsp;&nbsp;&nbsp;Menu_TimeUpdate
<LI><a href="#[b5]">&gt;&gt;</a>&nbsp;&nbsp;&nbsp;DisplayDateAndTimeEvent
<LI><a href="#[ad]">&gt;&gt;</a>&nbsp;&nbsp;&nbsp;Page_Header
<LI><a href="#[ac]">&gt;&gt;</a>&nbsp;&nbsp;&nbsp;LcdPrintOneHEX
<LI><a href="#[a9]">&gt;&gt;</a>&nbsp;&nbsp;&nbsp;LcdBinToDecWithDot
<LI><a href="#[a8]">&gt;&gt;</a>&nbsp;&nbsp;&nbsp;LcdBinToDec
<LI><a href="#[a7]">&gt;&gt;</a>&nbsp;&nbsp;&nbsp;LcdPutUint
<LI><a href="#[68]">&gt;&gt;</a>&nbsp;&nbsp;&nbsp;LcdOutStr
</UL>

<P><STRONG><a name="[a1]"></a>LcdChrBold</STRONG> (Thumb, 244 bytes, Stack size 20 bytes, lcd.o(.text), UNUSED)
<BR><BR>[Called By]<UL><LI><a href="#[aa]">&gt;&gt;</a>&nbsp;&nbsp;&nbsp;LcdBinToDecBold
<LI><a href="#[a0]">&gt;&gt;</a>&nbsp;&nbsp;&nbsp;LcdStringBold
</UL>

<P><STRONG><a name="[a0]"></a>LcdStringBold</STRONG> (Thumb, 50 bytes, Stack size 16 bytes, lcd.o(.text), UNUSED)
<BR><BR>[Calls]<UL><LI><a href="#[a1]">&gt;&gt;</a>&nbsp;&nbsp;&nbsp;LcdChrBold
<LI><a href="#[a2]">&gt;&gt;</a>&nbsp;&nbsp;&nbsp;clean_lcd_buf
<LI><a href="#[69]">&gt;&gt;</a>&nbsp;&nbsp;&nbsp;LcdSetCursor
</UL>

<P><STRONG><a name="[a4]"></a>LcdChrBig</STRONG> (Thumb, 184 bytes, Stack size 20 bytes, lcd.o(.text))
<BR><BR>[Stack]<UL><LI>Max Depth = 20<LI>Call Chain = LcdChrBig
</UL>
<BR>[Called By]<UL><LI><a href="#[a3]">&gt;&gt;</a>&nbsp;&nbsp;&nbsp;LcdStringBig
</UL>

<P><STRONG><a name="[a3]"></a>LcdStringBig</STRONG> (Thumb, 62 bytes, Stack size 16 bytes, lcd.o(.text))
<BR><BR>[Stack]<UL><LI>Max Depth = 36<LI>Call Chain = LcdStringBig &rArr; LcdChrBig
</UL>
<BR>[Calls]<UL><LI><a href="#[a4]">&gt;&gt;</a>&nbsp;&nbsp;&nbsp;LcdChrBig
<LI><a href="#[a2]">&gt;&gt;</a>&nbsp;&nbsp;&nbsp;clean_lcd_buf
<LI><a href="#[69]">&gt;&gt;</a>&nbsp;&nbsp;&nbsp;LcdSetCursor
</UL>
<BR>[Called By]<UL><LI><a href="#[d3]">&gt;&gt;</a>&nbsp;&nbsp;&nbsp;Display_Test
</UL>

<P><STRONG><a name="[68]"></a>LcdOutStr</STRONG> (Thumb, 34 bytes, Stack size 12 bytes, lcd.o(.text))
<BR><BR>[Stack]<UL><LI>Max Depth = 24<LI>Call Chain = LcdOutStr &rArr; LcdChr
</UL>
<BR>[Calls]<UL><LI><a href="#[a5]">&gt;&gt;</a>&nbsp;&nbsp;&nbsp;LcdChr
<LI><a href="#[a2]">&gt;&gt;</a>&nbsp;&nbsp;&nbsp;clean_lcd_buf
</UL>
<BR>[Called By]<UL><LI><a href="#[d3]">&gt;&gt;</a>&nbsp;&nbsp;&nbsp;Display_Test
<LI><a href="#[d1]">&gt;&gt;</a>&nbsp;&nbsp;&nbsp;Display_AddressGroupAndMicState
<LI><a href="#[d0]">&gt;&gt;</a>&nbsp;&nbsp;&nbsp;Display_Manual
<LI><a href="#[ce]">&gt;&gt;</a>&nbsp;&nbsp;&nbsp;Display_Faults
<LI><a href="#[cc]">&gt;&gt;</a>&nbsp;&nbsp;&nbsp;Display_Fire
<LI><a href="#[cb]">&gt;&gt;</a>&nbsp;&nbsp;&nbsp;Display_PuskButtonActivation
<LI><a href="#[ca]">&gt;&gt;</a>&nbsp;&nbsp;&nbsp;Display_Mic
<LI><a href="#[c0]">&gt;&gt;</a>&nbsp;&nbsp;&nbsp;Print_MicState
<LI><a href="#[bf]">&gt;&gt;</a>&nbsp;&nbsp;&nbsp;Print_ErrConnect
<LI><a href="#[bc]">&gt;&gt;</a>&nbsp;&nbsp;&nbsp;Menu_Update
<LI><a href="#[bb]">&gt;&gt;</a>&nbsp;&nbsp;&nbsp;Print_FireLineState
<LI><a href="#[ba]">&gt;&gt;</a>&nbsp;&nbsp;&nbsp;Print_SirenSate
<LI><a href="#[b9]">&gt;&gt;</a>&nbsp;&nbsp;&nbsp;Menu_InputConfigUpdate
<LI><a href="#[b8]">&gt;&gt;</a>&nbsp;&nbsp;&nbsp;Menu_CalendarUpdate
<LI><a href="#[b7]">&gt;&gt;</a>&nbsp;&nbsp;&nbsp;Menu_TimeUpdate
<LI><a href="#[b4]">&gt;&gt;</a>&nbsp;&nbsp;&nbsp;Menu_GroupUpdate
<LI><a href="#[b2]">&gt;&gt;</a>&nbsp;&nbsp;&nbsp;Menu_AddressUpdate
<LI><a href="#[b1]">&gt;&gt;</a>&nbsp;&nbsp;&nbsp;LogGetRusText
<LI><a href="#[c8]">&gt;&gt;</a>&nbsp;&nbsp;&nbsp;PrintFaults
<LI><a href="#[c7]">&gt;&gt;</a>&nbsp;&nbsp;&nbsp;PrintActive
<LI><a href="#[ad]">&gt;&gt;</a>&nbsp;&nbsp;&nbsp;Page_Header
<LI><a href="#[ab]">&gt;&gt;</a>&nbsp;&nbsp;&nbsp;LcdPrint
<LI><a href="#[a9]">&gt;&gt;</a>&nbsp;&nbsp;&nbsp;LcdBinToDecWithDot
<LI><a href="#[6b]">&gt;&gt;</a>&nbsp;&nbsp;&nbsp;LcdPrintHEX
<LI><a href="#[9]">&gt;&gt;</a>&nbsp;&nbsp;&nbsp;SVC_Handler
<LI><a href="#[8]">&gt;&gt;</a>&nbsp;&nbsp;&nbsp;UsageFault_Handler
<LI><a href="#[7]">&gt;&gt;</a>&nbsp;&nbsp;&nbsp;BusFault_Handler
<LI><a href="#[6]">&gt;&gt;</a>&nbsp;&nbsp;&nbsp;MemManage_Handler
<LI><a href="#[4]">&gt;&gt;</a>&nbsp;&nbsp;&nbsp;NMI_Handler
<LI><a href="#[3d]">&gt;&gt;</a>&nbsp;&nbsp;&nbsp;HardFault_Handler_2
</UL>

<P><STRONG><a name="[a6]"></a>LcdImage</STRONG> (Thumb, 44 bytes, Stack size 16 bytes, lcd.o(.text), UNUSED)
<BR><BR>[Calls]<UL><LI><a href="#[59]">&gt;&gt;</a>&nbsp;&nbsp;&nbsp;Lcd12864_Send
</UL>
<BR>[Called By]<UL><LI><a href="#[af]">&gt;&gt;</a>&nbsp;&nbsp;&nbsp;Menu_Logo
</UL>

<P><STRONG><a name="[a7]"></a>LcdPutUint</STRONG> (Thumb, 90 bytes, Stack size 28 bytes, lcd.o(.text), UNUSED)
<BR><BR>[Calls]<UL><LI><a href="#[a5]">&gt;&gt;</a>&nbsp;&nbsp;&nbsp;LcdChr
</UL>

<P><STRONG><a name="[a8]"></a>LcdBinToDec</STRONG> (Thumb, 158 bytes, Stack size 24 bytes, lcd.o(.text))
<BR><BR>[Stack]<UL><LI>Max Depth = 36<LI>Call Chain = LcdBinToDec &rArr; LcdChr
</UL>
<BR>[Calls]<UL><LI><a href="#[a5]">&gt;&gt;</a>&nbsp;&nbsp;&nbsp;LcdChr
</UL>
<BR>[Called By]<UL><LI><a href="#[d1]">&gt;&gt;</a>&nbsp;&nbsp;&nbsp;Display_AddressGroupAndMicState
<LI><a href="#[bc]">&gt;&gt;</a>&nbsp;&nbsp;&nbsp;Menu_Update
<LI><a href="#[b9]">&gt;&gt;</a>&nbsp;&nbsp;&nbsp;Menu_InputConfigUpdate
<LI><a href="#[b8]">&gt;&gt;</a>&nbsp;&nbsp;&nbsp;Menu_CalendarUpdate
<LI><a href="#[b7]">&gt;&gt;</a>&nbsp;&nbsp;&nbsp;Menu_TimeUpdate
<LI><a href="#[b5]">&gt;&gt;</a>&nbsp;&nbsp;&nbsp;DisplayDateAndTimeEvent
<LI><a href="#[b4]">&gt;&gt;</a>&nbsp;&nbsp;&nbsp;Menu_GroupUpdate
<LI><a href="#[b2]">&gt;&gt;</a>&nbsp;&nbsp;&nbsp;Menu_AddressUpdate
<LI><a href="#[b1]">&gt;&gt;</a>&nbsp;&nbsp;&nbsp;LogGetRusText
<LI><a href="#[ad]">&gt;&gt;</a>&nbsp;&nbsp;&nbsp;Page_Header
</UL>

<P><STRONG><a name="[a9]"></a>LcdBinToDecWithDot</STRONG> (Thumb, 170 bytes, Stack size 28 bytes, lcd.o(.text))
<BR><BR>[Stack]<UL><LI>Max Depth = 52<LI>Call Chain = LcdBinToDecWithDot &rArr; LcdOutStr &rArr; LcdChr
</UL>
<BR>[Calls]<UL><LI><a href="#[a5]">&gt;&gt;</a>&nbsp;&nbsp;&nbsp;LcdChr
<LI><a href="#[68]">&gt;&gt;</a>&nbsp;&nbsp;&nbsp;LcdOutStr
</UL>
<BR>[Called By]<UL><LI><a href="#[bc]">&gt;&gt;</a>&nbsp;&nbsp;&nbsp;Menu_Update
</UL>

<P><STRONG><a name="[aa]"></a>LcdBinToDecBold</STRONG> (Thumb, 174 bytes, Stack size 24 bytes, lcd.o(.text), UNUSED)
<BR><BR>[Calls]<UL><LI><a href="#[a1]">&gt;&gt;</a>&nbsp;&nbsp;&nbsp;LcdChrBold
</UL>

<P><STRONG><a name="[ab]"></a>LcdPrint</STRONG> (Thumb, 26 bytes, Stack size 16 bytes, lcd.o(.text), UNUSED)
<BR><BR>[Calls]<UL><LI><a href="#[69]">&gt;&gt;</a>&nbsp;&nbsp;&nbsp;LcdSetCursor
<LI><a href="#[68]">&gt;&gt;</a>&nbsp;&nbsp;&nbsp;LcdOutStr
</UL>

<P><STRONG><a name="[ac]"></a>LcdPrintOneHEX</STRONG> (Thumb, 36 bytes, Stack size 8 bytes, lcd.o(.text))
<BR><BR>[Stack]<UL><LI>Max Depth = 20<LI>Call Chain = LcdPrintOneHEX &rArr; LcdChr
</UL>
<BR>[Calls]<UL><LI><a href="#[a5]">&gt;&gt;</a>&nbsp;&nbsp;&nbsp;LcdChr
</UL>
<BR>[Called By]<UL><LI><a href="#[6b]">&gt;&gt;</a>&nbsp;&nbsp;&nbsp;LcdPrintHEX
</UL>

<P><STRONG><a name="[6b]"></a>LcdPrintHEX</STRONG> (Thumb, 90 bytes, Stack size 12 bytes, lcd.o(.text))
<BR><BR>[Stack]<UL><LI>Max Depth = 36<LI>Call Chain = LcdPrintHEX &rArr; LcdOutStr &rArr; LcdChr
</UL>
<BR>[Calls]<UL><LI><a href="#[ac]">&gt;&gt;</a>&nbsp;&nbsp;&nbsp;LcdPrintOneHEX
<LI><a href="#[68]">&gt;&gt;</a>&nbsp;&nbsp;&nbsp;LcdOutStr
</UL>
<BR>[Called By]<UL><LI><a href="#[3d]">&gt;&gt;</a>&nbsp;&nbsp;&nbsp;HardFault_Handler_2
</UL>

<P><STRONG><a name="[fd]"></a>Menu_Init</STRONG> (Thumb, 2 bytes, Stack size 0 bytes, lcdmenu.o(.text))
<BR><BR>[Called By]<UL><LI><a href="#[fb]">&gt;&gt;</a>&nbsp;&nbsp;&nbsp;Task_Begin
</UL>

<P><STRONG><a name="[b3]"></a>Menu</STRONG> (Thumb, 18 bytes, Stack size 0 bytes, lcdmenu.o(.text))
<BR><BR>[Called By]<UL><LI><a href="#[c6]">&gt;&gt;</a>&nbsp;&nbsp;&nbsp;Print_SpLineState
<LI><a href="#[c1]">&gt;&gt;</a>&nbsp;&nbsp;&nbsp;Print_PowerState
<LI><a href="#[bc]">&gt;&gt;</a>&nbsp;&nbsp;&nbsp;Menu_Update
<LI><a href="#[b4]">&gt;&gt;</a>&nbsp;&nbsp;&nbsp;Menu_GroupUpdate
<LI><a href="#[b2]">&gt;&gt;</a>&nbsp;&nbsp;&nbsp;Menu_AddressUpdate
<LI><a href="#[ed]">&gt;&gt;</a>&nbsp;&nbsp;&nbsp;Task_CofigModeUnit
<LI><a href="#[e2]">&gt;&gt;</a>&nbsp;&nbsp;&nbsp;Task_RS485ParsingCmdFromMB
</UL>

<P><STRONG><a name="[e9]"></a>Menu_IndexReg</STRONG> (Thumb, 6 bytes, Stack size 0 bytes, lcdmenu.o(.text))
<BR><BR>[Called By]<UL><LI><a href="#[ed]">&gt;&gt;</a>&nbsp;&nbsp;&nbsp;Task_CofigModeUnit
<LI><a href="#[e2]">&gt;&gt;</a>&nbsp;&nbsp;&nbsp;Task_RS485ParsingCmdFromMB
</UL>

<P><STRONG><a name="[f1]"></a>Menu_IndexRegCleare</STRONG> (Thumb, 12 bytes, Stack size 0 bytes, lcdmenu.o(.text))
<BR><BR>[Called By]<UL><LI><a href="#[f6]">&gt;&gt;</a>&nbsp;&nbsp;&nbsp;Task_LockModeUnit
<LI><a href="#[f0]">&gt;&gt;</a>&nbsp;&nbsp;&nbsp;Task_ControlModeUnit
</UL>

<P><STRONG><a name="[af]"></a>Menu_Logo</STRONG> (Thumb, 18 bytes, Stack size 8 bytes, lcdmenu.o(.text), UNUSED)
<BR><BR>[Calls]<UL><LI><a href="#[a6]">&gt;&gt;</a>&nbsp;&nbsp;&nbsp;LcdImage
<LI><a href="#[6c]">&gt;&gt;</a>&nbsp;&nbsp;&nbsp;LcdUpdateAll
<LI><a href="#[67]">&gt;&gt;</a>&nbsp;&nbsp;&nbsp;LcdClear
</UL>

<P><STRONG><a name="[b0]"></a>Menu_ProgressBar</STRONG> (Thumb, 414 bytes, Stack size 8 bytes, lcdmenu.o(.text), UNUSED)
<BR><BR>[Calls]<UL><LI><a href="#[9e]">&gt;&gt;</a>&nbsp;&nbsp;&nbsp;LcdCircle
<LI><a href="#[9c]">&gt;&gt;</a>&nbsp;&nbsp;&nbsp;LcdLine
</UL>

<P><STRONG><a name="[b1]"></a>LogGetRusText</STRONG> (Thumb, 190 bytes, Stack size 8 bytes, lcdmenu.o(.text))
<BR><BR>[Stack]<UL><LI>Max Depth = 44<LI>Call Chain = LogGetRusText &rArr; LcdBinToDec &rArr; LcdChr
</UL>
<BR>[Calls]<UL><LI><a href="#[a8]">&gt;&gt;</a>&nbsp;&nbsp;&nbsp;LcdBinToDec
<LI><a href="#[68]">&gt;&gt;</a>&nbsp;&nbsp;&nbsp;LcdOutStr
</UL>
<BR>[Called By]<UL><LI><a href="#[bc]">&gt;&gt;</a>&nbsp;&nbsp;&nbsp;Menu_Update
</UL>

<P><STRONG><a name="[b2]"></a>Menu_AddressUpdate</STRONG> (Thumb, 84 bytes, Stack size 24 bytes, lcdmenu.o(.text))
<BR><BR>[Stack]<UL><LI>Max Depth = 60<LI>Call Chain = Menu_AddressUpdate &rArr; LcdBinToDec &rArr; LcdChr
</UL>
<BR>[Calls]<UL><LI><a href="#[b3]">&gt;&gt;</a>&nbsp;&nbsp;&nbsp;Menu
<LI><a href="#[a8]">&gt;&gt;</a>&nbsp;&nbsp;&nbsp;LcdBinToDec
<LI><a href="#[69]">&gt;&gt;</a>&nbsp;&nbsp;&nbsp;LcdSetCursor
<LI><a href="#[68]">&gt;&gt;</a>&nbsp;&nbsp;&nbsp;LcdOutStr
</UL>
<BR>[Called By]<UL><LI><a href="#[bc]">&gt;&gt;</a>&nbsp;&nbsp;&nbsp;Menu_Update
<LI><a href="#[ed]">&gt;&gt;</a>&nbsp;&nbsp;&nbsp;Task_CofigModeUnit
</UL>

<P><STRONG><a name="[b4]"></a>Menu_GroupUpdate</STRONG> (Thumb, 84 bytes, Stack size 24 bytes, lcdmenu.o(.text))
<BR><BR>[Stack]<UL><LI>Max Depth = 60<LI>Call Chain = Menu_GroupUpdate &rArr; LcdBinToDec &rArr; LcdChr
</UL>
<BR>[Calls]<UL><LI><a href="#[b3]">&gt;&gt;</a>&nbsp;&nbsp;&nbsp;Menu
<LI><a href="#[a8]">&gt;&gt;</a>&nbsp;&nbsp;&nbsp;LcdBinToDec
<LI><a href="#[69]">&gt;&gt;</a>&nbsp;&nbsp;&nbsp;LcdSetCursor
<LI><a href="#[68]">&gt;&gt;</a>&nbsp;&nbsp;&nbsp;LcdOutStr
</UL>
<BR>[Called By]<UL><LI><a href="#[bc]">&gt;&gt;</a>&nbsp;&nbsp;&nbsp;Menu_Update
<LI><a href="#[ed]">&gt;&gt;</a>&nbsp;&nbsp;&nbsp;Task_CofigModeUnit
</UL>

<P><STRONG><a name="[b5]"></a>DisplayDateAndTimeEvent</STRONG> (Thumb, 354 bytes, Stack size 24 bytes, lcdmenu.o(.text))
<BR><BR>[Stack]<UL><LI>Max Depth = 60<LI>Call Chain = DisplayDateAndTimeEvent &rArr; LcdBinToDec &rArr; LcdChr
</UL>
<BR>[Calls]<UL><LI><a href="#[a8]">&gt;&gt;</a>&nbsp;&nbsp;&nbsp;LcdBinToDec
<LI><a href="#[a5]">&gt;&gt;</a>&nbsp;&nbsp;&nbsp;LcdChr
<LI><a href="#[b6]">&gt;&gt;</a>&nbsp;&nbsp;&nbsp;CounterToTimeAndDate
<LI><a href="#[ae]">&gt;&gt;</a>&nbsp;&nbsp;&nbsp;DateAhdTimeGet
<LI><a href="#[69]">&gt;&gt;</a>&nbsp;&nbsp;&nbsp;LcdSetCursor
</UL>
<BR>[Called By]<UL><LI><a href="#[bc]">&gt;&gt;</a>&nbsp;&nbsp;&nbsp;Menu_Update
</UL>

<P><STRONG><a name="[b7]"></a>Menu_TimeUpdate</STRONG> (Thumb, 198 bytes, Stack size 24 bytes, lcdmenu.o(.text))
<BR><BR>[Stack]<UL><LI>Max Depth = 60<LI>Call Chain = Menu_TimeUpdate &rArr; LcdBinToDec &rArr; LcdChr
</UL>
<BR>[Calls]<UL><LI><a href="#[a8]">&gt;&gt;</a>&nbsp;&nbsp;&nbsp;LcdBinToDec
<LI><a href="#[a5]">&gt;&gt;</a>&nbsp;&nbsp;&nbsp;LcdChr
<LI><a href="#[69]">&gt;&gt;</a>&nbsp;&nbsp;&nbsp;LcdSetCursor
<LI><a href="#[68]">&gt;&gt;</a>&nbsp;&nbsp;&nbsp;LcdOutStr
</UL>
<BR>[Called By]<UL><LI><a href="#[bc]">&gt;&gt;</a>&nbsp;&nbsp;&nbsp;Menu_Update
<LI><a href="#[ed]">&gt;&gt;</a>&nbsp;&nbsp;&nbsp;Task_CofigModeUnit
</UL>

[...]
<BR><BR>[Stack]<UL><LI>Max Depth = 56<LI>Call Chain = Task_GetControl &rArr; Button_CheckLoop &rArr; Sm1628ReadButton &rArr; Sm1628ReadData &rArr; Sm1628SendByte &rArr; Spi2TxData
</UL>
<BR>[Calls]<UL><LI><a href="#[e4]">&gt;&gt;</a>&nbsp;&nbsp;&nbsp;RS485_Flags
<LI><a href="#[73]">&gt;&gt;</a>&nbsp;&nbsp;&nbsp;Button_CheckLoop
<LI><a href="#[f9]">&gt;&gt;</a>&nbsp;&nbsp;&nbsp;GpioCheck
<LI><a href="#[fa]">&gt;&gt;</a>&nbsp;&nbsp;&nbsp;Scheduler_SetTimerTask
<LI><a href="#[51]">&gt;&gt;</a>&nbsp;&nbsp;&nbsp;Scheduler_SetTask
</UL>
<BR>[Address Reference Count : 1]<UL><LI> main.o(.text)
</UL>
<P><STRONG><a name="[fb]"></a>Task_Begin</STRONG> (Thumb, 72 bytes, Stack size 8 bytes, main.o(.text))
<BR><BR>[Stack]<UL><LI>Max Depth = 40<LI>Call Chain = Task_Begin &rArr; RS485_Init &rArr; Uart1Init &rArr; DMA1Ch4InitForTx
</UL>
<BR>[Calls]<UL><LI><a href="#[fd]">&gt;&gt;</a>&nbsp;&nbsp;&nbsp;Menu_Init
<LI><a href="#[fe]">&gt;&gt;</a>&nbsp;&nbsp;&nbsp;TimeInit
<LI><a href="#[8e]">&gt;&gt;</a>&nbsp;&nbsp;&nbsp;RS485_Init
<LI><a href="#[f9]">&gt;&gt;</a>&nbsp;&nbsp;&nbsp;GpioCheck
<LI><a href="#[51]">&gt;&gt;</a>&nbsp;&nbsp;&nbsp;Scheduler_SetTask
<LI><a href="#[fc]">&gt;&gt;</a>&nbsp;&nbsp;&nbsp;Delay_mSec
</UL>
<BR>[Address Reference Count : 1]<UL><LI> main.o(.text)
</UL>
<P><STRONG><a name="[48]"></a>main</STRONG> (Thumb, 50 bytes, Stack size 0 bytes, main.o(.text))
<BR><BR>[Stack]<UL><LI>Max Depth = 48<LI>Call Chain = main &rArr; LcdInit &rArr; Lcd12864_Init &rArr; Lcd12864_Send &rArr; Lcd12864Strob &rArr; Pause
</UL>
<BR>[Calls]<UL><LI><a href="#[102]">&gt;&gt;</a>&nbsp;&nbsp;&nbsp;FsmMessagesInit
<LI><a href="#[98]">&gt;&gt;</a>&nbsp;&nbsp;&nbsp;LcdInit
<LI><a href="#[3f]">&gt;&gt;</a>&nbsp;&nbsp;&nbsp;SysInit
<LI><a href="#[100]">&gt;&gt;</a>&nbsp;&nbsp;&nbsp;Spi2Init
<LI><a href="#[ff]">&gt;&gt;</a>&nbsp;&nbsp;&nbsp;GpioInit
<LI><a href="#[53]">&gt;&gt;</a>&nbsp;&nbsp;&nbsp;SysTickInit
<LI><a href="#[103]">&gt;&gt;</a>&nbsp;&nbsp;&nbsp;Scheduler_Init
<LI><a href="#[51]">&gt;&gt;</a>&nbsp;&nbsp;&nbsp;Scheduler_SetTask
<LI><a href="#[4f]">&gt;&gt;</a>&nbsp;&nbsp;&nbsp;Scheduler
<LI><a href="#[101]">&gt;&gt;</a>&nbsp;&nbsp;&nbsp;SwTimersInit
</UL>
<BR>[Called By]<UL><LI><a href="#[47]">&gt;&gt;</a>&nbsp;&nbsp;&nbsp;__rt_entry_main
</UL>

<P><STRONG><a name="[c]"></a>SysTick_Handler</STRONG> (Thumb, 66 bytes, Stack size 8 bytes, main.o(.text))
<BR><BR>[Stack]<UL><LI>Max Depth = 24<LI>Call Chain = SysTick_Handler &rArr; LedControl
</UL>
<BR>[Calls]<UL><LI><a href="#[d2]">&gt;&gt;</a>&nbsp;&nbsp;&nbsp;MotherBoard
<LI><a href="#[9a]">&gt;&gt;</a>&nbsp;&nbsp;&nbsp;LcdBackLight
<LI><a href="#[106]">&gt;&gt;</a>&nbsp;&nbsp;&nbsp;RS485_TimeOutInc
<LI><a href="#[87]">&gt;&gt;</a>&nbsp;&nbsp;&nbsp;LedControl
<LI><a href="#[e0]">&gt;&gt;</a>&nbsp;&nbsp;&nbsp;LedSetAll
<LI><a href="#[80]">&gt;&gt;</a>&nbsp;&nbsp;&nbsp;Blink
<LI><a href="#[105]">&gt;&gt;</a>&nbsp;&nbsp;&nbsp;Blink_Loop
<LI><a href="#[50]">&gt;&gt;</a>&nbsp;&nbsp;&nbsp;Scheduler_TimerService
<LI><a href="#[104]">&gt;&gt;</a>&nbsp;&nbsp;&nbsp;SwTimersLoop
</UL>
<BR>[Address Reference Count : 1]<UL><LI> startup_stm32f10x_md.o(RESET)
</UL>
<P><STRONG><a name="[94]"></a>FacePanel_WorkReg</STRONG> (Thumb, 4 bytes, Stack size 0 bytes, fp_facepanel.o(.text))
<BR><BR>[Called By]<UL><LI><a href="#[91]">&gt;&gt;</a>&nbsp;&nbsp;&nbsp;RS485_TxDataToMB
<LI><a href="#[ed]">&gt;&gt;</a>&nbsp;&nbsp;&nbsp;Task_CofigModeUnit
</UL>

<P><STRONG><a name="[c5]"></a>SpLine_GetOutStateForTxt</STRONG> (Thumb, 52 bytes, Stack size 0 bytes, mb_motherboard.o(.text))
<BR><BR>[Called By]<UL><LI><a href="#[c4]">&gt;&gt;</a>&nbsp;&nbsp;&nbsp;Text_GetSpLineState
</UL>

<P><STRONG><a name="[7a]"></a>SpLine_GetOutStateForLed</STRONG> (Thumb, 44 bytes, Stack size 0 bytes, mb_motherboard.o(.text))
<BR><BR>[Called By]<UL><LI><a href="#[85]">&gt;&gt;</a>&nbsp;&nbsp;&nbsp;LedPresetControl
<LI><a href="#[77]">&gt;&gt;</a>&nbsp;&nbsp;&nbsp;Faults_Loop
<LI><a href="#[df]">&gt;&gt;</a>&nbsp;&nbsp;&nbsp;Task_LedUpdate
</UL>

<P><STRONG><a name="[86]"></a>SpLine_GetOutState</STRONG> (Thumb, 88 bytes, Stack size 0 bytes, mb_motherboard.o(.text))
<BR><BR>[Called By]<UL><LI><a href="#[d0]">&gt;&gt;</a>&nbsp;&nbsp;&nbsp;Display_Manual
<LI><a href="#[ca]">&gt;&gt;</a>&nbsp;&nbsp;&nbsp;Display_Mic
<LI><a href="#[85]">&gt;&gt;</a>&nbsp;&nbsp;&nbsp;LedPresetControl
<LI><a href="#[f6]">&gt;&gt;</a>&nbsp;&nbsp;&nbsp;Task_LockModeUnit
<LI><a href="#[f0]">&gt;&gt;</a>&nbsp;&nbsp;&nbsp;Task_ControlModeUnit
</UL>

<P><STRONG><a name="[f3]"></a>SpLine_CompareAllLinesWith</STRONG> (Thumb, 82 bytes, Stack size 0 bytes, mb_motherboard.o(.text))
<BR><BR>[Called By]<UL><LI><a href="#[f6]">&gt;&gt;</a>&nbsp;&nbsp;&nbsp;Task_LockModeUnit
<LI><a href="#[f0]">&gt;&gt;</a>&nbsp;&nbsp;&nbsp;Task_ControlModeUnit
</UL>

<P><STRONG><a name="[95]"></a>SpLine_Param</STRONG> (Thumb, 4 bytes, Stack size 0 bytes, mb_motherboard.o(.text))
<BR><BR>[Called By]<UL><LI><a href="#[91]">&gt;&gt;</a>&nbsp;&nbsp;&nbsp;RS485_TxDataToMB
<LI><a href="#[ed]">&gt;&gt;</a>&nbsp;&nbsp;&nbsp;Task_CofigModeUnit
</UL>

<P><STRONG><a name="[7b]"></a>FireLine_GetLineState</STRONG> (Thumb, 52 bytes, Stack size 0 bytes, mb_motherboard.o(.text))
<BR><BR>[Called By]<UL><LI><a href="#[bb]">&gt;&gt;</a>&nbsp;&nbsp;&nbsp;Print_FireLineState
<LI><a href="#[77]">&gt;&gt;</a>&nbsp;&nbsp;&nbsp;Faults_Loop
<LI><a href="#[df]">&gt;&gt;</a>&nbsp;&nbsp;&nbsp;Task_LedUpdate
</UL>

<P><STRONG><a name="[cd]"></a>FireLine_GetInState</STRONG> (Thumb, 60 bytes, Stack size 0 bytes, mb_motherboard.o(.text))
<BR><BR>[Called By]<UL><LI><a href="#[cc]">&gt;&gt;</a>&nbsp;&nbsp;&nbsp;Display_Fire
<LI><a href="#[dc]">&gt;&gt;</a>&nbsp;&nbsp;&nbsp;Task_PriorityGet
</UL>

<P><STRONG><a name="[f2]"></a>FireLine_CompareAllLinesWith</STRONG> (Thumb, 46 bytes, Stack size 0 bytes, mb_motherboard.o(.text))
<BR><BR>[Called By]<UL><LI><a href="#[f6]">&gt;&gt;</a>&nbsp;&nbsp;&nbsp;Task_LockModeUnit
<LI><a href="#[f0]">&gt;&gt;</a>&nbsp;&nbsp;&nbsp;Task_ControlModeUnit
</UL>

<P><STRONG><a name="[e5]"></a>MotherBoard_SaveData</STRONG> (Thumb, 270 bytes, Stack size 8 bytes, mb_motherboard.o(.text))
<BR><BR>[Stack]<UL><LI>Max Depth = 8<LI>Call Chain = MotherBoard_SaveData
</UL>
<BR>[Called By]<UL><LI><a href="#[e2]">&gt;&gt;</a>&nbsp;&nbsp;&nbsp;Task_RS485ParsingCmdFromMB
</UL>

<P><STRONG><a name="[d2]"></a>MotherBoard</STRONG> (Thumb, 4 bytes, Stack size 0 bytes, mb_motherboard.o(.text))
<BR><BR>[Called By]<UL><LI><a href="#[d1]">&gt;&gt;</a>&nbsp;&nbsp;&nbsp;Display_AddressGroupAndMicState
<LI><a href="#[c]">&gt;&gt;</a>&nbsp;&nbsp;&nbsp;SysTick_Handler
<LI><a href="#[f6]">&gt;&gt;</a>&nbsp;&nbsp;&nbsp;Task_LockModeUnit
<LI><a href="#[f0]">&gt;&gt;</a>&nbsp;&nbsp;&nbsp;Task_ControlModeUnit
<LI><a href="#[df]">&gt;&gt;</a>&nbsp;&nbsp;&nbsp;Task_LedUpdate
</UL>

<P><STRONG><a name="[79]"></a>PowerDevice</STRONG> (Thumb, 4 bytes, Stack size 0 bytes, mb_motherboard.o(.text))
<BR><BR>[Called By]<UL><LI><a href="#[c1]">&gt;&gt;</a>&nbsp;&nbsp;&nbsp;Print_PowerState
<LI><a href="#[bc]">&gt;&gt;</a>&nbsp;&nbsp;&nbsp;Menu_Update
<LI><a href="#[91]">&gt;&gt;</a>&nbsp;&nbsp;&nbsp;RS485_TxDataToMB
<LI><a href="#[77]">&gt;&gt;</a>&nbsp;&nbsp;&nbsp;Faults_Loop
<LI><a href="#[ed]">&gt;&gt;</a>&nbsp;&nbsp;&nbsp;Task_CofigModeUnit
<LI><a href="#[e2]">&gt;&gt;</a>&nbsp;&nbsp;&nbsp;Task_RS485ParsingCmdFromMB
<LI><a href="#[df]">&gt;&gt;</a>&nbsp;&nbsp;&nbsp;Task_LedUpdate
</UL>

<P><STRONG><a name="[e8]"></a>LogSaveEvent</STRONG> (Thumb, 22 bytes, Stack size 0 bytes, mb_motherboard.o(.text))
<BR><BR>[Called By]<UL><LI><a href="#[e2]">&gt;&gt;</a>&nbsp;&nbsp;&nbsp;Task_RS485ParsingCmdFromMB
</UL>

<P><STRONG><a name="[96]"></a>Log</STRONG> (Thumb, 4 bytes, Stack size 0 bytes, mb_motherboard.o(.text))
<BR><BR>[Called By]<UL><LI><a href="#[bc]">&gt;&gt;</a>&nbsp;&nbsp;&nbsp;Menu_Update
<LI><a href="#[91]">&gt;&gt;</a>&nbsp;&nbsp;&nbsp;RS485_TxDataToMB
<LI><a href="#[ed]">&gt;&gt;</a>&nbsp;&nbsp;&nbsp;Task_CofigModeUnit
<LI><a href="#[e2]">&gt;&gt;</a>&nbsp;&nbsp;&nbsp;Task_RS485ParsingCmdFromMB
</UL>

<P><STRONG><a name="[ea]"></a>FireLine_Save</STRONG> (Thumb, 68 bytes, Stack size 12 bytes, mb_motherboard.o(.text))
<BR><BR>[Stack]<UL><LI>Max Depth = 12<LI>Call Chain = FireLine_Save
</UL>
<BR>[Called By]<UL><LI><a href="#[e2]">&gt;&gt;</a>&nbsp;&nbsp;&nbsp;Task_RS485ParsingCmdFromMB
</UL>

<P><STRONG><a name="[bd]"></a>FireLine</STRONG> (Thumb, 14 bytes, Stack size 0 bytes, mb_motherboard.o(.text))
<BR><BR>[Called By]<UL><LI><a href="#[bc]">&gt;&gt;</a>&nbsp;&nbsp;&nbsp;Menu_Update
<LI><a href="#[ed]">&gt;&gt;</a>&nbsp;&nbsp;&nbsp;Task_CofigModeUnit
<LI><a href="#[e2]">&gt;&gt;</a>&nbsp;&nbsp;&nbsp;Task_RS485ParsingCmdFromMB
</UL>

<P><STRONG><a name="[e6]"></a>Siren_SaveData</STRONG> (Thumb, 24 bytes, Stack size 0 bytes, sb_sirenboard.o(.text))
<BR><BR>[Called By]<UL><LI><a href="#[e2]">&gt;&gt;</a>&nbsp;&nbsp;&nbsp;Task_RS485ParsingCmdFromMB
</UL>

<P><STRONG><a name="[7c]"></a>Siren</STRONG> (Thumb, 4 bytes, Stack size 0 bytes, sb_sirenboard.o(.text))
<BR><BR>[Called By]<UL><LI><a href="#[bc]">&gt;&gt;</a>&nbsp;&nbsp;&nbsp;Menu_Update
<LI><a href="#[77]">&gt;&gt;</a>&nbsp;&nbsp;&nbsp;Faults_Loop
</UL>

<P><STRONG><a name="[145]"></a>__use_two_region_memory</STRONG> (Thumb, 2 bytes, Stack size 0 bytes, heapauxi.o(.text), UNUSED)

<P><STRONG><a name="[146]"></a>__rt_heap_escrow$2region</STRONG> (Thumb, 2 bytes, Stack size 0 bytes, heapauxi.o(.text), UNUSED)

<P><STRONG><a name="[147]"></a>__rt_heap_expand$2region</STRONG> (Thumb, 2 bytes, Stack size 0 bytes, heapauxi.o(.text), UNUSED)

<P><STRONG><a name="[44]"></a>__user_setup_stackheap</STRONG> (Thumb, 74 bytes, Stack size 8 bytes, sys_stackheap_outer.o(.text))
<BR><BR>[Stack]<UL><LI>Max Depth = 8 + Unknown Stack Size
<LI>Call Chain = __user_setup_stackheap
</UL>
<BR>[Calls]<UL><LI><a href="#[108]">&gt;&gt;</a>&nbsp;&nbsp;&nbsp;__user_initial_stackheap
<LI><a href="#[107]">&gt;&gt;</a>&nbsp;&nbsp;&nbsp;__user_perproc_libspace
</UL>
<BR>[Called By]<UL><LI><a href="#[43]">&gt;&gt;</a>&nbsp;&nbsp;&nbsp;__rt_entry_sh
</UL>

<P><STRONG><a name="[49]"></a>exit</STRONG> (Thumb, 18 bytes, Stack size 8 bytes, exit.o(.text))
<BR><BR>[Stack]<UL><LI>Max Depth = 8 + Unknown Stack Size
<LI>Call Chain = exit
</UL>
<BR>[Calls]<UL><LI><a href="#[109]">&gt;&gt;</a>&nbsp;&nbsp;&nbsp;__rt_exit
</UL>
<BR>[Called By]<UL><LI><a href="#[47]">&gt;&gt;</a>&nbsp;&nbsp;&nbsp;__rt_entry_main
</UL>

<P><STRONG><a name="[148]"></a>__user_libspace</STRONG> (Thumb, 8 bytes, Stack size 0 bytes, libspace.o(.text), UNUSED)

<P><STRONG><a name="[107]"></a>__user_perproc_libspace</STRONG> (Thumb, 0 bytes, Stack size 0 bytes, libspace.o(.text))
<BR><BR>[Called By]<UL><LI><a href="#[44]">&gt;&gt;</a>&nbsp;&nbsp;&nbsp;__user_setup_stackheap
</UL>

<P><STRONG><a name="[149]"></a>__user_perthread_libspace</STRONG> (Thumb, 0 bytes, Stack size 0 bytes, libspace.o(.text), UNUSED)

<P><STRONG><a name="[4d]"></a>_sys_exit</STRONG> (Thumb, 8 bytes, Stack size 0 bytes, sys_exit.o(.text))
<BR><BR>[Called By]<UL><LI><a href="#[4c]">&gt;&gt;</a>&nbsp;&nbsp;&nbsp;__rt_exit_exit
</UL>

<P><STRONG><a name="[14a]"></a>__I$use$semihosting</STRONG> (Thumb, 0 bytes, Stack size 0 bytes, use_no_semi.o(.text), UNUSED)

<P><STRONG><a name="[14b]"></a>__use_no_semihosting_swi</STRONG> (Thumb, 2 bytes, Stack size 0 bytes, use_no_semi.o(.text), UNUSED)

<P><STRONG><a name="[14c]"></a>__semihosting_library_function</STRONG> (Thumb, 0 bytes, Stack size unknown bytes, indicate_semi.o(.text), UNUSED)
<P>
<H3>
Local Symbols
</H3>
<P><STRONG><a name="[55]"></a>Pause</STRONG> (Thumb, 20 bytes, Stack size 8 bytes, lcd12864.o(.text))
<BR><BR>[Stack]<UL><LI>Max Depth = 8<LI>Call Chain = Pause
</UL>
<BR>[Called By]<UL><LI><a href="#[59]">&gt;&gt;</a>&nbsp;&nbsp;&nbsp;Lcd12864_Send
<LI><a href="#[54]">&gt;&gt;</a>&nbsp;&nbsp;&nbsp;Lcd12864Strob
</UL>

<P><STRONG><a name="[58]"></a>Lcd12864DataPortOUTPUT</STRONG> (Thumb, 24 bytes, Stack size 0 bytes, lcd12864.o(.text))
<BR><BR>[Called By]<UL><LI><a href="#[56]">&gt;&gt;</a>&nbsp;&nbsp;&nbsp;Lcd12864ReadStatusReg
</UL>

<P><STRONG><a name="[57]"></a>Lcd12864DataPortINPUT</STRONG> (Thumb, 34 bytes, Stack size 0 bytes, lcd12864.o(.text))
<BR><BR>[Called By]<UL><LI><a href="#[56]">&gt;&gt;</a>&nbsp;&nbsp;&nbsp;Lcd12864ReadStatusReg
</UL>

<P><STRONG><a name="[5b]"></a>Lcd12864GpioInit</STRONG> (Thumb, 90 bytes, Stack size 0 bytes, lcd12864.o(.text))
<BR><BR>[Called By]<UL><LI><a href="#[5a]">&gt;&gt;</a>&nbsp;&nbsp;&nbsp;Lcd12864_Init
</UL>

<P><STRONG><a name="[54]"></a>Lcd12864Strob</STRONG> (Thumb, 36 bytes, Stack size 8 bytes, lcd12864.o(.text))
<BR><BR>[Stack]<UL><LI>Max Depth = 16<LI>Call Chain = Lcd12864Strob &rArr; Pause
</UL>
<BR>[Calls]<UL><LI><a href="#[55]">&gt;&gt;</a>&nbsp;&nbsp;&nbsp;Pause
</UL>
<BR>[Called By]<UL><LI><a href="#[59]">&gt;&gt;</a>&nbsp;&nbsp;&nbsp;Lcd12864_Send
<LI><a href="#[56]">&gt;&gt;</a>&nbsp;&nbsp;&nbsp;Lcd12864ReadStatusReg
</UL>

<P><STRONG><a name="[56]"></a>Lcd12864ReadStatusReg</STRONG> (Thumb, 64 bytes, Stack size 8 bytes, lcd12864.o(.text))
<BR><BR>[Stack]<UL><LI>Max Depth = 24<LI>Call Chain = Lcd12864ReadStatusReg &rArr; Lcd12864Strob &rArr; Pause
</UL>
<BR>[Calls]<UL><LI><a href="#[54]">&gt;&gt;</a>&nbsp;&nbsp;&nbsp;Lcd12864Strob
<LI><a href="#[57]">&gt;&gt;</a>&nbsp;&nbsp;&nbsp;Lcd12864DataPortINPUT
<LI><a href="#[58]">&gt;&gt;</a>&nbsp;&nbsp;&nbsp;Lcd12864DataPortOUTPUT
</UL>
<BR>[Called By]<UL><LI><a href="#[5a]">&gt;&gt;</a>&nbsp;&nbsp;&nbsp;Lcd12864_Init
</UL>

<P><STRONG><a name="[61]"></a>Sm1628Pause</STRONG> (Thumb, 14 bytes, Stack size 0 bytes, sm1628.o(.text))
<BR><BR>[Called By]<UL><LI><a href="#[60]">&gt;&gt;</a>&nbsp;&nbsp;&nbsp;Sm1628SendCmd
</UL>

<P><STRONG><a name="[5e]"></a>Sm1628SendByte</STRONG> (Thumb, 12 bytes, Stack size 8 bytes, sm1628.o(.text))
<BR><BR>[Stack]<UL><LI>Max Depth = 16<LI>Call Chain = Sm1628SendByte &rArr; Spi2TxData
</UL>
<BR>[Calls]<UL><LI><a href="#[5f]">&gt;&gt;</a>&nbsp;&nbsp;&nbsp;Spi2TxData
</UL>
<BR>[Called By]<UL><LI><a href="#[62]">&gt;&gt;</a>&nbsp;&nbsp;&nbsp;Sm1628SendLed
<LI><a href="#[63]">&gt;&gt;</a>&nbsp;&nbsp;&nbsp;Sm1628ReadData
<LI><a href="#[60]">&gt;&gt;</a>&nbsp;&nbsp;&nbsp;Sm1628SendCmd
</UL>

<P><STRONG><a name="[60]"></a>Sm1628SendCmd</STRONG> (Thumb, 34 bytes, Stack size 8 bytes, sm1628.o(.text))
<BR><BR>[Stack]<UL><LI>Max Depth = 24<LI>Call Chain = Sm1628SendCmd &rArr; Sm1628SendByte &rArr; Spi2TxData
</UL>
<BR>[Calls]<UL><LI><a href="#[5e]">&gt;&gt;</a>&nbsp;&nbsp;&nbsp;Sm1628SendByte
<LI><a href="#[61]">&gt;&gt;</a>&nbsp;&nbsp;&nbsp;Sm1628Pause
</UL>
<BR>[Called By]<UL><LI><a href="#[62]">&gt;&gt;</a>&nbsp;&nbsp;&nbsp;Sm1628SendLed
</UL>

<P><STRONG><a name="[63]"></a>Sm1628ReadData</STRONG> (Thumb, 60 bytes, Stack size 16 bytes, sm1628.o(.text))
<BR><BR>[Stack]<UL><LI>Max Depth = 32<LI>Call Chain = Sm1628ReadData &rArr; Sm1628SendByte &rArr; Spi2TxData
</UL>
<BR>[Calls]<UL><LI><a href="#[65]">&gt;&gt;</a>&nbsp;&nbsp;&nbsp;Spi2RxData
<LI><a href="#[64]">&gt;&gt;</a>&nbsp;&nbsp;&nbsp;Spi2BiDirMode
<LI><a href="#[5e]">&gt;&gt;</a>&nbsp;&nbsp;&nbsp;Sm1628SendByte
</UL>
<BR>[Called By]<UL><LI><a href="#[66]">&gt;&gt;</a>&nbsp;&nbsp;&nbsp;Sm1628ReadButton
</UL>

<P><STRONG><a name="[70]"></a>Usart1ClrErrFlag</STRONG> (Thumb, 14 bytes, Stack size 0 bytes, uart_st.o(.text))
<BR><BR>[Called By]<UL><LI><a href="#[32]">&gt;&gt;</a>&nbsp;&nbsp;&nbsp;USART1_IRQHandler
</UL>

<P><STRONG><a name="[6e]"></a>NVIC_EnableIRQ</STRONG> (Thumb, 22 bytes, Stack size 0 bytes, uart_st.o(.text))
<BR><BR>[Called By]<UL><LI><a href="#[6f]">&gt;&gt;</a>&nbsp;&nbsp;&nbsp;Uart1Init
<LI><a href="#[6d]">&gt;&gt;</a>&nbsp;&nbsp;&nbsp;DMA1Ch4InitForTx
</UL>

<P><STRONG><a name="[71]"></a>ButtonSorting</STRONG> (Thumb, 118 bytes, Stack size 16 bytes, buttons.o(.text))
<BR><BR>[Stack]<UL><LI>Max Depth = 16<LI>Call Chain = ButtonSorting
</UL>
<BR>[Calls]<UL><LI><a href="#[72]">&gt;&gt;</a>&nbsp;&nbsp;&nbsp;SM1628Buttons
</UL>
<BR>[Called By]<UL><LI><a href="#[73]">&gt;&gt;</a>&nbsp;&nbsp;&nbsp;Button_CheckLoop
</UL>

<P><STRONG><a name="[7f]"></a>LedPower</STRONG> (Thumb, 92 bytes, Stack size 0 bytes, led.o(.text))
<BR><BR>[Called By]<UL><LI><a href="#[7e]">&gt;&gt;</a>&nbsp;&nbsp;&nbsp;LedPowerIndication
</UL>

<P><STRONG><a name="[82]"></a>LedBattery</STRONG> (Thumb, 92 bytes, Stack size 0 bytes, led.o(.text))
<BR><BR>[Called By]<UL><LI><a href="#[81]">&gt;&gt;</a>&nbsp;&nbsp;&nbsp;LedBatteryIndication
</UL>

<P><STRONG><a name="[84]"></a>LedAmp</STRONG> (Thumb, 92 bytes, Stack size 0 bytes, led.o(.text))
<BR><BR>[Called By]<UL><LI><a href="#[83]">&gt;&gt;</a>&nbsp;&nbsp;&nbsp;LedAmpIndication
</UL>

<P><STRONG><a name="[3b]"></a>RS485_TxBufComplete</STRONG> (Thumb, 22 bytes, Stack size 0 bytes, rs485.o(.text))
<BR>[Address Reference Count : 1]<UL><LI> rs485.o(.text)
</UL>
<P><STRONG><a name="[8a]"></a>RS485_PackCrcCalc</STRONG> (Thumb, 24 bytes, Stack size 8 bytes, rs485.o(.text))
<BR><BR>[Stack]<UL><LI>Max Depth = 16<LI>Call Chain = RS485_PackCrcCalc &rArr; Get_Crc16
</UL>
<BR>[Calls]<UL><LI><a href="#[8b]">&gt;&gt;</a>&nbsp;&nbsp;&nbsp;Get_Crc16
</UL>
<BR>[Called By]<UL><LI><a href="#[90]">&gt;&gt;</a>&nbsp;&nbsp;&nbsp;RS485_StartTxResponse
</UL>

<P><STRONG><a name="[8c]"></a>RS485_StartBufTx</STRONG> (Thumb, 52 bytes, Stack size 16 bytes, rs485.o(.text))
<BR><BR>[Stack]<UL><LI>Max Depth = 16<LI>Call Chain = RS485_StartBufTx
</UL>
<BR>[Calls]<UL><LI><a href="#[8d]">&gt;&gt;</a>&nbsp;&nbsp;&nbsp;DMA1Ch4StartTx
</UL>
<BR>[Called By]<UL><LI><a href="#[90]">&gt;&gt;</a>&nbsp;&nbsp;&nbsp;RS485_StartTxResponse
</UL>

<P><STRONG><a name="[3a]"></a>RS485_RxBufClrHead</STRONG> (Thumb, 14 bytes, Stack size 0 bytes, rs485.o(.text))
<BR><BR>[Called By]<UL><LI><a href="#[39]">&gt;&gt;</a>&nbsp;&nbsp;&nbsp;RS485_RxPacket
</UL>
<BR>[Address Reference Count : 1]<UL><LI> rs485.o(.text)
</UL>
<P><STRONG><a name="[39]"></a>RS485_RxPacket</STRONG> (Thumb, 286 bytes, Stack size 16 bytes, rs485.o(.text))
<BR><BR>[Stack]<UL><LI>Max Depth = 24<LI>Call Chain = RS485_RxPacket &rArr; Get_Crc16
</UL>
<BR>[Calls]<UL><LI><a href="#[3a]">&gt;&gt;</a>&nbsp;&nbsp;&nbsp;RS485_RxBufClrHead
<LI><a href="#[8b]">&gt;&gt;</a>&nbsp;&nbsp;&nbsp;Get_Crc16
</UL>
<BR>[Address Reference Count : 1]<UL><LI> rs485.o(.text)
</UL>
<P><STRONG><a name="[ad]"></a>Page_Header</STRONG> (Thumb, 130 bytes, Stack size 16 bytes, lcdmenu.o(.text))
<BR><BR>[Stack]<UL><LI>Max Depth = 76<LI>Call Chain = Page_Header &rArr; LcdLine &rArr; LcdPixel
</UL>
<BR>[Calls]<UL><LI><a href="#[a8]">&gt;&gt;</a>&nbsp;&nbsp;&nbsp;LcdBinToDec
<LI><a href="#[a5]">&gt;&gt;</a>&nbsp;&nbsp;&nbsp;LcdChr
<LI><a href="#[9c]">&gt;&gt;</a>&nbsp;&nbsp;&nbsp;LcdLine
<LI><a href="#[ae]">&gt;&gt;</a>&nbsp;&nbsp;&nbsp;DateAhdTimeGet
<LI><a href="#[69]">&gt;&gt;</a>&nbsp;&nbsp;&nbsp;LcdSetCursor
<LI><a href="#[68]">&gt;&gt;</a>&nbsp;&nbsp;&nbsp;LcdOutStr
</UL>
<BR>[Called By]<UL><LI><a href="#[c9]">&gt;&gt;</a>&nbsp;&nbsp;&nbsp;Display_Header
<LI><a href="#[bc]">&gt;&gt;</a>&nbsp;&nbsp;&nbsp;Menu_Update
</UL>

<P><STRONG><a name="[c7]"></a>PrintActive</STRONG> (Thumb, 28 bytes, Stack size 8 bytes, lcdmenu.o(.text))
<BR><BR>[Stack]<UL><LI>Max Depth = 32<LI>Call Chain = PrintActive &rArr; LcdOutStr &rArr; LcdChr
</UL>
<BR>[Calls]<UL><LI><a href="#[69]">&gt;&gt;</a>&nbsp;&nbsp;&nbsp;LcdSetCursor
<LI><a href="#[68]">&gt;&gt;</a>&nbsp;&nbsp;&nbsp;LcdOutStr
</UL>
<BR>[Called By]<UL><LI><a href="#[cc]">&gt;&gt;</a>&nbsp;&nbsp;&nbsp;Display_Fire
</UL>

<P><STRONG><a name="[c8]"></a>PrintFaults</STRONG> (Thumb, 28 bytes, Stack size 8 bytes, lcdmenu.o(.text))
<BR><BR>[Stack]<UL><LI>Max Depth = 32<LI>Call Chain = PrintFaults &rArr; LcdOutStr &rArr; LcdChr
</UL>
<BR>[Calls]<UL><LI><a href="#[69]">&gt;&gt;</a>&nbsp;&nbsp;&nbsp;LcdSetCursor
<LI><a href="#[68]">&gt;&gt;</a>&nbsp;&nbsp;&nbsp;LcdOutStr
</UL>
<BR>[Called By]<UL><LI><a href="#[ce]">&gt;&gt;</a>&nbsp;&nbsp;&nbsp;Display_Faults
</UL>
<P>
<H3>
Undefined Global Symbols
</H3><HR></body></html>
